[data] train pool 512 x 256 generated
[VET] params=8372
/home/user/TryArena/arch_vet_lm.py:452: UserWarning: Converting a tensor with requires_grad=True to a scalar may lead to unexpected behavior.
Consider using tensor.detach() first. (Triggered internally at /__w/pytorch/pytorch/torch/csrc/autograd/generated/python_variable_methods.cpp:822.)
  hist.append((step, round(float(loss), 4)))
  [VET] step 250/2000 loss 1.4488 (121s)
  [VET] step 500/2000 loss 1.4642 (240s)
  [VET] step 750/2000 loss 1.4240 (359s)
  [VET] step 1000/2000 loss 1.3749 (485s)
  [VET] step 1250/2000 loss 1.3751 (617s)
  [VET] step 1500/2000 loss 1.2390 (741s)
  [VET] step 1750/2000 loss 1.2414 (863s)
  [VET] step 2000/2000 loss 1.2036 (984s)
[VET] ce={'256_train': 1.3158, '256_hard': 2.1725, '512': 1.2574, '1024': 1.2945}
[VET] acc(train)={'track': 0.9603174603174603, 'modk': 0.39166666666666666, 'dyck': 0.144, 'pair': 0.9770992366412213}
[VET] acc(eval)={'track': 0.46511627906976744, 'modk': 0.38461538461538464, 'dyck': 0.0, 'pair': 0.05660377358490566}
[MAMBA] params=9360
  [MAMBA] step 250/2000 loss 1.4023 (56s)
  [MAMBA] step 500/2000 loss 1.4002 (112s)
  [MAMBA] step 750/2000 loss 1.4200 (168s)
  [MAMBA] step 1000/2000 loss 1.3908 (226s)
  [MAMBA] step 1250/2000 loss 1.4215 (286s)
  [MAMBA] step 1500/2000 loss 1.3040 (342s)
  [MAMBA] step 1750/2000 loss 1.3264 (398s)
  [MAMBA] step 2000/2000 loss 1.2914 (454s)
[MAMBA] ce={'256_train': 1.4017, '256_hard': 2.8974, '512': 1.3295, '1024': 1.3779}
[MAMBA] acc(train)={'track': 0.11904761904761904, 'modk': 0.3333333333333333, 'dyck': 0.144, 'pair': 0.06870229007633588}
[MAMBA] acc(eval)={'track': 0.046511627906976744, 'modk': 0.4230769230769231, 'dyck': 0.0, 'pair': 0.0}
[TF] params=8144
  [TF] step 250/2000 loss 1.6875 (5s)
  [TF] step 500/2000 loss 1.5299 (10s)
  [TF] step 750/2000 loss 1.4700 (15s)
  [TF] step 1000/2000 loss 1.3985 (20s)
  [TF] step 1250/2000 loss 1.3869 (25s)
  [TF] step 1500/2000 loss 1.2364 (30s)
  [TF] step 1750/2000 loss 1.2500 (34s)
  [TF] step 2000/2000 loss 1.2427 (40s)
[TF] ce={'256_train': 1.346, '256_hard': 1.964, '512': 3.8646, '1024': 5.1443}
[TF] acc(train)={'track': 0.9920634920634921, 'modk': 0.3333333333333333, 'dyck': 0.208, 'pair': 0.030534351145038167}
[TF] acc(eval)={'track': 0.5116279069767442, 'modk': 0.38461538461538464, 'dyck': 0.018518518518518517, 'pair': 0.018867924528301886}
RESULT {"tag": "ARCH-VET-LM-1", "architectures": {"VET": {"params": 8372, "loss_curve": [[250, 1.4488], [500, 1.4642], [750, 1.424], [1000, 1.3749], [1250, 1.3751], [1500, 1.239], [1750, 1.2414], [2000, 1.2036]], "ce": {"256_train": 1.3158, "256_hard": 2.1725, "512": 1.2574, "1024": 1.2945}, "acc_train_interval": {"track": 0.9603174603174603, "modk": 0.39166666666666666, "dyck": 0.144, "pair": 0.9770992366412213}, "acc_eval_interval": {"track": 0.46511627906976744, "modk": 0.38461538461538464, "dyck": 0.0, "pair": 0.05660377358490566}}, "MAMBA": {"params": 9360, "loss_curve": [[250, 1.4023], [500, 1.4002], [750, 1.42], [1000, 1.3908], [1250, 1.4215], [1500, 1.304], [1750, 1.3264], [2000, 1.2914]], "ce": {"256_train": 1.4017, "256_hard": 2.8974, "512": 1.3295, "1024": 1.3779}, "acc_train_interval": {"track": 0.11904761904761904, "modk": 0.3333333333333333, "dyck": 0.144, "pair": 0.06870229007633588}, "acc_eval_interval": {"track": 0.046511627906976744, "modk": 0.4230769230769231, "dyck": 0.0, "pair": 0.0}}, "TF": {"params": 8144, "loss_curve": [[250, 1.6875], [500, 1.5299], [750, 1.47], [1000, 1.3985], [1250, 1.3869], [1500, 1.2364], [1750, 1.25], [2000, 1.2427]], "ce": {"256_train": 1.346, "256_hard": 1.964, "512": 3.8646, "1024": 5.1443}, "acc_train_interval": {"track": 0.9920634920634921, "modk": 0.3333333333333333, "dyck": 0.208, "pair": 0.030534351145038167}, "acc_eval_interval": {"track": 0.5116279069767442, "modk": 0.38461538461538464, "dyck": 0.018518518518518517, "pair": 0.018867924528301886}}}, "data": "4-task reasoning stream V=48 L=256: TRACK (symbol recall, gap 4-16 train / 32-64 eval), MODK (mod-3 count, n 2-12 / 13-30), DYCK (depth 2 / 3-4), PAIR (kv recall, gap 4-12 / 24-48); val = held-out long intervals; probes CE @256/512/1024 + per-task acc", "prior_art": ["Mamba-3 ICLR2026 arXiv 2603.15569 (state-tracking TC0 collapse; Merrill 2025; Grazzi 2025; Sarrof 2024; Yu+Erichson 2025; Jelassi 2024; survey 2408.01129 7.5)", "FSC line post-hoc only: arXiv 2602.08734, ETH HRNN-LM equivalence, OpenReview S1gOpsCctm (QBN/MMN)"], "phase4": {"acc_eval": {"VET": {"track": 0.46511627906976744, "modk": 0.38461538461538464, "dyck": 0.0, "pair": 0.05660377358490566}, "MAMBA": {"track": 0.046511627906976744, "modk": 0.4230769230769231, "dyck": 0.0, "pair": 0.0}, "TF": {"track": 0.5116279069767442, "modk": 0.38461538461538464, "dyck": 0.018518518518518517, "pair": 0.018867924528301886}}, "len_ratio_1024_over_256hard": {"VET": 0.596, "MAMBA": 0.476, "TF": 2.619}, "vet_wins_vs": {"track": {"mamba": true, "tf": false}, "modk": {"mamba": false, "tf": true}, "dyck": {"mamba": true, "tf": false}, "pair": {"mamba": true, "tf": true}}}, "wall_s": 1490.6, "peak_mb": 737.8}
DONE
