[P13C] random-type pool: 256 streams, 256 distinct
[P13C] S(2) first-open type set over 200 segs: [0, 1] (expect {0,1})
[STACKDCC2-big-D6] params=21817
  [STACKDCC2-big-D6] step 500/2000 loss 0.2966 (381s)
  [STACKDCC2-big-D6] step 1000/2000 loss 0.2911 (762s)
  [STACKDCC2-big-D6] step 1500/2000 loss 0.2875 (1142s)
  [STACKDCC2-big-D6] step 2000/2000 loss 0.2844 (1523s)
  [STACKDCC2-big-D6] d1 L256: close-type 0.0 (288 pos)
  [STACKDCC2-big-D6] d2 L256: close-type 1.0 (408 pos)
  [STACKDCC2-big-D6] d3 L256: close-type 0.1696 (448 pos)
  [STACKDCC2-big-D6] d4 L256: close-type 0.1125 (480 pos)
  [STACKDCC2-big-D6] d5 L256: close-type 0.1028 (496 pos)
  [STACKDCC2-big-D6] d6 L256: close-type 0.0893 (504 pos)
  [STACKDCC2-big-D6] d7 L524: close-type 0.0374 (508 pos)
  [STACKDCC2-big-D6] d8 L1036: close-type 0.0225 (1020 pos)
  [STACKDCC2-big-D6] d9 L2060: close-type 0.0088 (2044 pos)
  [STACKDCC2-big-D6] d10 L4108: close-type 0.0049 (2046 pos)
  [STACKDCC2-big-D6] d11 L8204: close-type 0.0027 (4094 pos)
  [STACKDCC2-big-D6] d12 L16396: close-type 0.0007 (8190 pos)
  [STACKDCC2-big-D6] d1 L256: exact 0.0 (288 segs)
  [STACKDCC2-big-D6] d2 L256: exact 0.1103 (136 segs)
  [STACKDCC2-big-D6] d3 L256: exact 0.0 (64 segs)
  [STACKDCC2-big-D6] d4 L256: exact 0.0 (32 segs)
  [STACKDCC2-big-D6] d5 L256: exact 0.0 (16 segs)
  [STACKDCC2-big-D6] d6 L256: exact 0.0 (8 segs)
[STACKDCC2-big-D12] params=21817
  [STACKDCC2-big-D12] step 500/2000 loss 0.2966 (382s)
  [STACKDCC2-big-D12] step 1000/2000 loss 0.2911 (764s)
  [STACKDCC2-big-D12] step 1500/2000 loss 0.2875 (1147s)
  [STACKDCC2-big-D12] step 2000/2000 loss 0.2844 (1525s)
  [STACKDCC2-big-D12] d1 L256: close-type 0.0 (288 pos)
  [STACKDCC2-big-D12] d2 L256: close-type 1.0 (408 pos)
  [STACKDCC2-big-D12] d3 L256: close-type 0.1696 (448 pos)
  [STACKDCC2-big-D12] d4 L256: close-type 0.1125 (480 pos)
  [STACKDCC2-big-D12] d5 L256: close-type 0.1028 (496 pos)
  [STACKDCC2-big-D12] d6 L256: close-type 0.0893 (504 pos)
  [STACKDCC2-big-D12] d7 L524: close-type 0.0394 (508 pos)
  [STACKDCC2-big-D12] d8 L1036: close-type 0.0225 (1020 pos)
  [STACKDCC2-big-D12] d9 L2060: close-type 0.0088 (2044 pos)
  [STACKDCC2-big-D12] d10 L4108: close-type 0.0049 (2046 pos)
  [STACKDCC2-big-D12] d11 L8204: close-type 0.0027 (4094 pos)
  [STACKDCC2-big-D12] d12 L16396: close-type 0.0007 (8190 pos)
  [STACKDCC2-big-D12] d1 L256: exact 0.0 (288 segs)
  [STACKDCC2-big-D12] d2 L256: exact 0.1103 (136 segs)
  [STACKDCC2-big-D12] d3 L256: exact 0.0 (64 segs)
  [STACKDCC2-big-D12] d4 L256: exact 0.0 (32 segs)
  [STACKDCC2-big-D12] d5 L256: exact 0.0 (16 segs)
  [STACKDCC2-big-D12] d6 L256: exact 0.0 (8 segs)
[VETDCC-big] params=21257
  [VETDCC-big] step 500/2000 loss 0.2939 (338s)
  [VETDCC-big] step 1000/2000 loss 0.2915 (675s)
  [VETDCC-big] step 1500/2000 loss 0.2900 (1010s)
  [VETDCC-big] step 2000/2000 loss 0.2840 (1347s)
  [VETDCC-big] d1 L256: close-type 0.0 (288 pos)
  [VETDCC-big] d2 L256: close-type 1.0 (408 pos)
  [VETDCC-big] d3 L256: close-type 0.4375 (448 pos)
  [VETDCC-big] d4 L256: close-type 0.1792 (480 pos)
  [VETDCC-big] d5 L256: close-type 0.1593 (496 pos)
  [VETDCC-big] d6 L256: close-type 0.1071 (504 pos)
  [VETDCC-big] d7 L524: close-type 0.0472 (508 pos)
  [VETDCC-big] d8 L1036: close-type 0.0255 (1020 pos)
  [VETDCC-big] d9 L2060: close-type 0.0108 (2044 pos)
  [VETDCC-big] d10 L4108: close-type 0.0083 (2046 pos)
  [VETDCC-big] d11 L8204: close-type 0.0037 (4094 pos)
  [VETDCC-big] d12 L16396: close-type 0.001 (8190 pos)
  [VETDCC-big] d1 L256: exact 0.0 (288 segs)
  [VETDCC-big] d2 L256: exact 0.1176 (136 segs)
  [VETDCC-big] d3 L256: exact 0.0 (64 segs)
  [VETDCC-big] d4 L256: exact 0.0 (32 segs)
  [VETDCC-big] d5 L256: exact 0.0 (16 segs)
  [VETDCC-big] d6 L256: exact 0.0 (8 segs)
[TFMicro] params=8144
  [TFMicro] step 500/2000 loss 0.3596 (9s)
  [TFMicro] step 1000/2000 loss 0.2791 (17s)
  [TFMicro] step 1500/2000 loss 0.2759 (26s)
  [TFMicro] step 2000/2000 loss 0.2744 (35s)
  [TFMicro] d1 L256: close-type 0.6424 (288 pos)
  [TFMicro] d2 L256: close-type 1.0 (408 pos)
  [TFMicro] d3 L256: close-type 0.5179 (448 pos)
  [TFMicro] d4 L256: close-type 0.3771 (480 pos)
  [TFMicro] d5 L256: close-type 0.4516 (496 pos)
  [TFMicro] d6 L256: close-type 0.373 (504 pos)
[P13C] D6 vs D12 weights identical after training: True
[P13C] capacity-purity checks: {"weights_identical_d6_d12": true, "max_abs_close_diff_d1_6": 0.0}
RESULT {"tag": "ARCH-VET-LM-P13C", "protocol": "EXACT-DEPTH RANDOM-TYPE dyck: fixed P13 shape S(d) (nesting exactly d), per-node type coins (close == its open's type: stack-essential, no position shortcut); train depth 2 random-type L=256 pool 256 seed 12345, 2000 steps seed 0, ctor under manual_seed(0); eval per-position close-type d1-12 (primary) + exact d1-6 (record; ~0 by construction); per-depth L; TFMicro eval d<=6 only", "arms": {"STACKDCC2-big-D6": {"params": 21817, "loss_curve": [[500, 0.2966], [1000, 0.2911], [1500, 0.2875], [2000, 0.2844]], "close_type_by_depth": {"close_d1": 0.0, "close_d2": 1.0, "close_d3": 0.1696, "close_d4": 0.1125, "close_d5": 0.1028, "close_d6": 0.0893, "close_d7": 0.0374, "close_d8": 0.0225, "close_d9": 0.0088, "close_d10": 0.0049, "close_d11": 0.0027, "close_d12": 0.0007}, "exact_match_d1_6": {"exact_d1": 0.0, "exact_d2": 0.1103, "exact_d3": 0.0, "exact_d4": 0.0, "exact_d5": 0.0, "exact_d6": 0.0}}, "STACKDCC2-big-D12": {"params": 21817, "loss_curve": [[500, 0.2966], [1000, 0.2911], [1500, 0.2875], [2000, 0.2844]], "close_type_by_depth": {"close_d1": 0.0, "close_d2": 1.0, "close_d3": 0.1696, "close_d4": 0.1125, "close_d5": 0.1028, "close_d6": 0.0893, "close_d7": 0.0394, "close_d8": 0.0225, "close_d9": 0.0088, "close_d10": 0.0049, "close_d11": 0.0027, "close_d12": 0.0007}, "exact_match_d1_6": {"exact_d1": 0.0, "exact_d2": 0.1103, "exact_d3": 0.0, "exact_d4": 0.0, "exact_d5": 0.0, "exact_d6": 0.0}}, "VETDCC-big": {"params": 21257, "loss_curve": [[500, 0.2939], [1000, 0.2915], [1500, 0.29], [2000, 0.284]], "close_type_by_depth": {"close_d1": 0.0, "close_d2": 1.0, "close_d3": 0.4375, "close_d4": 0.1792, "close_d5": 0.1593, "close_d6": 0.1071, "close_d7": 0.0472, "close_d8": 0.0255, "close_d9": 0.0108, "close_d10": 0.0083, "close_d11": 0.0037, "close_d12": 0.001}, "exact_match_d1_6": {"exact_d1": 0.0, "exact_d2": 0.1176, "exact_d3": 0.0, "exact_d4": 0.0, "exact_d5": 0.0, "exact_d6": 0.0}}, "TFMicro": {"params": 8144, "loss_curve": [[500, 0.3596], [1000, 0.2791], [1500, 0.2759], [2000, 0.2744]], "close_type_by_depth": {"close_d1": 0.6424, "close_d2": 1.0, "close_d3": 0.5179, "close_d4": 0.3771, "close_d5": 0.4516, "close_d6": 0.373}, "exact_match_d1_6": {}}}, "capacity_purity_checks": {"weights_identical_d6_d12": true, "max_abs_close_diff_d1_6": 0.0}, "wall_s": 4761.5}
DONE
