P6 seed 111 params 7240
step 1 loss=3.871 ce={128: 3.8712010383605957, 256: 3.866955041885376} p=7240
arch_vet_lm.py:322: UserWarning: Converting a tensor with requires_grad=True to a scalar may lead to unexpected behavior.
Consider using tensor.detach() first. (Triggered internally at /__w/pytorch/pytorch/torch/csrc/autograd/generated/python_variable_methods.cpp:822.)
  hist.append((st, float(loss), ces))
step 500 loss=0.753 ce={128: 0.7529318332672119, 256: 0.7268487811088562} p=7240
step 1000 loss=0.812 ce={128: 0.8122968673706055, 256: 0.6694886088371277} p=7240
step 1500 loss=0.676 ce={128: 0.675561249256134, 256: 0.7274245619773865} p=7240
step 2000 loss=0.643 ce={128: 0.6431862115859985, 256: 0.5713441967964172} p=7240
done 329.0s params=7240
P6 seed result {'seed': 111, 'pair_ev': 1.0, 'track_ev': 0.09375, 'ce': {128: 0.6431862115859985, 256: 0.5713441967964172}}
P6 seed 222 params 7240
step 1 loss=3.871 ce={128: 3.8712007999420166, 256: 3.866835832595825} p=7240
step 500 loss=0.770 ce={128: 0.7699480056762695, 256: 0.7376734614372253} p=7240
step 1000 loss=0.695 ce={128: 0.6945949196815491, 256: 0.7324284911155701} p=7240
step 1500 loss=0.664 ce={128: 0.6643834114074707, 256: 0.637102484703064} p=7240
step 2000 loss=0.623 ce={128: 0.6226862668991089, 256: 0.7242414951324463} p=7240
done 326.7s params=7240
P6 seed result {'seed': 222, 'pair_ev': 1.0, 'track_ev': 0.125, 'ce': {128: 0.6226862668991089, 256: 0.7242414951324463}}
P6 seed 333 params 7240
step 1 loss=3.871 ce={128: 3.871201276779175, 256: 3.8658905029296875} p=7240
step 500 loss=0.755 ce={128: 0.755119264125824, 256: 0.7437393665313721} p=7240
step 1000 loss=0.763 ce={128: 0.7632350921630859, 256: 0.6784974932670593} p=7240
step 1500 loss=0.690 ce={128: 0.6902192234992981, 256: 0.6430937051773071} p=7240
step 2000 loss=0.637 ce={128: 0.6374253034591675, 256: 0.7309828996658325} p=7240
done 306.7s params=7240
P6 seed result {'seed': 333, 'pair_ev': 1.0, 'track_ev': 0.09375, 'ce': {128: 0.6374253034591675, 256: 0.7309828996658325}}
RESULT {'tag': 'ARCH-VET-LM-P6', 'seeds': [{'seed': 111, 'pair_ev': 1.0, 'track_ev': 0.09375, 'ce': {128: 0.6431862115859985, 256: 0.5713441967964172}}, {'seed': 222, 'pair_ev': 1.0, 'track_ev': 0.125, 'ce': {128: 0.6226862668991089, 256: 0.7242414951324463}}, {'seed': 333, 'pair_ev': 1.0, 'track_ev': 0.09375, 'ce': {128: 0.6374253034591675, 256: 0.7309828996658325}}], 'basin_rate': 1.0}
