[P13D] mixed-depth pool: 256 streams, 256 distinct
[STACKDCC2-big-D6] params=21817
  [STACKDCC2-big-D6] step 500/2000 loss 0.8609 (372s)
  [STACKDCC2-big-D6] step 1000/2000 loss 0.5703 (744s)
  [STACKDCC2-big-D6] step 1500/2000 loss 0.4926 (1117s)
  [STACKDCC2-big-D6] step 2000/2000 loss 0.4807 (1497s)
  [STACKDCC2-big-D6] d1 L256: close-type 0.0 (288 pos)
  [STACKDCC2-big-D6] d2 L256: close-type 0.6691 (408 pos)
  [STACKDCC2-big-D6] d3 L256: close-type 0.8571 (448 pos)
  [STACKDCC2-big-D6] d4 L256: close-type 0.9833 (480 pos)
  [STACKDCC2-big-D6] d5 L256: close-type 0.994 (496 pos)
  [STACKDCC2-big-D6] d6 L256: close-type 0.9802 (504 pos)
  [STACKDCC2-big-D6] d7 L524: close-type 0.9587 (508 pos)
  [STACKDCC2-big-D6] d8 L1036: close-type 0.9353 (1020 pos)
  [STACKDCC2-big-D6] d9 L2060: close-type 0.93 (2044 pos)
  [STACKDCC2-big-D6] d10 L4108: close-type 0.9291 (2046 pos)
  [STACKDCC2-big-D6] d11 L8204: close-type 0.9211 (4094 pos)
  [STACKDCC2-big-D6] d12 L16396: close-type 0.92 (8190 pos)
[STACKDCC2-big-D12] params=21817
  [STACKDCC2-big-D12] step 500/2000 loss 0.8609 (370s)
  [STACKDCC2-big-D12] step 1000/2000 loss 0.5703 (741s)
  [STACKDCC2-big-D12] step 1500/2000 loss 0.4926 (1114s)
  [STACKDCC2-big-D12] step 2000/2000 loss 0.4807 (1488s)
  [STACKDCC2-big-D12] d1 L256: close-type 0.0 (288 pos)
  [STACKDCC2-big-D12] d2 L256: close-type 0.6691 (408 pos)
  [STACKDCC2-big-D12] d3 L256: close-type 0.8571 (448 pos)
  [STACKDCC2-big-D12] d4 L256: close-type 0.9833 (480 pos)
  [STACKDCC2-big-D12] d5 L256: close-type 0.994 (496 pos)
  [STACKDCC2-big-D12] d6 L256: close-type 0.9802 (504 pos)
  [STACKDCC2-big-D12] d7 L524: close-type 0.9783 (508 pos)
  [STACKDCC2-big-D12] d8 L1036: close-type 0.9657 (1020 pos)
  [STACKDCC2-big-D12] d9 L2060: close-type 0.9501 (2044 pos)
  [STACKDCC2-big-D12] d10 L4108: close-type 0.9462 (2046 pos)
  [STACKDCC2-big-D12] d11 L8204: close-type 0.9431 (4094 pos)
  [STACKDCC2-big-D12] d12 L16396: close-type 0.9432 (8190 pos)
[VETDCC-big] params=21257
  [VETDCC-big] step 500/2000 loss 0.9732 (331s)
  [VETDCC-big] step 1000/2000 loss 0.7931 (663s)
  [VETDCC-big] step 1500/2000 loss 0.7107 (995s)
  [VETDCC-big] step 2000/2000 loss 0.5868 (1325s)
  [VETDCC-big] d1 L256: close-type 0.0 (288 pos)
  [VETDCC-big] d2 L256: close-type 0.7059 (408 pos)
  [VETDCC-big] d3 L256: close-type 0.8616 (448 pos)
  [VETDCC-big] d4 L256: close-type 0.9604 (480 pos)
  [VETDCC-big] d5 L256: close-type 0.9335 (496 pos)
  [VETDCC-big] d6 L256: close-type 0.9028 (504 pos)
  [VETDCC-big] d7 L524: close-type 0.8976 (508 pos)
  [VETDCC-big] d8 L1036: close-type 0.9 (1020 pos)
  [VETDCC-big] d9 L2060: close-type 0.8938 (2044 pos)
  [VETDCC-big] d10 L4108: close-type 0.8959 (2046 pos)
  [VETDCC-big] d11 L8204: close-type 0.8977 (4094 pos)
  [VETDCC-big] d12 L16396: close-type 0.8923 (8190 pos)
[TFMicro] params=8144
  [TFMicro] step 500/2000 loss 0.7937 (9s)
  [TFMicro] step 1000/2000 loss 0.8416 (18s)
  [TFMicro] step 1500/2000 loss 0.7662 (26s)
  [TFMicro] step 2000/2000 loss 0.7100 (35s)
  [TFMicro] d1 L256: close-type 0.2257 (288 pos)
  [TFMicro] d2 L256: close-type 0.4853 (408 pos)
  [TFMicro] d3 L256: close-type 0.6585 (448 pos)
  [TFMicro] d4 L256: close-type 0.8146 (480 pos)
  [TFMicro] d5 L256: close-type 0.8448 (496 pos)
  [TFMicro] d6 L256: close-type 0.8413 (504 pos)
[P13D] D6 vs D12 weights identical after training: True
[P13D] capacity-purity checks: {"weights_identical_d6_d12": true, "max_abs_close_diff_d1_6": 0.0}
RESULT {"tag": "ARCH-VET-LM-P13D", "protocol": "DEEP-MIXED exact-shape RANDOM-TYPE dyck train depths {2..6} weighted deep (d-1), L=256 pool 256 seed 12345, 2000 steps seed 0, ctor under manual_seed(0); window (K=8) cannot fit d>=4 segments -> stack forced if learnable; eval close-type d1-12 fixed-depth streams (in-train d2-6 = same-depth mastery check, VETDCC = discriminator); TFMicro eval d<=6 only", "arms": {"STACKDCC2-big-D6": {"params": 21817, "loss_curve": [[500, 0.8609], [1000, 0.5703], [1500, 0.4926], [2000, 0.4807]], "close_type_by_depth": {"close_d1": 0.0, "close_d2": 0.6691, "close_d3": 0.8571, "close_d4": 0.9833, "close_d5": 0.994, "close_d6": 0.9802, "close_d7": 0.9587, "close_d8": 0.9353, "close_d9": 0.93, "close_d10": 0.9291, "close_d11": 0.9211, "close_d12": 0.92}}, "STACKDCC2-big-D12": {"params": 21817, "loss_curve": [[500, 0.8609], [1000, 0.5703], [1500, 0.4926], [2000, 0.4807]], "close_type_by_depth": {"close_d1": 0.0, "close_d2": 0.6691, "close_d3": 0.8571, "close_d4": 0.9833, "close_d5": 0.994, "close_d6": 0.9802, "close_d7": 0.9783, "close_d8": 0.9657, "close_d9": 0.9501, "close_d10": 0.9462, "close_d11": 0.9431, "close_d12": 0.9432}}, "VETDCC-big": {"params": 21257, "loss_curve": [[500, 0.9732], [1000, 0.7931], [1500, 0.7107], [2000, 0.5868]], "close_type_by_depth": {"close_d1": 0.0, "close_d2": 0.7059, "close_d3": 0.8616, "close_d4": 0.9604, "close_d5": 0.9335, "close_d6": 0.9028, "close_d7": 0.8976, "close_d8": 0.9, "close_d9": 0.8938, "close_d10": 0.8959, "close_d11": 0.8977, "close_d12": 0.8923}}, "TFMicro": {"params": 8144, "loss_curve": [[500, 0.7937], [1000, 0.8416], [1500, 0.7662], [2000, 0.71]], "close_type_by_depth": {"close_d1": 0.2257, "close_d2": 0.4853, "close_d3": 0.6585, "close_d4": 0.8146, "close_d5": 0.8448, "close_d6": 0.8413}}}, "capacity_purity_checks": {"weights_identical_d6_d12": true, "max_abs_close_diff_d1_6": 0.0}, "wall_s": 4631.3}
DONE
