[STACKDCC2-big-D12-vanilla seed 111] params=21817
arch_vet_lm.py:452: UserWarning: Converting a tensor with requires_grad=True to a scalar may lead to unexpected behavior.
Consider using tensor.detach() first. (Triggered internally at /__w/pytorch/pytorch/torch/csrc/autograd/generated/python_variable_methods.cpp:820.)
  hist.append((step, round(float(loss), 4)))
  [D12-van-s111] step 250/4000 loss 1.4818 (193s)
  [D12-van-s111] step 500/4000 loss 1.3803 (391s)
  [D12-van-s111] step 750/4000 loss 1.3635 (584s)
  [D12-van-s111] step 1000/4000 loss 1.3051 (777s)
  [D12-van-s111] step 1250/4000 loss 1.3103 (969s)
  [D12-van-s111] step 1500/4000 loss 1.1791 (1163s)
  [D12-van-s111] step 1750/4000 loss 1.1881 (1356s)
  [D12-van-s111] step 2000/4000 loss 1.1688 (1549s)
  [D12-van-s111] step 2250/4000 loss 1.1718 (1741s)
  [D12-van-s111] step 2500/4000 loss 1.2693 (1933s)
  [D12-van-s111] step 2750/4000 loss 1.2017 (2124s)
  [D12-van-s111] step 3000/4000 loss 1.2436 (2321s)
  [D12-van-s111] step 3250/4000 loss 1.1113 (2515s)
  [D12-van-s111] step 3500/4000 loss 1.1758 (2709s)
  [D12-van-s111] step 3750/4000 loss 1.2239 (2902s)
  [D12-van-s111] step 4000/4000 loss 1.1168 (3096s)
[D12-van s111] ce={'256_train': 1.269, '256_hard': 2.459, '512': 1.203, '1024': 1.249}
[D12-van s111] acc_eval={'track': 0.93, 'modk': 1.0, 'dyck': 0.0, 'pair': 0.509}
[D12-van s111] dyck-close: {'close_d1': 0.0, 'close_d2': 1.0, 'close_d3': 0.7835, 'close_d4': 0.5479, 'close_d5': 0.5302, 'close_d6': 0.5119, 'close_d7': 0.498, 'close_d8': 0.5049, 'close_d9': 0.501, 'close_d10': 0.5054, 'close_d11': 0.5007, 'close_d12': 0.5039}
[STACKDCC2-big-D12-vanilla seed 222] params=21817
  [D12-van-s222] step 250/4000 loss 1.4344 (189s)
  [D12-van-s222] step 500/4000 loss 1.3974 (382s)
  [D12-van-s222] step 750/4000 loss 1.3829 (573s)
  [D12-van-s222] step 1000/4000 loss 1.3510 (767s)
  [D12-van-s222] step 1250/4000 loss 1.3582 (962s)
  [D12-van-s222] step 1500/4000 loss 1.2261 (1158s)
  [D12-van-s222] step 1750/4000 loss 1.2069 (1357s)
  [D12-van-s222] step 2000/4000 loss 1.1782 (1556s)
  [D12-van-s222] step 2250/4000 loss 1.1778 (1750s)
  [D12-van-s222] step 2500/4000 loss 1.2821 (1945s)
  [D12-van-s222] step 2750/4000 loss 1.2140 (2135s)
  [D12-van-s222] step 3000/4000 loss 1.2458 (2329s)
  [D12-van-s222] step 3250/4000 loss 1.1074 (2521s)
  [D12-van-s222] step 3500/4000 loss 1.1834 (2716s)
  [D12-van-s222] step 3750/4000 loss 1.2257 (2910s)
  [D12-van-s222] step 4000/4000 loss 1.1185 (3103s)
[D12-van s222] ce={'256_train': 1.272, '256_hard': 2.225, '512': 1.209, '1024': 1.255}
[D12-van s222] acc_eval={'track': 0.674, 'modk': 1.0, 'dyck': 0.0, 'pair': 0.698}
[D12-van s222] dyck-close: {'close_d1': 0.0, 'close_d2': 1.0, 'close_d3': 0.8996, 'close_d4': 0.8917, 'close_d5': 0.8387, 'close_d6': 0.7976, 'close_d7': 0.7992, 'close_d8': 0.7902, 'close_d9': 0.7931, 'close_d10': 0.7928, 'close_d11': 0.7914, 'close_d12': 0.791}
[STACKDCC2-big-D12-vanilla seed 333] params=21817
  [D12-van-s333] step 250/4000 loss 1.4651 (198s)
  [D12-van-s333] step 500/4000 loss 1.3780 (398s)
  [D12-van-s333] step 750/4000 loss 1.3595 (596s)
  [D12-van-s333] step 1000/4000 loss 1.2768 (791s)
  [D12-van-s333] step 1250/4000 loss 1.2826 (983s)
  [D12-van-s333] step 1500/4000 loss 1.1727 (1176s)
  [D12-van-s333] step 1750/4000 loss 1.1802 (1370s)
  [D12-van-s333] step 2000/4000 loss 1.1698 (1566s)
  [D12-van-s333] step 2250/4000 loss 1.1782 (1761s)
  [D12-van-s333] step 2500/4000 loss 1.2753 (1959s)
  [D12-van-s333] step 2750/4000 loss 1.2096 (2161s)
  [D12-van-s333] step 3000/4000 loss 1.2445 (2350s)
  [D12-van-s333] step 3250/4000 loss 1.1082 (2540s)
  [D12-van-s333] step 3500/4000 loss 1.1809 (2736s)
  [D12-van-s333] step 3750/4000 loss 1.2254 (2927s)
  [D12-van-s333] step 4000/4000 loss 1.1190 (3119s)
[D12-van s333] ce={'256_train': 1.272, '256_hard': 2.503, '512': 1.205, '1024': 1.255}
[D12-van s333] acc_eval={'track': 0.419, 'modk': 1.0, 'dyck': 0.019, 'pair': 0.925}
[D12-van s333] dyck-close: {'close_d1': 0.0, 'close_d2': 1.0, 'close_d3': 0.9018, 'close_d4': 0.8479, 'close_d5': 0.7762, 'close_d6': 0.7659, 'close_d7': 0.7618, 'close_d8': 0.7559, 'close_d9': 0.7529, 'close_d10': 0.7517, 'close_d11': 0.7513, 'close_d12': 0.7508}
[STACKDCC2-big-D12-vanilla] SUMMARY {"dyck_close_d12_dist": [0.5039, 0.791, 0.7508], "modk_eval_dist": [1.0, 1.0, 1.0], "basin_modk_eq_1": 1.0, "pair_eval_dist": [0.5094, 0.6981, 0.9245], "basin_pair_ge_717": 0.3333333333333333, "len_ratio_dist": [0.508, 0.564, 0.501], "basin_ratio_le_6": 1.0}
RESULT {"tag": "ARCH-VET-LM-P19B", "protocol": "vanilla-corpus control: STACKDCC2-big D12 x seeds 111/222/333 on the VANILLA P9 4-task pool (gen_stream, dyck depth 2) at 4000 steps batch 8, pool 512 L=256 seed 12345, ctor under manual_seed; same eval as P19 (dyck rt_close_acc d1-12 + task_acc train/eval + CE sweep). References: P16 VETDCC-big vanilla pair 3/3 >=.717 ratio 3/3 <=.6; P19 mixdd pair .377/.868 ratio .798/.873 dyck d12 .956/.954 (2/3).", "arms": {"STACKDCC2-big-D12-vanilla": {"per_seed": {"111": {"ce": {"256_train": 1.2686, "256_hard": 2.4594, "512": 1.2026, "1024": 1.2489}, "acc_train_interval": {"track": 1.0, "modk": 1.0, "dyck": 0.112, "pair": 1.0}, "acc_eval_interval": {"track": 0.9302, "modk": 1.0, "dyck": 0.0, "pair": 0.5094}, "len_ratio_1024_over_256hard": 0.508, "loss_curve": [[250, 1.4818], [500, 1.3803], [750, 1.3635], [1000, 1.3051], [1250, 1.3103], [1500, 1.1791], [1750, 1.1881], [2000, 1.1688], [2250, 1.1718], [2500, 1.2693], [2750, 1.2017], [3000, 1.2436], [3250, 1.1113], [3500, 1.1758], [3750, 1.2239], [4000, 1.1168]], "dyck_close": {"close_d1": 0.0, "close_d2": 1.0, "close_d3": 0.7835, "close_d4": 0.5479, "close_d5": 0.5302, "close_d6": 0.5119, "close_d7": 0.498, "close_d8": 0.5049, "close_d9": 0.501, "close_d10": 0.5054, "close_d11": 0.5007, "close_d12": 0.5039}}, "222": {"ce": {"256_train": 1.2719, "256_hard": 2.2255, "512": 1.2093, "1024": 1.2552}, "acc_train_interval": {"track": 1.0, "modk": 1.0, "dyck": 0.184, "pair": 1.0}, "acc_eval_interval": {"track": 0.6744, "modk": 1.0, "dyck": 0.0, "pair": 0.6981}, "len_ratio_1024_over_256hard": 0.564, "loss_curve": [[250, 1.4344], [500, 1.3974], [750, 1.3829], [1000, 1.351], [1250, 1.3582], [1500, 1.2261], [1750, 1.2069], [2000, 1.1782], [2250, 1.1778], [2500, 1.2821], [2750, 1.214], [3000, 1.2458], [3250, 1.1074], [3500, 1.1834], [3750, 1.2257], [4000, 1.1185]], "dyck_close": {"close_d1": 0.0, "close_d2": 1.0, "close_d3": 0.8996, "close_d4": 0.8917, "close_d5": 0.8387, "close_d6": 0.7976, "close_d7": 0.7992, "close_d8": 0.7902, "close_d9": 0.7931, "close_d10": 0.7928, "close_d11": 0.7914, "close_d12": 0.791}}, "333": {"ce": {"256_train": 1.2725, "256_hard": 2.5034, "512": 1.2051, "1024": 1.2551}, "acc_train_interval": {"track": 1.0, "modk": 1.0, "dyck": 0.16, "pair": 1.0}, "acc_eval_interval": {"track": 0.4186, "modk": 1.0, "dyck": 0.0185, "pair": 0.9245}, "len_ratio_1024_over_256hard": 0.501, "loss_curve": [[250, 1.4651], [500, 1.378], [750, 1.3595], [1000, 1.2768], [1250, 1.2826], [1500, 1.1727], [1750, 1.1802], [2000, 1.1698], [2250, 1.1782], [2500, 1.2753], [2750, 1.2096], [3000, 1.2445], [3250, 1.1082], [3500, 1.1809], [3750, 1.2254], [4000, 1.119]], "dyck_close": {"close_d1": 0.0, "close_d2": 1.0, "close_d3": 0.9018, "close_d4": 0.8479, "close_d5": 0.7762, "close_d6": 0.7659, "close_d7": 0.7618, "close_d8": 0.7559, "close_d9": 0.7529, "close_d10": 0.7517, "close_d11": 0.7513, "close_d12": 0.7508}}}, "summary": {"dyck_close_d12_dist": [0.5039, 0.791, 0.7508], "modk_eval_dist": [1.0, 1.0, 1.0], "basin_modk_eq_1": 1.0, "pair_eval_dist": [0.5094, 0.6981, 0.9245], "basin_pair_ge_717": 0.3333333333333333, "len_ratio_dist": [0.508, 0.564, 0.501], "basin_ratio_le_6": 1.0}}}, "wall_s": 9679.1}
DONE
