[STACKDCC2-big-D12 seed 111] params=21817
  [D12-s111] step 500/2000 loss 0.8917 (382s)
  [D12-s111] step 1000/2000 loss 0.5853 (765s)
  [D12-s111] step 1500/2000 loss 0.5091 (1151s)
  [D12-s111] step 2000/2000 loss 0.4901 (1540s)
  [D12 s111] d1 L256: close-type 0.0 (288 pos)
  [D12 s111] d2 L256: close-type 0.6667 (408 pos)
  [D12 s111] d3 L256: close-type 0.9129 (448 pos)
  [D12 s111] d4 L256: close-type 0.9833 (480 pos)
  [D12 s111] d5 L256: close-type 1.0 (496 pos)
  [D12 s111] d6 L256: close-type 1.0 (504 pos)
  [D12 s111] d7 L524: close-type 0.9921 (508 pos)
  [D12 s111] d8 L1036: close-type 0.9882 (1020 pos)
  [D12 s111] d9 L2060: close-type 0.9863 (2044 pos)
  [D12 s111] d10 L4108: close-type 0.9853 (2046 pos)
  [D12 s111] d11 L8204: close-type 0.9841 (4094 pos)
  [D12 s111] d12 L16396: close-type 0.9838 (8190 pos)
[STACKDCC2-big-D12 seed 222] params=21817
  [D12-s222] step 500/2000 loss 0.8619 (385s)
  [D12-s222] step 1000/2000 loss 0.6148 (771s)
  [D12-s222] step 1500/2000 loss 0.5453 (1154s)
  [D12-s222] step 2000/2000 loss 0.5203 (1582s)
  [D12 s222] d1 L256: close-type 0.0 (288 pos)
  [D12 s222] d2 L256: close-type 0.6667 (408 pos)
  [D12 s222] d3 L256: close-type 0.8616 (448 pos)
  [D12 s222] d4 L256: close-type 0.9812 (480 pos)
  [D12 s222] d5 L256: close-type 0.9657 (496 pos)
  [D12 s222] d6 L256: close-type 0.9683 (504 pos)
  [D12 s222] d7 L524: close-type 0.9646 (508 pos)
  [D12 s222] d8 L1036: close-type 0.9539 (1020 pos)
  [D12 s222] d9 L2060: close-type 0.9535 (2044 pos)
  [D12 s222] d10 L4108: close-type 0.9506 (2046 pos)
  [D12 s222] d11 L8204: close-type 0.9487 (4094 pos)
  [D12 s222] d12 L16396: close-type 0.9496 (8190 pos)
[STACKDCC2-big-D12 seed 333] params=21817
  [D12-s333] step 500/2000 loss 0.8687 (383s)
  [D12-s333] step 1000/2000 loss 0.5836 (768s)
  [D12-s333] step 1500/2000 loss 0.5119 (1151s)
  [D12-s333] step 2000/2000 loss 0.4989 (1533s)
  [D12 s333] d1 L256: close-type 0.0 (288 pos)
  [D12 s333] d2 L256: close-type 0.6667 (408 pos)
  [D12 s333] d3 L256: close-type 0.8571 (448 pos)
  [D12 s333] d4 L256: close-type 0.9833 (480 pos)
  [D12 s333] d5 L256: close-type 0.9839 (496 pos)
  [D12 s333] d6 L256: close-type 0.9861 (504 pos)
  [D12 s333] d7 L524: close-type 0.9783 (508 pos)
  [D12 s333] d8 L1036: close-type 0.9755 (1020 pos)
  [D12 s333] d9 L2060: close-type 0.9741 (2044 pos)
  [D12 s333] d10 L4108: close-type 0.9746 (2046 pos)
  [D12 s333] d11 L8204: close-type 0.9714 (4094 pos)
  [D12 s333] d12 L16396: close-type 0.9728 (8190 pos)
[STACKDCC2-big-D12] SUMMARY {"close_d6_in_train_dist": [1.0, 0.9683, 0.9861], "close_d8_dist": [0.9882, 0.9539, 0.9755], "close_d12_dist": [0.9838, 0.9496, 0.9728], "basin_d6_ge_90": 1.0, "basin_d8_ge_85": 1.0, "basin_d12_ge_85": 1.0, "basin_d12_ge_90": 1.0, "close_d12_mean": 0.9687, "close_d12_sd": 0.0143}
RESULT {"tag": "ARCH-VET-LM-P18", "protocol": "P13D depth-mixed exact-shape random-type dyck protocol (train depths {2..6} weighted deep, L=256 pool 256 seed 12345, 2000 steps) x seeds 111/222/333, STACKDCC2-big D12, ctor under manual_seed; eval rt_close_acc d1-12; P13D seed-0 reference close d6 .980 d8 .966 d12 .943; bars d6>=.9 (in-train 3/3), d12>=.85 in >=2/3 seeds", "arms": {"STACKDCC2-big-D12": {"per_seed": {"111": {"loss_curve": [[500, 0.8917], [1000, 0.5853], [1500, 0.5091], [2000, 0.4901]], "close_type_by_depth": {"close_d1": 0.0, "close_d2": 0.6667, "close_d3": 0.9129, "close_d4": 0.9833, "close_d5": 1.0, "close_d6": 1.0, "close_d7": 0.9921, "close_d8": 0.9882, "close_d9": 0.9863, "close_d10": 0.9853, "close_d11": 0.9841, "close_d12": 0.9838}}, "222": {"loss_curve": [[500, 0.8619], [1000, 0.6148], [1500, 0.5453], [2000, 0.5203]], "close_type_by_depth": {"close_d1": 0.0, "close_d2": 0.6667, "close_d3": 0.8616, "close_d4": 0.9812, "close_d5": 0.9657, "close_d6": 0.9683, "close_d7": 0.9646, "close_d8": 0.9539, "close_d9": 0.9535, "close_d10": 0.9506, "close_d11": 0.9487, "close_d12": 0.9496}}, "333": {"loss_curve": [[500, 0.8687], [1000, 0.5836], [1500, 0.5119], [2000, 0.4989]], "close_type_by_depth": {"close_d1": 0.0, "close_d2": 0.6667, "close_d3": 0.8571, "close_d4": 0.9833, "close_d5": 0.9839, "close_d6": 0.9861, "close_d7": 0.9783, "close_d8": 0.9755, "close_d9": 0.9741, "close_d10": 0.9746, "close_d11": 0.9714, "close_d12": 0.9728}}}, "summary": {"close_d6_in_train_dist": [1.0, 0.9683, 0.9861], "close_d8_dist": [0.9882, 0.9539, 0.9755], "close_d12_dist": [0.9838, 0.9496, 0.9728], "basin_d6_ge_90": 1.0, "basin_d8_ge_85": 1.0, "basin_d12_ge_85": 1.0, "basin_d12_ge_90": 1.0, "close_d12_mean": 0.9687, "close_d12_sd": 0.0143}}}, "wall_s": 4966.3}
DONE
