[P13B] mixed-depth pool: 256 streams, 256 distinct (P13 had 1; fix verified)
[STACKDCC2-big-D6] params=21817
  [STACKDCC2-big-D6] step 500/2000 loss 0.1446 (398s)
  [STACKDCC2-big-D6] step 1000/2000 loss 0.1499 (794s)
  [STACKDCC2-big-D6] step 1500/2000 loss 0.1168 (1182s)
  [STACKDCC2-big-D6] step 2000/2000 loss 0.1452 (1568s)
  [STACKDCC2-big-D6] d1 L256: exact 0.0 (288 segs)
  [STACKDCC2-big-D6] d2 L256: exact 1.0 (136 segs)
  [STACKDCC2-big-D6] d3 L256: exact 0.875 (64 segs)
  [STACKDCC2-big-D6] d4 L256: exact 0.0 (32 segs)
  [STACKDCC2-big-D6] d5 L256: exact 0.0 (16 segs)
  [STACKDCC2-big-D6] d6 L256: exact 0.0 (8 segs)
  [STACKDCC2-big-D6] d7 L524: exact 0.0 (4 segs)
  [STACKDCC2-big-D6] d8 L1036: exact 0.0 (4 segs)
  [STACKDCC2-big-D6] d9 L2060: exact 0.0 (4 segs)
  [STACKDCC2-big-D6] d10 L4108: exact 0.0 (2 segs)
  [STACKDCC2-big-D6] d11 L8204: exact 0.0 (2 segs)
  [STACKDCC2-big-D6] d12 L16396: exact 0.0 (2 segs)
  [STACKDCC2-big-D6] d1 L256: close-type 0.0 (288 pos)
  [STACKDCC2-big-D6] d2 L256: close-type 1.0 (408 pos)
  [STACKDCC2-big-D6] d3 L256: close-type 1.0 (448 pos)
  [STACKDCC2-big-D6] d4 L256: close-type 0.5 (480 pos)
  [STACKDCC2-big-D6] d6 L256: close-type 0.5079 (504 pos)
  [STACKDCC2-big-D6] d8 L1036: close-type 0.4706 (1020 pos)
  [STACKDCC2-big-D6] d10 L4108: close-type 0.4624 (2046 pos)
  [STACKDCC2-big-D6] d12 L16396: close-type 0.4615 (8190 pos)
[STACKDCC2-big-D12] params=21817
  [STACKDCC2-big-D12] step 500/2000 loss 0.1446 (388s)
  [STACKDCC2-big-D12] step 1000/2000 loss 0.1499 (777s)
  [STACKDCC2-big-D12] step 1500/2000 loss 0.1168 (1171s)
  [STACKDCC2-big-D12] step 2000/2000 loss 0.1452 (1560s)
  [STACKDCC2-big-D12] d1 L256: exact 0.0 (288 segs)
  [STACKDCC2-big-D12] d2 L256: exact 1.0 (136 segs)
  [STACKDCC2-big-D12] d3 L256: exact 0.875 (64 segs)
  [STACKDCC2-big-D12] d4 L256: exact 0.0 (32 segs)
  [STACKDCC2-big-D12] d5 L256: exact 0.0 (16 segs)
  [STACKDCC2-big-D12] d6 L256: exact 0.0 (8 segs)
  [STACKDCC2-big-D12] d7 L524: exact 0.0 (4 segs)
  [STACKDCC2-big-D12] d8 L1036: exact 0.0 (4 segs)
  [STACKDCC2-big-D12] d9 L2060: exact 0.0 (4 segs)
  [STACKDCC2-big-D12] d10 L4108: exact 0.0 (2 segs)
  [STACKDCC2-big-D12] d11 L8204: exact 0.0 (2 segs)
  [STACKDCC2-big-D12] d12 L16396: exact 0.0 (2 segs)
  [STACKDCC2-big-D12] d1 L256: close-type 0.0 (288 pos)
  [STACKDCC2-big-D12] d2 L256: close-type 1.0 (408 pos)
  [STACKDCC2-big-D12] d3 L256: close-type 1.0 (448 pos)
  [STACKDCC2-big-D12] d4 L256: close-type 0.5 (480 pos)
  [STACKDCC2-big-D12] d6 L256: close-type 0.5079 (504 pos)
  [STACKDCC2-big-D12] d8 L1036: close-type 0.4706 (1020 pos)
  [STACKDCC2-big-D12] d10 L4108: close-type 0.4624 (2046 pos)
  [STACKDCC2-big-D12] d12 L16396: close-type 0.4618 (8190 pos)
[VETDCC-big] params=21257
  [VETDCC-big] step 500/2000 loss 0.1737 (351s)
  [VETDCC-big] step 1000/2000 loss 0.1548 (696s)
  [VETDCC-big] step 1500/2000 loss 0.1174 (1046s)
  [VETDCC-big] step 2000/2000 loss 0.1381 (1389s)
  [VETDCC-big] d1 L256: exact 0.0 (288 segs)
  [VETDCC-big] d2 L256: exact 0.9412 (136 segs)
  [VETDCC-big] d3 L256: exact 0.5 (64 segs)
  [VETDCC-big] d4 L256: exact 0.0 (32 segs)
  [VETDCC-big] d5 L256: exact 0.0 (16 segs)
  [VETDCC-big] d6 L256: exact 0.0 (8 segs)
  [VETDCC-big] d7 L524: exact 0.0 (4 segs)
  [VETDCC-big] d8 L1036: exact 0.0 (4 segs)
  [VETDCC-big] d9 L2060: exact 0.0 (4 segs)
  [VETDCC-big] d10 L4108: exact 0.0 (2 segs)
  [VETDCC-big] d11 L8204: exact 0.0 (2 segs)
  [VETDCC-big] d12 L16396: exact 0.0 (2 segs)
  [VETDCC-big] d1 L256: close-type 0.0 (288 pos)
  [VETDCC-big] d2 L256: close-type 0.9804 (408 pos)
  [VETDCC-big] d3 L256: close-type 1.0 (448 pos)
  [VETDCC-big] d4 L256: close-type 0.3833 (480 pos)
  [VETDCC-big] d6 L256: close-type 0.2857 (504 pos)
  [VETDCC-big] d8 L1036: close-type 0.2784 (1020 pos)
  [VETDCC-big] d10 L4108: close-type 0.2639 (2046 pos)
  [VETDCC-big] d12 L16396: close-type 0.2598 (8190 pos)
[TFMicro] params=8144
  [TFMicro] step 500/2000 loss 0.3785 (9s)
  [TFMicro] step 1000/2000 loss 0.2306 (18s)
  [TFMicro] step 1500/2000 loss 0.1304 (26s)
  [TFMicro] step 2000/2000 loss 0.1573 (35s)
  [TFMicro] d1 L256: exact 0.3611 (288 segs)
  [TFMicro] d2 L256: exact 0.7059 (136 segs)
  [TFMicro] d3 L256: exact 0.5 (64 segs)
  [TFMicro] d4 L256: exact 0.0 (32 segs)
  [TFMicro] d5 L256: exact 0.0 (16 segs)
  [TFMicro] d6 L256: exact 0.0 (8 segs)
  [TFMicro] d1 L256: close-type 0.3611 (288 pos)
  [TFMicro] d2 L256: close-type 0.9608 (408 pos)
  [TFMicro] d3 L256: close-type 1.0 (448 pos)
  [TFMicro] d4 L256: close-type 0.85 (480 pos)
  [TFMicro] d6 L256: close-type 0.6984 (504 pos)
[P13B] D6 vs D12 weights identical after training: True
[P13B] capacity-purity checks: {"weights_identical_d6_d12": true, "max_abs_exact_diff_d1_6": 0.0, "max_abs_close_diff_d1_6": 0.0}
RESULT {"tag": "ARCH-VET-LM-P13B", "protocol": "DETERMINISTIC dyck, DEPTH-MIXED train d in {1,2,3} per segment (P13 single-string degeneracy fix: 256 DISTINCT streams), L=256 pool 256 seed 12345, 2000 steps seed 0, arms constructed UNDER manual_seed(0) (P13 init confound fix: D6/D12 bit-identical weights, capacity is a pure runtime buffer); eval whole-segment exact d1-12 + close-type d1/2/3/4/6/8/10/12; per-depth L (256 if |S(d)|<=252 else |S(d)|+16); TFMicro eval d<=6 only", "arms": {"STACKDCC2-big-D6": {"params": 21817, "loss_curve": [[500, 0.1446], [1000, 0.1499], [1500, 0.1168], [2000, 0.1452]], "exact_match_frontier": {"exact_d1": 0.0, "exact_d2": 1.0, "exact_d3": 0.875, "exact_d4": 0.0, "exact_d5": 0.0, "exact_d6": 0.0, "exact_d7": 0.0, "exact_d8": 0.0, "exact_d9": 0.0, "exact_d10": 0.0, "exact_d11": 0.0, "exact_d12": 0.0}, "close_type_by_depth": {"close_d1": 0.0, "close_d2": 1.0, "close_d3": 1.0, "close_d4": 0.5, "close_d6": 0.5079, "close_d8": 0.4706, "close_d10": 0.4624, "close_d12": 0.4615}}, "STACKDCC2-big-D12": {"params": 21817, "loss_curve": [[500, 0.1446], [1000, 0.1499], [1500, 0.1168], [2000, 0.1452]], "exact_match_frontier": {"exact_d1": 0.0, "exact_d2": 1.0, "exact_d3": 0.875, "exact_d4": 0.0, "exact_d5": 0.0, "exact_d6": 0.0, "exact_d7": 0.0, "exact_d8": 0.0, "exact_d9": 0.0, "exact_d10": 0.0, "exact_d11": 0.0, "exact_d12": 0.0}, "close_type_by_depth": {"close_d1": 0.0, "close_d2": 1.0, "close_d3": 1.0, "close_d4": 0.5, "close_d6": 0.5079, "close_d8": 0.4706, "close_d10": 0.4624, "close_d12": 0.4618}}, "VETDCC-big": {"params": 21257, "loss_curve": [[500, 0.1737], [1000, 0.1548], [1500, 0.1174], [2000, 0.1381]], "exact_match_frontier": {"exact_d1": 0.0, "exact_d2": 0.9412, "exact_d3": 0.5, "exact_d4": 0.0, "exact_d5": 0.0, "exact_d6": 0.0, "exact_d7": 0.0, "exact_d8": 0.0, "exact_d9": 0.0, "exact_d10": 0.0, "exact_d11": 0.0, "exact_d12": 0.0}, "close_type_by_depth": {"close_d1": 0.0, "close_d2": 0.9804, "close_d3": 1.0, "close_d4": 0.3833, "close_d6": 0.2857, "close_d8": 0.2784, "close_d10": 0.2639, "close_d12": 0.2598}}, "TFMicro": {"params": 8144, "loss_curve": [[500, 0.3785], [1000, 0.2306], [1500, 0.1304], [2000, 0.1573]], "exact_match_frontier": {"exact_d1": 0.3611, "exact_d2": 0.7059, "exact_d3": 0.5, "exact_d4": 0.0, "exact_d5": 0.0, "exact_d6": 0.0}, "close_type_by_depth": {"close_d1": 0.3611, "close_d2": 0.9608, "close_d3": 1.0, "close_d4": 0.85, "close_d6": 0.6984}}}, "capacity_purity_checks": {"weights_identical_d6_d12": true, "max_abs_exact_diff_d1_6": 0.0, "max_abs_close_diff_d1_6": 0.0}, "wall_s": 5040.1}
DONE
