[P13] deterministic S(2) len=12 (+3 T_TASK) in L=256 pool
[STACKDCC2-big-D6] params=21817
  [STACKDCC2-big-D6] step 500/2000 loss 0.0175 (392s)
  [STACKDCC2-big-D6] step 1000/2000 loss 0.0135 (783s)
  [STACKDCC2-big-D6] step 1500/2000 loss 0.0123 (1171s)
  [STACKDCC2-big-D6] step 2000/2000 loss 0.0110 (1557s)
  [STACKDCC2-big-D6] d3 L256: exact 0.0 (64 segs)
  [STACKDCC2-big-D6] d4 L256: exact 0.0 (32 segs)
  [STACKDCC2-big-D6] d5 L256: exact 0.0 (16 segs)
  [STACKDCC2-big-D6] d6 L256: exact 0.0 (8 segs)
  [STACKDCC2-big-D6] d7 L524: exact 0.0 (4 segs)
  [STACKDCC2-big-D6] d8 L1036: exact 0.0 (4 segs)
  [STACKDCC2-big-D6] d9 L2060: exact 0.0 (4 segs)
  [STACKDCC2-big-D6] d10 L4108: exact 0.0 (2 segs)
  [STACKDCC2-big-D6] d11 L8204: exact 0.0 (2 segs)
  [STACKDCC2-big-D6] d12 L16396: exact 0.0 (2 segs)
  [STACKDCC2-big-D6] d3 L256: close-type 0.4821 (448 pos)
  [STACKDCC2-big-D6] d4 L256: close-type 0.2 (480 pos)
  [STACKDCC2-big-D6] d6 L256: close-type 0.0952 (504 pos)
  [STACKDCC2-big-D6] d8 L1036: close-type 0.0157 (1020 pos)
  [STACKDCC2-big-D6] d10 L4108: close-type 0.0039 (2046 pos)
  [STACKDCC2-big-D6] d12 L16396: close-type 0.001 (8190 pos)
[STACKDCC2-big-D12] params=21817
  [STACKDCC2-big-D12] step 500/2000 loss 0.0141 (385s)
  [STACKDCC2-big-D12] step 1000/2000 loss 0.0088 (771s)
  [STACKDCC2-big-D12] step 1500/2000 loss 0.0271 (1167s)
  [STACKDCC2-big-D12] step 2000/2000 loss 0.0038 (1562s)
  [STACKDCC2-big-D12] d3 L256: exact 0.0 (64 segs)
  [STACKDCC2-big-D12] d4 L256: exact 0.0 (32 segs)
  [STACKDCC2-big-D12] d5 L256: exact 0.0 (16 segs)
  [STACKDCC2-big-D12] d6 L256: exact 0.0 (8 segs)
  [STACKDCC2-big-D12] d7 L524: exact 0.0 (4 segs)
  [STACKDCC2-big-D12] d8 L1036: exact 0.0 (4 segs)
  [STACKDCC2-big-D12] d9 L2060: exact 0.0 (4 segs)
  [STACKDCC2-big-D12] d10 L4108: exact 0.0 (2 segs)
  [STACKDCC2-big-D12] d11 L8204: exact 0.0 (2 segs)
  [STACKDCC2-big-D12] d12 L16396: exact 0.0 (2 segs)
  [STACKDCC2-big-D12] d3 L256: close-type 0.8393 (448 pos)
  [STACKDCC2-big-D12] d4 L256: close-type 0.75 (480 pos)
  [STACKDCC2-big-D12] d6 L256: close-type 0.7302 (504 pos)
  [STACKDCC2-big-D12] d8 L1036: close-type 0.6745 (1020 pos)
  [STACKDCC2-big-D12] d10 L4108: close-type 0.6725 (2046 pos)
  [STACKDCC2-big-D12] d12 L16396: close-type 0.6711 (8190 pos)
[VETDCC-big] params=21257
  [VETDCC-big] step 500/2000 loss 0.0121 (342s)
  [VETDCC-big] step 1000/2000 loss 0.0326 (685s)
  [VETDCC-big] step 1500/2000 loss 0.0073 (1029s)
  [VETDCC-big] step 2000/2000 loss 0.0049 (1372s)
  [VETDCC-big] d3 L256: exact 0.0 (64 segs)
  [VETDCC-big] d4 L256: exact 0.0 (32 segs)
  [VETDCC-big] d5 L256: exact 0.0 (16 segs)
  [VETDCC-big] d6 L256: exact 0.0 (8 segs)
  [VETDCC-big] d7 L524: exact 0.0 (4 segs)
  [VETDCC-big] d8 L1036: exact 0.0 (4 segs)
  [VETDCC-big] d9 L2060: exact 0.0 (4 segs)
  [VETDCC-big] d10 L4108: exact 0.0 (2 segs)
  [VETDCC-big] d11 L8204: exact 0.0 (2 segs)
  [VETDCC-big] d12 L16396: exact 0.0 (2 segs)
  [VETDCC-big] d3 L256: close-type 0.8571 (448 pos)
  [VETDCC-big] d4 L256: close-type 0.6667 (480 pos)
  [VETDCC-big] d6 L256: close-type 0.5079 (504 pos)
  [VETDCC-big] d8 L1036: close-type 0.4863 (1020 pos)
  [VETDCC-big] d10 L4108: close-type 0.4858 (2046 pos)
  [VETDCC-big] d12 L16396: close-type 0.4862 (8190 pos)
[TFMicro] params=8144
  [TFMicro] step 500/2000 loss 0.0001 (9s)
  [TFMicro] step 1000/2000 loss 0.0000 (18s)
  [TFMicro] step 1500/2000 loss 0.0000 (27s)
  [TFMicro] step 2000/2000 loss 0.0000 (35s)
  [TFMicro] d3 L256: exact 0.0 (64 segs)
  [TFMicro] d4 L256: exact 0.0 (32 segs)
  [TFMicro] d5 L256: exact 0.0 (16 segs)
  [TFMicro] d6 L256: exact 0.0 (8 segs)
  [TFMicro] d3 L256: close-type 0.5536 (448 pos)
  [TFMicro] d4 L256: close-type 0.5 (480 pos)
  [TFMicro] d6 L256: close-type 0.6032 (504 pos)
RESULT {"tag": "ARCH-VET-LM-P13", "protocol": "DETERMINISTIC dyck grammar emit(d) = [a]emit(d-1)[c_a][b]emit(d-1)[c_b]; train depth 2, L=256 pool 256 seed 12345, 2000 steps seed 0 (P11 budget); eval whole-segment exact-match d3-12 + per-position close-type d3-12; per-depth L=256 for d<=6 (in train length), L=|S(d)|+16 for d>=7 (VET length-invariant); TFMicro eval limited to d<=6 (sin-PE extrapolation confound, P1); capacity is a buffer size, D6==D12 params", "arms": {"STACKDCC2-big-D6": {"params": 21817, "loss_curve": [[500, 0.0175], [1000, 0.0135], [1500, 0.0123], [2000, 0.011]], "exact_match_frontier": {"exact_d3": 0.0, "exact_d4": 0.0, "exact_d5": 0.0, "exact_d6": 0.0, "exact_d7": 0.0, "exact_d8": 0.0, "exact_d9": 0.0, "exact_d10": 0.0, "exact_d11": 0.0, "exact_d12": 0.0}, "close_type_by_depth": {"close_d3": 0.4821, "close_d4": 0.2, "close_d6": 0.0952, "close_d8": 0.0157, "close_d10": 0.0039, "close_d12": 0.001}}, "STACKDCC2-big-D12": {"params": 21817, "loss_curve": [[500, 0.0141], [1000, 0.0088], [1500, 0.0271], [2000, 0.0038]], "exact_match_frontier": {"exact_d3": 0.0, "exact_d4": 0.0, "exact_d5": 0.0, "exact_d6": 0.0, "exact_d7": 0.0, "exact_d8": 0.0, "exact_d9": 0.0, "exact_d10": 0.0, "exact_d11": 0.0, "exact_d12": 0.0}, "close_type_by_depth": {"close_d3": 0.8393, "close_d4": 0.75, "close_d6": 0.7302, "close_d8": 0.6745, "close_d10": 0.6725, "close_d12": 0.6711}}, "VETDCC-big": {"params": 21257, "loss_curve": [[500, 0.0121], [1000, 0.0326], [1500, 0.0073], [2000, 0.0049]], "exact_match_frontier": {"exact_d3": 0.0, "exact_d4": 0.0, "exact_d5": 0.0, "exact_d6": 0.0, "exact_d7": 0.0, "exact_d8": 0.0, "exact_d9": 0.0, "exact_d10": 0.0, "exact_d11": 0.0, "exact_d12": 0.0}, "close_type_by_depth": {"close_d3": 0.8571, "close_d4": 0.6667, "close_d6": 0.5079, "close_d8": 0.4863, "close_d10": 0.4858, "close_d12": 0.4862}}, "TFMicro": {"params": 8144, "loss_curve": [[500, 0.0001], [1000, 0.0], [1500, 0.0], [2000, 0.0]], "exact_match_frontier": {"exact_d3": 0.0, "exact_d4": 0.0, "exact_d5": 0.0, "exact_d6": 0.0}, "close_type_by_depth": {"close_d3": 0.5536, "close_d4": 0.5, "close_d6": 0.6032}}}, "wall_s": 4982.6}
DONE
