P7 VETbase p=7240
step 1 loss=3.871 ce={96: 3.8712010383605957, 192: 3.862536907196045} p=7240
step 500 loss=0.276 ce={96: 0.275985449552536, 192: 0.3861806392669678} p=7240
step 1000 loss=0.229 ce={96: 0.2291032373905182, 192: 0.19970150291919708} p=7240
step 1500 loss=0.254 ce={96: 0.25397488474845886, 192: 0.23071476817131042} p=7240
done 172.6s params=7240
P7 VETbase {'params': 7240, 'acc': 0.55, 'ce': {96: 0.25397488474845886, 192: 0.23071476817131042}}
P7 VETbig p=15851
step 1 loss=3.871 ce={96: 3.8712010383605957, 192: 3.861992120742798} p=15851
step 500 loss=0.268 ce={96: 0.2684173583984375, 192: 0.3747848868370056} p=15851
step 1000 loss=0.231 ce={96: 0.23051849007606506, 192: 0.19984398782253265} p=15851
step 1500 loss=0.275 ce={96: 0.27478083968162537, 192: 0.2282542884349823} p=15851
done 165.4s params=15851
P7 VETbig {'params': 15851, 'acc': 0.55, 'ce': {96: 0.27478083968162537, 192: 0.2282542884349823}}
P7 MAMBA p=14896
step 1 loss=3.788 ce={96: 3.7876176834106445, 192: 3.7325167655944824} p=14896
step 500 loss=0.212 ce={96: 0.21194255352020264, 192: 0.29472020268440247} p=14896
step 1000 loss=0.218 ce={96: 0.2176111787557602, 192: 0.14961613714694977} p=14896
step 1500 loss=0.193 ce={96: 0.19323314726352692, 192: 0.17716985940933228} p=14896
done 86.8s params=14896
P7 MAMBA {'params': 14896, 'acc': 0.875, 'ce': {96: 0.19323314726352692, 192: 0.17716985940933228}}
RESULT {'tag': 'ARCH-VET-LM-P7', 'VETbase': {'params': 7240, 'acc': 0.55, 'ce': {96: 0.25397488474845886, 192: 0.23071476817131042}}, 'VETbig': {'params': 15851, 'acc': 0.55, 'ce': {96: 0.27478083968162537, 192: 0.2282542884349823}}, 'MAMBA': {'params': 14896, 'acc': 0.875, 'ce': {96: 0.19323314726352692, 192: 0.17716985940933228}}}
