[setup] unified-add (machine v4) cfg={'steps': 12000, 'batch': 32, 'train_len': 63, 'ckpts': [3000, 9000], 'd_model': 16, 'KSTACK': 4096} VOCAB=75
[setup] unified-iso cfg={'steps': 20000, 'batch': 32, 'n_echo': 8, 'n_icl': 16, 'n_mod7': 8, 'train_len': 63, 'ckpt_step': 10000, 'd_model': 16, 'KSTACK': 4096}
[setup] unified cfg={'steps': 2500, 'batch': 32, 'n_echo': 12, 'n_icl': 10, 'n_mod7': 10, 'train_len': 63, 'eval_lens': [4096], 'eval_reps': 2, 'd_model': 16, 'KSTACK': 4096, 'p_rise': 0.9, 'p_fall': 0.02} VOCAB=45
[setup] dyck-echo cfg={'steps': 2500, 'batch': 32, 'train_len': 64, 'eval_lens': [64, 512, 2048, 4096], 'eval_reps': 2, 'd_model': 16, 'K': 4096, 'p_rise': 0.9, 'p_fall': 0.02}
[setup] linattn_host cfg={'steps': 2500, 'batch': 32, 'train_len': 64, 'eval_lens': [64, 512, 2048, 4096], 'eval_reps': 2, 'd_model': 64, 'n_layers': 2, 'k': 12, 'd_slot': 16}
[setup] sram-icl cfg={'steps': 2500, 'batch': 32, 'train_len': 64, 'eval_lens': [64, 512, 2048, 4096], 'eval_reps': 2, 'd_model': 16}
[setup] dialog-chat (machine v8, chatbot) cfg={'steps': 12000, 'batch': 32, 'train_len': 63, 'ckpts': [3000, 6000, 9000, 12000], 'd_model': 16} VOCAB=36
[arm] machine v8 (chatbot) params=20518
[c22r4] preamble loaded, SSM decay clamped <= 0.9 (0s)
[setup] unified cfg={'steps': 2500, 'batch': 32, 'n_echo': 12, 'n_icl': 10, 'n_mod7': 10, 'train_len': 63, 'eval_lens': [4096], 'eval_reps': 2, 'd_model': 16, 'KSTACK': 4096, 'p_rise': 0.9, 'p_fall': 0.02} VOCAB=45
[setup] dyck-echo cfg={'steps': 2500, 'batch': 32, 'train_len': 64, 'eval_lens': [64, 512, 2048, 4096], 'eval_reps': 2, 'd_model': 16, 'K': 4096, 'p_rise': 0.9, 'p_fall': 0.02}
[setup] linattn_host cfg={'steps': 2500, 'batch': 32, 'train_len': 64, 'eval_lens': [64, 512, 2048, 4096], 'eval_reps': 2, 'd_model': 64, 'n_layers': 2, 'k': 12, 'd_slot': 16}
[setup] sram-icl cfg={'steps': 2500, 'batch': 32, 'train_len': 64, 'eval_lens': [64, 512, 2048, 4096], 'eval_reps': 2, 'd_model': 16}
[setup] c22r4 preamble + tokenizer VOC=768 TOKS=542719 train=488447 (1s)
[c22b] FusionBot defined (1s)
[smoke] bit-exact checks ...
[build] params total=68738 trainable=48274 frozen=20464
[smoke] dialog maxdiff=0.00e+00 text maxdiff=0.00e+00 dialog-init-route-ok text-init-argmax=[2, 0, 2, 1]
[smoke] PASSED (both surfaces bit-exact at init)
/home/user/TryArena/c22b_fusion.py:329: UserWarning: Converting a tensor with requires_grad=True to a scalar may lead to unexpected behavior.
Consider using tensor.detach() first. (Triggered internally at /__w/pytorch/pytorch/torch/csrc/autograd/generated/python_variable_methods.cpp:822.)
  print(f"  [ft] step {step}/{STEPS} lm {float(lm):.4f} "
  [ft] step 200/2000 lm 2.1496 route_t 0.31 route_d 1.00 b3 -4.68 (21s)
  [ft] step 400/2000 lm 2.0911 route_t 0.66 route_d 1.00 b3 -4.49 (43s)
  [ft] step 600/2000 lm 2.1183 route_t 0.72 route_d 1.00 b3 -4.30 (65s)
  [ft] step 800/2000 lm 2.0893 route_t 0.62 route_d 1.00 b3 -4.11 (87s)
  [ft] step 1000/2000 lm 2.2662 route_t 0.69 route_d 1.00 b3 -3.93 (109s)
  [ft] step 1200/2000 lm 2.3200 route_t 0.72 route_d 1.00 b3 -3.75 (131s)
  [ft] step 1400/2000 lm 2.0245 route_t 0.88 route_d 1.00 b3 -3.57 (154s)
  [ft] step 1600/2000 lm 2.1928 route_t 0.78 route_d 1.00 b3 -3.39 (175s)
  [ft] step 1800/2000 lm 2.0726 route_t 0.91 route_d 1.00 b3 -3.22 (198s)
  [ft] step 2000/2000 lm 2.0787 route_t 0.84 route_d 1.00 b3 -3.04 (220s)
[stage1] done in 220s
[eval-D] {'state4096': -0.0651, 'state16384': -0.0704, 'mathplus4096': -0.0004, 'mathminus4096': 0.0002, 'chat4096': 0.0001, 'overwrite4096': 0.0389, 'routing3way': 1.0}
[dialogue]
  U: my name is dave       | A: A ok
  U: my code is 4 2        | A: A ok
  U: ok                    | A: A ok
  U: what is my name       | A: A dave
  U: tell me the and it    | A: A it
  U: what is 7 plus 5      | A: A 1 2
  U: my now name is bob    | A: A ok
  U: fine                  | A: A fine
  U: what is 3 minus 7     | A: A 6
  U: what is my code       | A: A 4 2
[eval] routing4way 32/32
[eval] fused ce {256: 4.3155, 1024: 2.1938, 4096: 4.1409, 16384: 4.299}  standalone ce {256: 4.3199, 1024: 2.2153, 4096: 4.2063, 16384: 4.3547}
[gen prose] It is a truth universally acknowledged, that a single man in possession of a good fortune multier incaly sequdiled as 0.007 counk.py = f"{(t2, len(ifatime.time()00004"] = {c2); ll_ll = tf = torch.zeros_li(b, OpPOS + 6, 1024, 4096) print("RESULT: print(f"[s{seed} {step}@4096:<796.4096": n_params(min(ard(model, seed)) SSMATF[tok, "cmp(r").write(json.dumps(rm_ar
[gen code ] def add(a, b): return x = 5 # --------------------------------------------------------- comp-recumen(SRAM(0.0112 # routing, computo shote the over the clity; wan cow ur linear to all (n=2, 6 gt = 2 < K0 -0.00100 lont-
[bars] {'F1a_D1_state_le_0.01': True, 'F1b_D2_overwrite_le_0.05': True, 'F1c_D3_16k_le_4k+0.05': True, 'F1d_D4_mathplus_le_0.02': True, 'F1e_D4_mathminus_le_0.05': True, 'F1f_D5_chat_le_0.02': True, 'F1g_D6_3way_routing_1.0': True, 'F1h_D7_dialogue_exact': True, 'F2_4way_routing_1.0': True, 'F3_ce256_carry': True, 'F4_length_invariance_1.3x': True, 'F5_generation_logged': True, 'F6_single_model': True}
RESULT {"tag": "ARC2-C22B-FUSION", "design": ["dialog side = C22-R champion v9c FROZEN (D1-D7 invariant by construction, re-measured)", "text side = d32 LM engine as-is, trainable, STOCK SSM forward (a_max 0.923 as trained)", "surface router = frozen 16-dim front + frozen rows 0-2 + learned row 3 (b3 init -5) over surface fronts"], "smoke": {"dialog_maxdiff": 0.0, "text_maxdiff": 0.0}, "fused": {"state4096": -0.0651, "state16384": -0.0704, "mathplus4096": -0.0004, "mathminus4096": 0.0002, "chat4096": 0.0001, "overwrite4096": 0.0389, "routing3way": 1.0, "routing4way": "32/32", "routing4way_acc": 1.0, "text_ce_fused": {"256": 4.3155, "1024": 2.1938, "4096": 4.1409, "16384": 4.299}, "text_ce_standalone": {"256": 4.3199, "1024": 2.2153, "4096": 4.2063, "16384": 4.3547}, "ppl256_fused": 74.85, "gen_prose": "It is a truth universally acknowledged, that a single man in possession of a good fortune multier incaly sequdiled as 0.007 counk.py = f\"{(t2, len(ifatime.time()00004\"] = {c2); ll_ll = tf = torch.zeros_li(b, OpPOS + 6, 1024, 4096) print(\"RESULT: print(f\"[s{seed} {step}@4096:<796.4096\": n_params(min(ard(model, seed)) SSMATF[tok, \"cmp(r\").write(json.dumps(rm_ar", "gen_code": "def add(a, b): return x = 5 # --------------------------------------------------------- comp-recumen(SRAM(0.0112 # routing, computo shote the over the clity; wan cow ur linear to all (n=2, 6 gt = 2 < K0 -0.00100 lont-"}, "bars": {"F1a_D1_state_le_0.01": true, "F1b_D2_overwrite_le_0.05": true, "F1c_D3_16k_le_4k+0.05": true, "F1d_D4_mathplus_le_0.02": true, "F1e_D4_mathminus_le_0.05": true, "F1f_D5_chat_le_0.02": true, "F1g_D6_3way_routing_1.0": true, "F1h_D7_dialogue_exact": true, "F2_4way_routing_1.0": true, "F3_ce256_carry": true, "F4_length_invariance_1.3x": true, "F5_generation_logged": true, "F6_single_model": true}, "params": {"total": 68738, "trainable_stage1": 48274}, "boundary": "bar-4.0 fluency NOT claimed (L-DATA-CEILING, C21b): the claim is a length-invariant fluency engine inside one coherent model", "wall_s": 233.7, "peak_mb": 955.8}
DONE
