[setup] unified-add (machine v4) cfg={'steps': 12000, 'batch': 32, 'train_len': 63, 'ckpts': [3000, 9000], 'd_model': 16, 'KSTACK': 4096} VOCAB=75
[setup] unified-iso cfg={'steps': 20000, 'batch': 32, 'n_echo': 8, 'n_icl': 16, 'n_mod7': 8, 'train_len': 63, 'ckpt_step': 10000, 'd_model': 16, 'KSTACK': 4096}
[setup] unified cfg={'steps': 2500, 'batch': 32, 'n_echo': 12, 'n_icl': 10, 'n_mod7': 10, 'train_len': 63, 'eval_lens': [4096], 'eval_reps': 2, 'd_model': 16, 'KSTACK': 4096, 'p_rise': 0.9, 'p_fall': 0.02} VOCAB=45
[setup] dyck-echo cfg={'steps': 2500, 'batch': 32, 'train_len': 64, 'eval_lens': [64, 512, 2048, 4096], 'eval_reps': 2, 'd_model': 16, 'K': 4096, 'p_rise': 0.9, 'p_fall': 0.02}
[setup] linattn_host cfg={'steps': 2500, 'batch': 32, 'train_len': 64, 'eval_lens': [64, 512, 2048, 4096], 'eval_reps': 2, 'd_model': 64, 'n_layers': 2, 'k': 12, 'd_slot': 16}
[setup] sram-icl cfg={'steps': 2500, 'batch': 32, 'train_len': 64, 'eval_lens': [64, 512, 2048, 4096], 'eval_reps': 2, 'd_model': 16}
[setup] dialog-chat (machine v8, chatbot) cfg={'steps': 12000, 'batch': 32, 'train_len': 63, 'ckpts': [3000, 6000, 9000, 12000], 'd_model': 16} VOCAB=36
[arm] machine v8 (chatbot) params=20518
[c22r3] preamble loaded (0s)
[smoke-v9b] forward host0 = host + state organ + math organ OK
[smoke-v9b] PASSED
/home/user/TryArena/c22r3.py:227: UserWarning: Converting a tensor with requires_grad=True to a scalar may lead to unexpected behavior.
Consider using tensor.detach() first. (Triggered internally at /__w/pytorch/pytorch/torch/csrc/autograd/generated/python_variable_methods.cpp:822.)
  f"gates {[round(float(v), 2) for v in torch.exp(m.head_gate)]} "
  [v9b] step 2000/16000 lm 0.5156 rt 0.0000 gates [2.11, 1.66, 1.84] st_m_abs 634.4 (162s)
  [v9b] step 4000/16000 lm 0.5132 rt 0.0000 gates [2.01, 1.68, 1.89] st_m_abs 719.7 (321s)
  [v9b] step 6000/16000 lm 0.5063 rt 0.0000 gates [1.99, 1.68, 1.95] st_m_abs 867.2 (479s)
  [v9b] step 8000/16000 lm 0.5195 rt 0.0000 gates [1.88, 1.56, 1.95] st_m_abs 1107.8 (637s)
  [v9b] step 10000/16000 lm 0.5171 rt 0.0000 gates [1.9, 1.53, 1.83] st_m_abs 1469.0 (794s)
  [v9b] step 12000/16000 lm 0.5066 rt 0.0000 gates [1.87, 1.38, 1.69] st_m_abs 1795.5 (954s)
  [v9b] step 14000/16000 lm 0.4948 rt 0.0000 gates [1.83, 1.34, 1.46] st_m_abs 2089.5 (1117s)
  [v9b] step 16000/16000 lm 0.4917 rt 0.0000 gates [1.83, 1.22, 1.38] st_m_abs 2340.0 (1280s)
[v9b] trained in 1280s
[eval-v9b] {'state4096': 3.2517, 'state16384': 3.3109, 'mathplus4096': -0.0025, 'mathminus4096': 0.0035, 'chat4096': -0.0001, 'overwrite4096': 1.3212, 'routing': 1.0, 'head_gates': [1.834, 1.216, 1.377], 'st_m_abs': 2340.0}
[dialogue]
  U: my name is dave       | A: A ok
  U: my code is 4 2        | A: A ok
  U: ok                    | A: A ok
  U: what is my name       | A: A dave
  U: tell me the and it    | A: A it
  U: what is 7 plus 5      | A: A 1 2
  U: my now name is bob    | A: A ok
  U: fine                  | A: A fine
  U: what is 3 minus 7     | A: A 6
  U: what is my code       | A: A 4 2
[bars] {'D1_state_le_0.01': False, 'D2_overwrite_le_0.05': False, 'D3_16k_le_4k+0.05': False, 'D4_mathplus_le_0.02': True, 'D4_mathminus_le_0.05': True, 'D5_chat_le_0.02': True, 'D6_routing_1.0': True, 'D7_dialogue_exact': True}
RESULT {"tag": "ARC2-C22R3-REPAIR", "changes": ["organ wd=0", "math turns in state family (MIX +18/118)", "host0 branch gets math organ too", "16k steps"], "v9b": {"state4096": 3.2517, "state16384": 3.3109, "mathplus4096": -0.0025, "mathminus4096": 0.0035, "chat4096": -0.0001, "overwrite4096": 1.3212, "routing": 1.0, "head_gates": [1.834, 1.216, 1.377], "st_m_abs": 2340.0}, "bars": {"D1_state_le_0.01": false, "D2_overwrite_le_0.05": false, "D3_16k_le_4k+0.05": false, "D4_mathplus_le_0.02": true, "D4_mathminus_le_0.05": true, "D5_chat_le_0.02": true, "D6_routing_1.0": true, "D7_dialogue_exact": true}, "D7_detail": true, "wall_s": 1287.1}
DONE
