[setup] unified-add (machine v4) cfg={'steps': 12000, 'batch': 32, 'train_len': 63, 'ckpts': [3000, 9000], 'd_model': 16, 'KSTACK': 4096} VOCAB=75
[setup] unified-iso cfg={'steps': 20000, 'batch': 32, 'n_echo': 8, 'n_icl': 16, 'n_mod7': 8, 'train_len': 63, 'ckpt_step': 10000, 'd_model': 16, 'KSTACK': 4096}
[setup] unified cfg={'steps': 2500, 'batch': 32, 'n_echo': 12, 'n_icl': 10, 'n_mod7': 10, 'train_len': 63, 'eval_lens': [4096], 'eval_reps': 2, 'd_model': 16, 'KSTACK': 4096, 'p_rise': 0.9, 'p_fall': 0.02} VOCAB=45
[setup] dyck-echo cfg={'steps': 2500, 'batch': 32, 'train_len': 64, 'eval_lens': [64, 512, 2048, 4096], 'eval_reps': 2, 'd_model': 16, 'K': 4096, 'p_rise': 0.9, 'p_fall': 0.02}
[setup] linattn_host cfg={'steps': 2500, 'batch': 32, 'train_len': 64, 'eval_lens': [64, 512, 2048, 4096], 'eval_reps': 2, 'd_model': 64, 'n_layers': 2, 'k': 12, 'd_slot': 16}
[setup] sram-icl cfg={'steps': 2500, 'batch': 32, 'train_len': 64, 'eval_lens': [64, 512, 2048, 4096], 'eval_reps': 2, 'd_model': 16}
[setup] dialog-chat (machine v8, chatbot) cfg={'steps': 12000, 'batch': 32, 'train_len': 63, 'ckpts': [3000, 6000, 9000, 12000], 'd_model': 16} VOCAB=36
[arm] machine v8 (chatbot) params=20518
[baseline] {'baseline/state4096': 0.2279, 'baseline/overwrite4096': 1.0488, 'baseline/mathplus': 0.0512, 'baseline/mathminus': 0.0587, 'baseline/chat': 0.0001}
[arm A] more training lr=1e-3 x4000
/home/user/TryArena/c22r.py:95: UserWarning: Converting a tensor with requires_grad=True to a scalar may lead to unexpected behavior.
Consider using tensor.detach() first. (Triggered internally at /__w/pytorch/pytorch/torch/csrc/autograd/generated/python_variable_methods.cpp:822.)
  f"st_m_abs {float(m.st_m.abs().sum()):.1f}", flush=True)
  ft s1000 lm 0.5022 rt 0.0000 st_m_abs 1109.2
  ft s2000 lm 0.4925 rt 0.0000 st_m_abs 1131.2
  ft s3000 lm 0.4844 rt 0.0000 st_m_abs 1144.5
  ft s4000 lm 0.4883 rt 0.0000 st_m_abs 1157.4
[arm B] organ scale x8 + 2000 steps
  ft s1000 lm 0.4990 rt 0.0000 st_m_abs 1005.5
  ft s2000 lm 0.4961 rt 0.0000 st_m_abs 992.9
[arm C] query-masked host + 2000 steps
  ft s1000 lm 1.1677 rt 0.0000 st_m_abs 1638.8
  ft s2000 lm 1.1524 rt 0.0000 st_m_abs 1919.4
[final] baseline/state4096 = 0.2279
[final] baseline/overwrite4096 = 1.0488
[final] baseline/mathplus = 0.0512
[final] baseline/mathminus = 0.0587
[final] baseline/chat = 0.0001
[final] A_more/state4096 = 1.3188
[final] A_more/overwrite4096 = 1.1396
[final] A_more/mathplus = 0.0029
[final] A_more/mathminus = -0.002
[final] A_more/chat = 0.0006
[final] B_scale8/state4096 = 0.252
[final] B_scale8/overwrite4096 = 1.0491
[final] B_scale8/mathplus = 0.0039
[final] B_scale8/mathminus = -0.0028
[final] B_scale8/chat = 0.0005
[final] C_qmask/state4096 = 2.3699
[final] C_qmask/overwrite4096 = 4.2779
[final] C_qmask/mathplus = 0.0068
[final] C_qmask/mathminus = -0.0068
[final] C_qmask/chat = 0.0004
RESULT {"tag": "ARC2-C22R-REPAIR", "results": {"baseline/state4096": 0.2279, "baseline/overwrite4096": 1.0488, "baseline/mathplus": 0.0512, "baseline/mathminus": 0.0587, "baseline/chat": 0.0001, "A_more/state4096": 1.3188, "A_more/overwrite4096": 1.1396, "A_more/mathplus": 0.0029, "A_more/mathminus": -0.002, "A_more/chat": 0.0006, "B_scale8/state4096": 0.252, "B_scale8/overwrite4096": 1.0491, "B_scale8/mathplus": 0.0039, "B_scale8/mathminus": -0.0028, "B_scale8/chat": 0.0005, "C_qmask/state4096": 2.3699, "C_qmask/overwrite4096": 4.2779, "C_qmask/mathplus": 0.0068, "C_qmask/mathminus": -0.0068, "C_qmask/chat": 0.0004}, "wall_s": 650.9, "peak_mb": 673.7}
DONE
