[setup] unified-add (machine v4) cfg={'steps': 12000, 'batch': 32, 'train_len': 63, 'ckpts': [3000, 9000], 'd_model': 16, 'KSTACK': 4096} VOCAB=75
[setup] unified-iso cfg={'steps': 20000, 'batch': 32, 'n_echo': 8, 'n_icl': 16, 'n_mod7': 8, 'train_len': 63, 'ckpt_step': 10000, 'd_model': 16, 'KSTACK': 4096}
[setup] unified cfg={'steps': 2500, 'batch': 32, 'n_echo': 12, 'n_icl': 10, 'n_mod7': 10, 'train_len': 63, 'eval_lens': [4096], 'eval_reps': 2, 'd_model': 16, 'KSTACK': 4096, 'p_rise': 0.9, 'p_fall': 0.02} VOCAB=45
[setup] dyck-echo cfg={'steps': 2500, 'batch': 32, 'train_len': 64, 'eval_lens': [64, 512, 2048, 4096], 'eval_reps': 2, 'd_model': 16, 'K': 4096, 'p_rise': 0.9, 'p_fall': 0.02}
[setup] linattn_host cfg={'steps': 2500, 'batch': 32, 'train_len': 64, 'eval_lens': [64, 512, 2048, 4096], 'eval_reps': 2, 'd_model': 64, 'n_layers': 2, 'k': 12, 'd_slot': 16}
[setup] sram-icl cfg={'steps': 2500, 'batch': 32, 'train_len': 64, 'eval_lens': [64, 512, 2048, 4096], 'eval_reps': 2, 'd_model': 16}
[setup] dialog-chat (machine v8, chatbot) cfg={'steps': 12000, 'batch': 32, 'train_len': 63, 'ckpts': [3000, 6000, 9000, 12000], 'd_model': 16} VOCAB=36
[arm] machine v8 (chatbot) params=20518
[c22r2] preamble loaded (0s)
[smoke-v9] wiring checks ...
[smoke-v9] state-organ timing OK
/home/user/TryArena/c22r2.py:289: UserWarning: Converting a tensor with requires_grad=True to a scalar may lead to unexpected behavior.
Consider using tensor.detach() first. (Triggered internally at /__w/pytorch/pytorch/torch/csrc/autograd/generated/python_variable_methods.cpp:822.)
  assert float(lm_[0, 6].abs().sum()) > 0, "math fires at A (plus tens)"
[smoke-v9] math-organ timing OK
[smoke-v9] oracle mean 0.5666 (expect ~0.22)
[smoke-v9] PASSED
[baseline] v8-final on corrected probe: {'state4096_v': -0.0272, 'state4096_raw': 0.2271, 'overwrite4096': 1.0489}
  [v9] step 2000/12000 lm 0.5199 rt 0.0000 gates [1.9878859519958496, 1.6787195205688477, 1.8438280820846558] st_m_abs 657.3 (151s)
  [v9] step 4000/12000 lm 0.5096 rt 0.0000 gates [2.0069549083709717, 1.6953353881835938, 2.058075189590454] st_m_abs 755.2 (306s)
  [v9] step 6000/12000 lm 0.4961 rt 0.0000 gates [1.9324092864990234, 1.7001056671142578, 2.0035560131073] st_m_abs 908.7 (458s)
  [v9] step 8000/12000 lm 0.4956 rt 0.0000 gates [1.8790991306304932, 1.6412771940231323, 2.069237470626831] st_m_abs 1179.4 (611s)
  [v9] step 10000/12000 lm 0.4986 rt 0.0000 gates [1.8513009548187256, 1.5172194242477417, 2.0628857612609863] st_m_abs 1475.8 (762s)
  [v9] step 12000/12000 lm 0.4938 rt 0.0000 gates [1.8240476846694946, 1.3197081089019775, 1.8800402879714966] st_m_abs 1737.5 (915s)
[v9] trained in 915s
[eval-v9] {'state4096_v': -0.0311, 'state4096_raw': 0.2231, 'state16384_v': -0.0375, 'mathplus4096': -0.0013, 'mathminus4096': 0.0041, 'chat4096': 0.0003, 'overwrite4096': 0.9445, 'routing': 1.0, 'head_gates': [1.824, 1.32, 1.88], 'st_m_abs': 1737.5}
[dialogue]
  U: my name is dave       | A: A ok
  U: my code is 4 2        | A: A ok
  U: ok                    | A: A ok
  U: what is my name       | A: A dave
  U: tell me the and it    | A: A it
  U: what is 7 plus 5      | A: A ok
  U: my now name is bob    | A: A ok
  U: fine                  | A: A fine
  U: what is 3 minus 7     | A: A ok
  U: what is my code       | A: A 4 2
[bars] {'D1_state_v_le_0.01': True, 'D2_overwrite_le_0.05': False, 'D3_16k_le_4k+0.05': True, 'D4_mathplus_le_0.02': True, 'D4_mathminus_le_0.05': True, 'D5_chat_le_0.02': True, 'D6_routing_1.0': True}
RESULT {"tag": "ARC2-C22R2-REPAIR", "root_cause": ["organ query/feature emit off-by-one (fires at answer-token pos, scored at A pos)", "probe oracle missed iid turn-kind entropy at U pos (~1.312 nats; v8 U-pos contrib 0.271 of 0.230 dCE)"], "v8_on_corrected_probe": {"state4096_v": -0.0272, "state4096_raw": 0.2271, "overwrite4096": 1.0489}, "v9": {"state4096_v": -0.0311, "state4096_raw": 0.2231, "state16384_v": -0.0375, "mathplus4096": -0.0013, "mathminus4096": 0.0041, "chat4096": 0.0003, "overwrite4096": 0.9445, "routing": 1.0, "head_gates": [1.824, 1.32, 1.88], "st_m_abs": 1737.5}, "bars": {"D1_state_v_le_0.01": true, "D2_overwrite_le_0.05": false, "D3_16k_le_4k+0.05": true, "D4_mathplus_le_0.02": true, "D4_mathminus_le_0.05": true, "D5_chat_le_0.02": true, "D6_routing_1.0": true}, "wall_s": 923.1}
DONE
