[c24f] stage k<=1 s0 CE 2.4007 hard-probe 0/64
[c24f] stage k<=1 s200 CE 2.0095 hard-probe 0/64
[c24f] stage k<=1 s400 CE 0.9604 hard-probe 0/64
[c24f] stage k<=1 s600 CE 0.1468 hard-probe 37/64
[c24f] stage k<=1 s800 CE 0.1237 hard-probe 30/64
[c24f] stage k<=1 s1000 CE 0.1142 hard-probe 18/64
[c24f] stage k<=1 s1200 CE 0.0032 hard-probe 59/64
[c24f] stage k<=1 s1400 CE 0.0027 hard-probe 64/64
[c24f] stage k<=2 s0 CE 0.0023 hard-probe 29/64
[c24f] stage k<=2 s200 CE 0.2599 hard-probe 29/64
[c24f] stage k<=2 s400 CE 0.0050 hard-probe 29/64
[c24f] stage k<=2 s600 CE 0.0058 hard-probe 24/64
[c24f] stage k<=2 s800 CE 0.0062 hard-probe 29/64
[c24f] stage k<=2 s1000 CE 0.0063 hard-probe 29/64
[c24f] stage k<=2 s1200 CE 0.0053 hard-probe 26/64
[c24f] stage k<=2 s1400 CE 0.0045 hard-probe 25/64
[c24f] stage k<=2 s1600 CE 0.0039 hard-probe 26/64
[c24f] stage k<=2 s1800 CE 0.0036 hard-probe 26/64
[c24f] stage k<=2 did not crystallize in 2000 steps
[c24f] stage k<=3 s0 CE 0.0027 hard-probe 22/64
[c24f] stage k<=3 s200 CE 0.1694 hard-probe 22/64
[c24f] stage k<=3 s400 CE 0.1677 hard-probe 17/64
[c24f] stage k<=3 s600 CE 0.2402 hard-probe 15/64
[c24f] stage k<=3 s800 CE 0.1572 hard-probe 15/64
[c24f] stage k<=3 s1000 CE 0.2220 hard-probe 14/64
[c24f] stage k<=3 s1200 CE 1.6029 hard-probe 0/64
[c24f] stage k<=3 s1400 CE 0.1615 hard-probe 16/64
[c24f] stage k<=3 s1600 CE 0.3402 hard-probe 18/64
[c24f] stage k<=3 s1800 CE 0.1478 hard-probe 20/64
[c24f] stage k<=3 did not crystallize in 2000 steps
[c24f] stage k<=4 s0 CE 0.2860 hard-probe 19/64
[c24f] stage k<=4 s200 CE 0.3200 hard-probe 19/64
[c24f] stage k<=4 s400 CE 0.1295 hard-probe 13/64
[c24f] stage k<=4 s600 CE 0.0497 hard-probe 13/64
[c24f] stage k<=4 s800 CE 0.0249 hard-probe 13/64
[c24f] stage k<=4 s1000 CE 0.0233 hard-probe 50/64
[c24f] stage k<=4 s1200 CE 0.0120 hard-probe 51/64
[c24f] stage k<=4 s1400 CE 0.0112 hard-probe 53/64
[c24f] stage k<=4 s1600 CE 0.0090 hard-probe 54/64
[c24f] stage k<=4 s1800 CE 0.0080 hard-probe 55/64
[c24f] stage k<=4 did not crystallize in 2000 steps
[cert] indist: 433/500 exact, passes=4.0 (want 3), trace_ok=False
[cert] k16: 154/200 exact, passes=18.0 (want 17), trace_ok=False
[cert] k64: 0/100 exact, passes=73.0 (want 65), trace_ok=False
[cert] joint: 0/100 exact, passes=73.0 (want 65), trace_ok=False
[verdict] {'S1': '433/500', 'S2': '154/200', 'S3': '0/100', 'S4': '0/100', 'S5': False, 'ALL': False}
RESULT {"tag": "ARC2-C24H-P4-CRISP", "cert": {"indist": {"exact": "433/500", "passes_mean": 4.0, "trace_ok": false}, "k16": {"exact": "154/200", "passes_mean": 18.0, "trace_ok": false}, "k64": {"exact": "0/100", "passes_mean": 73.0, "trace_ok": false}, "joint": {"exact": "0/100", "passes_mean": 73.0, "trace_ok": false}}, "verdict": {"S1": "433/500", "S2": "154/200", "S3": "0/100", "S4": "0/100", "S5": false, "ALL": false}, "steps": 7401, "wall_s": 474.6, "peak_mb": 666.4}
DONE
