[c25bR] stage k<=1 s0 lr=0.00500 CE 1.0901 crisp-probe 0/64
[c25bR] stage k<=1 s200 lr=0.00500 CE 0.0362 crisp-probe 64/64
[c25bR] stage k<=2 s0 lr=0.00500 CE 0.2555 crisp-probe 28/64
[c25bR] stage k<=2 s200 lr=0.00500 CE 0.1860 crisp-probe 28/64
[c25bR] stage k<=2 s400 lr=0.00500 CE 0.1248 crisp-probe 24/64
[c25bR] stage k<=2 s600 lr=0.00500 CE 0.1208 crisp-probe 24/64
[c25bR] stage k<=2 s800 lr=0.00500 CE 0.3074 crisp-probe 16/64
[c25bR] stage k<=2 s1000 lr=0.00500 CE 0.3568 crisp-probe 28/64
[c25bR] stage k<=2 s1200 lr=0.00500 CE 0.1707 crisp-probe 30/64
[c25bR] stage k<=2 s1400 lr=0.00500 CE 0.2338 crisp-probe 19/64
[c25bR] stage k<=2 s1600 lr=0.00250 CE 0.1643 crisp-probe 21/64
[c25bR] stage k<=2 s1800 lr=0.00250 CE 0.1968 crisp-probe 21/64
[c25bR] stage k<=2 s2000 lr=0.00250 CE 0.1975 crisp-probe 25/64
[c25bR] stage k<=2 s2200 lr=0.00250 CE 0.2444 crisp-probe 16/64
[c25bR] stage k<=2 s2400 lr=0.00250 CE 0.2897 crisp-probe 24/64
[c25bR] stage k<=2 s2600 lr=0.00250 CE 0.1648 crisp-probe 26/64
[c25bR] stage k<=2 s2800 lr=0.00250 CE 0.1831 crisp-probe 31/64
[c25bR] stage k<=2 s3000 lr=0.00125 CE 0.1260 crisp-probe 0/64
[c25bR] stage k<=2 s3200 lr=0.00125 CE 0.7060 crisp-probe 28/64
[c25bR] stage k<=2 s3400 lr=0.00125 CE 0.1492 crisp-probe 21/64
[c25bR] stage k<=2 s3600 lr=0.00125 CE 0.2049 crisp-probe 15/64
[c25bR] stage k<=2 s3800 lr=0.00125 CE 0.1684 crisp-probe 21/64
[c25bR] stage k<=2 did not crystallize
[c25bR] stage k<=3 s0 lr=0.00500 CE 0.2134 crisp-probe 17/64
[c25bR] stage k<=3 s200 lr=0.00500 CE 0.2405 crisp-probe 5/64
[c25bR] stage k<=3 s400 lr=0.00500 CE 0.1948 crisp-probe 19/64
[c25bR] stage k<=3 s600 lr=0.00500 CE 0.1837 crisp-probe 14/64
[c25bR] stage k<=3 s800 lr=0.00500 CE 0.2193 crisp-probe 11/64
[c25bR] stage k<=3 s1000 lr=0.00500 CE 0.2978 crisp-probe 9/64
[c25bR] stage k<=3 s1200 lr=0.00500 CE 0.1672 crisp-probe 12/64
[c25bR] stage k<=3 s1400 lr=0.00500 CE 0.1604 crisp-probe 11/64
[c25bR] stage k<=3 s1600 lr=0.00250 CE 0.2281 crisp-probe 2/64
[c25bR] stage k<=3 s1800 lr=0.00250 CE 0.2898 crisp-probe 18/64
[c25bR] stage k<=3 s2000 lr=0.00250 CE 0.2006 crisp-probe 12/64
[c25bR] stage k<=3 s2200 lr=0.00250 CE 0.1516 crisp-probe 20/64
[c25bR] stage k<=3 s2400 lr=0.00250 CE 0.2358 crisp-probe 19/64
[c25bR] stage k<=3 s2600 lr=0.00250 CE 0.2463 crisp-probe 9/64
[c25bR] stage k<=3 s2800 lr=0.00250 CE 0.2683 crisp-probe 0/64
[c25bR] stage k<=3 s3000 lr=0.00125 CE 0.3289 crisp-probe 6/64
[c25bR] stage k<=3 s3200 lr=0.00125 CE 0.3188 crisp-probe 11/64
[c25bR] stage k<=3 s3400 lr=0.00125 CE 0.1999 crisp-probe 3/64
[c25bR] stage k<=3 s3600 lr=0.00125 CE 0.1872 crisp-probe 15/64
[c25bR] stage k<=3 s3800 lr=0.00125 CE 0.2132 crisp-probe 13/64
[c25bR] stage k<=3 did not crystallize
[c25bR] stage k<=4 s0 lr=0.00500 CE 0.5601 crisp-probe 4/64
[c25bR] stage k<=4 s200 lr=0.00500 CE 0.2276 crisp-probe 11/64
[c25bR] stage k<=4 s400 lr=0.00500 CE 0.2258 crisp-probe 9/64
[c25bR] stage k<=4 s600 lr=0.00500 CE 0.2320 crisp-probe 14/64
[c25bR] stage k<=4 s800 lr=0.00500 CE 0.4868 crisp-probe 9/64
[c25bR] stage k<=4 s1000 lr=0.00500 CE 0.2231 crisp-probe 10/64
[c25bR] stage k<=4 s1200 lr=0.00500 CE 0.1952 crisp-probe 15/64
[c25bR] stage k<=4 s1400 lr=0.00500 CE 0.1717 crisp-probe 6/64
[c25bR] stage k<=4 s1600 lr=0.00250 CE 0.1568 crisp-probe 39/64
[c25bR] stage k<=4 s1800 lr=0.00250 CE 0.1863 crisp-probe 31/64
[c25bR] stage k<=4 s2000 lr=0.00250 CE 0.1494 crisp-probe 35/64
[c25bR] stage k<=4 s2200 lr=0.00250 CE 0.1041 crisp-probe 33/64
[c25bR] stage k<=4 s2400 lr=0.00250 CE 0.1598 crisp-probe 32/64
[c25bR] stage k<=4 s2600 lr=0.00250 CE 0.1337 crisp-probe 36/64
[c25bR] stage k<=4 s2800 lr=0.00250 CE 0.1122 crisp-probe 34/64
[c25bR] stage k<=4 s3000 lr=0.00125 CE 0.1064 crisp-probe 34/64
[c25bR] stage k<=4 s3200 lr=0.00125 CE 0.0775 crisp-probe 34/64
[c25bR] stage k<=4 s3400 lr=0.00125 CE 0.1300 crisp-probe 30/64
[c25bR] stage k<=4 s3600 lr=0.00125 CE 0.1092 crisp-probe 39/64
[c25bR] stage k<=4 s3800 lr=0.00125 CE 0.1009 crisp-probe 35/64
[c25bR] stage k<=4 did not crystallize
[c25bR] restored best-probe checkpoint (probe 64/64)
[c25bR] rows changed vs counter seed: 25
[c25bR] counter-region rows changed: 4 [(0, 12, 0, 0, 12, 11), (1, 12, 1, 1, 12, 11), (2, 11, 2, 0, 11, 11), (2, 12, 2, 2, 12, 11)]
  tok  MARK st12: E 0->0  P 12->11
  tok   BLK st12: E 1->1  P 12->11
  tok   SEP st11: E 2->0  P 11->11
  tok   SEP st12: E 2->2  P 12->11
  tok    d0 st11: E 3->4  P 11->0
  tok    d0 st12: E 3->3  P 12->0
  tok    d1 st11: E 4->5  P 11->13
  tok    d1 st12: E 4->4  P 12->13
  tok    d2 st11: E 5->6  P 11->13
  tok    d2 st12: E 5->6  P 12->13
  tok    d3 st11: E 6->7  P 11->13
  tok    d3 st12: E 6->6  P 12->13
  tok    d4 st11: E 7->8  P 11->13
  tok    d4 st12: E 7->7  P 12->13
  tok    d5 st11: E 8->9  P 11->13
  tok    d5 st12: E 8->8  P 12->13
  tok    d6 st11: E 9->10  P 11->13
  tok    d6 st12: E 9->9  P 12->13
  tok    d7 st11: E 10->11  P 11->13
  tok    d7 st12: E 10->10  P 12->13
  tok    d8 st11: E 11->12  P 11->13
  tok    d8 st12: E 11->11  P 12->13
  tok    d9 st11: E 12->3  P 11->11
  tok    d9 st12: E 12->12  P 12->11
  tok   PAD st12: E 13->13  P 12->11
[cert] indist: 0/500 exact, passes=4.0 (want 3), trace_ok=False
[cert] k16: 0/200 exact, passes=18.0 (want 17), trace_ok=False
[cert] k64: 0/100 exact, passes=66.0 (want 65), trace_ok=False
[cert] joint: 0/100 exact, passes=66.0 (want 65), trace_ok=False
[verdict] {'S1': '0/500', 'S2': '0/200', 'S3': '0/100', 'S4': '0/100', 'S5': False, 'ALL': False}
RESULT {"tag": "ARC2-C25BR-P3-CLONE", "cert": {"indist": {"exact": "0/500", "passes_mean": 4.0, "trace_ok": false}, "k16": {"exact": "0/200", "passes_mean": 18.0, "trace_ok": false}, "k64": {"exact": "0/100", "passes_mean": 66.0, "trace_ok": false}, "joint": {"exact": "0/100", "passes_mean": 66.0, "trace_ok": false}}, "verdict": {"S1": "0/500", "S2": "0/200", "S3": "0/100", "S4": "0/100", "S5": false, "ALL": false}, "steps": 12201, "rows_changed": 25, "counter_rows_changed": 4, "wall_s": 625.1, "peak_mb": 666.9}
DONE
