[c26r4] RESUME mode: skipping stages A/B
[c26r4] seed fitness(stage A) = 0.5012
[c26r4] Stage A done: edits=0 best=0.5012
[c26r4] Stage B done: edits=0 best=0.3529
[c26r4] C stage nd<=1 s0 lr=0.00500 CE 4.0877 crisp-probe 0/64
[c26r4] C stage nd<=1 s200 lr=0.00500 CE 3.1726 crisp-probe 0/64
[c26r4] C stage nd<=1 s400 lr=0.00500 CE 2.0804 crisp-probe 0/64
[c26r4] C stage nd<=1 s600 lr=0.00500 CE 1.6001 crisp-probe 0/64
[c26r4] C stage nd<=1 s800 lr=0.00500 CE 3.0063 crisp-probe 0/64
[c26r4] C stage nd<=1 s1000 lr=0.00500 CE 0.9726 crisp-probe 0/64
[c26r4] C stage nd<=1 s1200 lr=0.00500 CE 0.8009 crisp-probe 0/64
[c26r4] C stage nd<=1 s1400 lr=0.00500 CE 0.5399 crisp-probe 0/64
[c26r4] C stage nd<=1 s1600 lr=0.00250 CE 0.6718 crisp-probe 0/64
[c26r4] C stage nd<=1 s1800 lr=0.00250 CE 0.4218 crisp-probe 0/64
[c26r4] C stage nd<=1 s2000 lr=0.00250 CE 0.6015 crisp-probe 0/64
[c26r4] C stage nd<=1 s2200 lr=0.00250 CE 1.4484 crisp-probe 8/64
[c26r4] C stage nd<=1 s2400 lr=0.00250 CE 1.5153 crisp-probe 0/64
[c26r4] C stage nd<=1 s2600 lr=0.00250 CE 0.4135 crisp-probe 0/64
[c26r4] C stage nd<=1 s2800 lr=0.00250 CE 0.9204 crisp-probe 0/64
[c26r4] C stage nd<=1 s3000 lr=0.00125 CE 0.4716 crisp-probe 0/64
[c26r4] C stage nd<=1 s3200 lr=0.00125 CE 0.4356 crisp-probe 0/64
[c26r4] C stage nd<=1 s3400 lr=0.00125 CE 0.2647 crisp-probe 0/64
[c26r4] C stage nd<=1 s3600 lr=0.00125 CE 0.1694 crisp-probe 0/64
[c26r4] C stage nd<=1 s3800 lr=0.00125 CE 0.1454 crisp-probe 0/64
[c26r4] C stage nd<=1 did not crystallize
[c26r4] C stage nd<=2 s0 lr=0.00500 CE 3.3585 crisp-probe 0/64
[c26r4] C stage nd<=2 s200 lr=0.00500 CE 2.4875 crisp-probe 0/64
[c26r4] C stage nd<=2 s400 lr=0.00500 CE 0.6008 crisp-probe 0/64
[c26r4] C stage nd<=2 s600 lr=0.00500 CE 0.9962 crisp-probe 0/64
[c26r4] C stage nd<=2 s800 lr=0.00500 CE 0.6868 crisp-probe 2/64
[c26r4] C stage nd<=2 s1000 lr=0.00500 CE 0.5303 crisp-probe 5/64
[c26r4] C stage nd<=2 s1200 lr=0.00500 CE 1.0047 crisp-probe 0/64
[c26r4] C stage nd<=2 s1400 lr=0.00500 CE 0.3830 crisp-probe 0/64
[c26r4] C stage nd<=2 s1600 lr=0.00250 CE 0.5111 crisp-probe 0/64
[c26r4] C stage nd<=2 s1800 lr=0.00250 CE 0.5240 crisp-probe 0/64
[c26r4] C stage nd<=2 s2000 lr=0.00250 CE 0.3078 crisp-probe 0/64
[c26r4] C stage nd<=2 s2200 lr=0.00250 CE 0.3295 crisp-probe 0/64
[c26r4] C stage nd<=2 s2400 lr=0.00250 CE 0.2183 crisp-probe 0/64
[c26r4] C stage nd<=2 s2600 lr=0.00250 CE 0.2943 crisp-probe 0/64
[c26r4] C stage nd<=2 s2800 lr=0.00250 CE 0.3249 crisp-probe 0/64
[c26r4] C stage nd<=2 s3000 lr=0.00125 CE 0.2001 crisp-probe 0/64
[c26r4] C stage nd<=2 s3200 lr=0.00125 CE 0.2777 crisp-probe 0/64
[c26r4] C stage nd<=2 s3400 lr=0.00125 CE 0.1904 crisp-probe 0/64
[c26r4] C stage nd<=2 s3600 lr=0.00125 CE 0.2615 crisp-probe 0/64
[c26r4] C stage nd<=2 s3800 lr=0.00125 CE 0.1428 crisp-probe 0/64
[c26r4] C stage nd<=2 did not crystallize
[c26r4] C stage nd<=3 s0 lr=0.00500 CE 2.0132 crisp-probe 2/64
[c26r4] C stage nd<=3 s200 lr=0.00500 CE 1.5476 crisp-probe 6/64
[c26r4] C stage nd<=3 s400 lr=0.00500 CE 0.8761 crisp-probe 6/64
[c26r4] C stage nd<=3 s600 lr=0.00500 CE 0.7190 crisp-probe 2/64
[c26r4] C stage nd<=3 s800 lr=0.00500 CE 0.6556 crisp-probe 4/64
[c26r4] C stage nd<=3 s1000 lr=0.00500 CE 0.6930 crisp-probe 1/64
[c26r4] C stage nd<=3 s1200 lr=0.00500 CE 0.5919 crisp-probe 2/64
[c26r4] C stage nd<=3 s1400 lr=0.00500 CE 0.6562 crisp-probe 4/64
[c26r4] C stage nd<=3 s1600 lr=0.00250 CE 0.4748 crisp-probe 6/64
[c26r4] C stage nd<=3 s1800 lr=0.00250 CE 0.5952 crisp-probe 4/64
[c26r4] C stage nd<=3 s2000 lr=0.00250 CE 0.6420 crisp-probe 2/64
[c26r4] C stage nd<=3 s2200 lr=0.00250 CE 0.6817 crisp-probe 1/64
[c26r4] C stage nd<=3 s2400 lr=0.00250 CE 0.7320 crisp-probe 3/64
[c26r4] C stage nd<=3 s2600 lr=0.00250 CE 0.5600 crisp-probe 3/64
[c26r4] C stage nd<=3 s2800 lr=0.00250 CE 0.5139 crisp-probe 3/64
[c26r4] C stage nd<=3 s3000 lr=0.00125 CE 0.4664 crisp-probe 4/64
[c26r4] C stage nd<=3 s3200 lr=0.00125 CE 0.4412 crisp-probe 5/64
[c26r4] C stage nd<=3 s3400 lr=0.00125 CE 0.4533 crisp-probe 6/64
[c26r4] C stage nd<=3 s3600 lr=0.00125 CE 0.4739 crisp-probe 5/64
[c26r4] C stage nd<=3 s3800 lr=0.00125 CE 0.5117 crisp-probe 3/64
[c26r4] C stage nd<=3 did not crystallize
[c26r4] C stage nd<=4 s0 lr=0.00500 CE 1.9297 crisp-probe 5/64
[c26r4] C stage nd<=4 s200 lr=0.00500 CE 0.8820 crisp-probe 1/64
[c26r4] C stage nd<=4 s400 lr=0.00500 CE 0.7776 crisp-probe 4/64
[c26r4] C stage nd<=4 s600 lr=0.00500 CE 1.2629 crisp-probe 2/64
[c26r4] C stage nd<=4 s800 lr=0.00500 CE 0.5997 crisp-probe 0/64
[c26r4] C stage nd<=4 s1000 lr=0.00500 CE 1.3282 crisp-probe 0/64
[c26r4] C stage nd<=4 s1200 lr=0.00500 CE 0.9932 crisp-probe 1/64
[c26r4] C stage nd<=4 s1400 lr=0.00500 CE 0.8955 crisp-probe 0/64
[c26r4] C stage nd<=4 s1600 lr=0.00250 CE 0.7037 crisp-probe 0/64
[c26r4] C stage nd<=4 s1800 lr=0.00250 CE 0.6422 crisp-probe 1/64
[c26r4] C stage nd<=4 s2000 lr=0.00250 CE 0.6169 crisp-probe 2/64
[c26r4] C stage nd<=4 s2200 lr=0.00250 CE 0.6364 crisp-probe 1/64
[c26r4] C stage nd<=4 s2400 lr=0.00250 CE 0.6253 crisp-probe 0/64
[c26r4] C stage nd<=4 s2600 lr=0.00250 CE 1.1807 crisp-probe 1/64
[c26r4] C stage nd<=4 s2800 lr=0.00250 CE 0.6135 crisp-probe 2/64
[c26r4] C stage nd<=4 s3000 lr=0.00125 CE 0.5389 crisp-probe 0/64
[c26r4] C stage nd<=4 s3200 lr=0.00125 CE 0.4191 crisp-probe 1/64
[c26r4] C stage nd<=4 s3400 lr=0.00125 CE 0.6185 crisp-probe 1/64
[c26r4] C stage nd<=4 s3600 lr=0.00125 CE 0.4984 crisp-probe 3/64
[c26r4] C stage nd<=4 s3800 lr=0.00125 CE 0.8465 crisp-probe 6/64
[c26r4] C stage nd<=4 did not crystallize
[c26r4] restored best-probe checkpoint (8/64)
[c26r4] stage C fallback: per-pass trajectory curriculum (SCAFFOLD)
[c26r4] scaffold s0 CE 14.6682 crisp-probe 0/64
[c26r4] scaffold s200 CE 9.6276 crisp-probe 0/64
[c26r4] scaffold s400 CE 9.6635 crisp-probe 0/64
[c26r4] scaffold s600 CE 6.4954 crisp-probe 4/64
[c26r4] scaffold s800 CE 9.1859 crisp-probe 0/64
[c26r4] scaffold s1000 CE 8.5356 crisp-probe 0/64
[c26r4] scaffold s1200 CE 8.0308 crisp-probe 0/64
[c26r4] scaffold s1400 CE 8.4352 crisp-probe 0/64
[c26r4] scaffold s1600 CE 6.6436 crisp-probe 0/64
[c26r4] scaffold s1800 CE 6.6514 crisp-probe 0/64
[c26r4] scaffold s2000 CE 5.5141 crisp-probe 0/64
[c26r4] scaffold s2200 CE 5.5679 crisp-probe 4/64
[c26r4] scaffold s2400 CE 4.5566 crisp-probe 0/64
[c26r4] scaffold s2600 CE 5.2268 crisp-probe 3/64
[c26r4] scaffold s2800 CE 3.9806 crisp-probe 0/64
[c26r4] post-scaffold best (8/64)
[cert] indist: 0/500 exact, passes=12.0 (want 4), trace_ok=False
[cert] n16: 0/200 exact, passes=25.0 (want 17), trace_ok=False
[cert] n32: 0/100 exact, passes=41.0 (want 33), trace_ok=False
[cert] joint: 0/100 exact, passes=73.0 (want 65), trace_ok=False
[verdict] {'S1': '0/500', 'S2': '0/200', 'S3': '0/100', 'S4': '0/100', 'S5': False, 'ALL': False}
RESULT {"tag": "ARC2-C26R4-P6-REBAL", "search": {"edits_A": 0, "edits_B": 0, "fitA": 0.5012, "fitB": 0.3529}, "cert": {"indist": {"exact": "0/500", "passes_mean": 12.0, "trace_ok": false}, "n16": {"exact": "0/200", "passes_mean": 25.0, "trace_ok": false}, "n32": {"exact": "0/100", "passes_mean": 41.0, "trace_ok": false}, "joint": {"exact": "0/100", "passes_mean": 73.0, "trace_ok": false}}, "verdict": {"S1": "0/500", "S2": "0/200", "S3": "0/100", "S4": "0/100", "S5": false, "ALL": false}, "steps": 19000, "wall_s": 1794.2, "peak_mb": 717.4}
DONE
