[c45-A] n=4: 24/24 reachable; n=5: 120/120 (0.0s)
[c45-B_S1] reversal regression (C44 genome): {'n4': 1.0, 'n8': 1.0, 'n16': 1.0, 'n32': 1.0}
[c45-B_S2] pi=[0, 1, 2, 3] A=1 B=1 ver=1 best=1.000 ev=899 (3s)
[c45-B_S2] pi=[0, 1, 3, 2] A=1 B=1 ver=1 best=1.000 ev=1163 (7s)
[c45-B_S2] pi=[0, 2, 1, 3] A=1 B=1 ver=1 best=1.000 ev=681 (11s)
[c45-B_S2] pi=[0, 2, 3, 1] A=1 B=1 ver=1 best=1.000 ev=691 (14s)
[c45-B_S2] pi=[0, 3, 1, 2] A=1 B=1 ver=1 best=1.000 ev=684 (16s)
[c45-B_S2] pi=[0, 3, 2, 1] A=1 B=1 ver=1 best=1.000 ev=746 (20s)
[c45-B_S2] pi=[1, 0, 2, 3] A=1 B=0 ver=0 best=0.417 ev=893 (23s)
[c45-B_S2] pi=[1, 0, 3, 2] A=1 B=0 ver=0 best=0.417 ev=1378 (26s)
[c45-B_S2] pi=[1, 2, 0, 3] A=1 B=0 ver=1 best=0.948 ev=1208 (29s)
[c45-B_S2] pi=[1, 2, 3, 0] A=1 B=0 ver=0 best=0.393 ev=1080 (32s)
[c45-B_S2] pi=[1, 3, 0, 2] A=1 B=0 ver=0 best=0.417 ev=1074 (35s)
[c45-B_S2] pi=[1, 3, 2, 0] A=1 B=1 ver=1 best=1.000 ev=1074 (37s)
[c45-B_S2] pi=[2, 0, 1, 3] A=1 B=1 ver=1 best=1.000 ev=520 (40s)
[c45-B_S2] pi=[2, 0, 3, 1] A=1 B=0 ver=0 best=0.417 ev=1768 (45s)
[c45-B_S2] pi=[2, 1, 0, 3] A=1 B=1 ver=1 best=1.000 ev=519 (48s)
[c45-B_S2] pi=[2, 1, 3, 0] A=1 B=0 ver=1 best=0.948 ev=917 (52s)
[c45-B_S2] pi=[2, 3, 0, 1] A=1 B=0 ver=0 best=0.417 ev=875 (55s)
[c45-B_S2] pi=[2, 3, 1, 0] A=1 B=1 ver=1 best=1.000 ev=875 (58s)
[c45-B_S2] pi=[3, 0, 1, 2] A=1 B=0 ver=0 best=0.417 ev=919 (61s)
[c45-B_S2] pi=[3, 0, 2, 1] A=1 B=0 ver=0 best=0.417 ev=928 (63s)
[c45-B_S2] pi=[3, 1, 0, 2] A=1 B=0 ver=0 best=0.417 ev=928 (66s)
[c45-B_S2] pi=[3, 1, 2, 0] A=1 B=1 ver=1 best=1.000 ev=528 (68s)
[c45-B_S2] pi=[3, 2, 0, 1] A=1 B=0 ver=0 best=0.417 ev=919 (71s)
[c45-B_S2] pi=[3, 2, 1, 0] A=1 B=1 ver=1 best=1.000 ev=919 (73s)
[c45-B_S3a] n=8 head-front: disc=True ver=1.000 passes=17 (A says 10) ev=544
[c45-B_S3b] n=8 two-block: disc=False ver=0.000 best=0.300 ev=1505
[c45-B_S5] pi=[1, 4, 3, 2, 0] A=True B=True ver=True best=1.000 ev=607
[c45-B_S5] pi=[4, 0, 1, 3, 2] A=True B=False ver=False best=0.312 ev=916
[c45-B_S5] pi=[2, 0, 3, 1, 4] A=True B=False ver=False best=0.289 ev=1668
[c45-B_S5] pi=[0, 2, 1, 3, 4] A=True B=False ver=False best=0.501 ev=928
[c45-B_S5] pi=[0, 1, 3, 4, 2] A=True B=True ver=True best=1.000 ev=1482
[c45-B_S5] pi=[1, 4, 3, 0, 2] A=True B=False ver=False best=0.365 ev=1016
[c45-B_S1b] head-front generalization: {'n4-control@n8': 1.0, 'n4-control@n16': 1.0, 'n8-S3a-control@n16': 1.0, 'reversal-control@headfront-n8': 0.0, 'n4-1320-control@n8-embedding': 0.0}
RESULT {"tag": "ARC2-C45-PERM", "method": "PART A: exhaustive ordered-partition LIFO simulation (schedule-level upper bound); PART B: staged contract-decomposed hill-climb over value-agnostic class-quotient control, C43 mechanism + G1/G2 (C44 method)", "D": {"A_n4": {"reachable": 24, "of": 24, "set": {"[0, 1, 2, 3]": 7, "[0, 1, 3, 2]": 7, "[0, 2, 1, 3]": 7, "[0, 2, 3, 1]": 7, "[0, 3, 1, 2]": 7, "[0, 3, 2, 1]": 6, "[1, 0, 2, 3]": 7, "[1, 0, 3, 2]": 7, "[1, 2, 0, 3]": 7, "[1, 2, 3, 0]": 7, "[1, 3, 0, 2]": 7, "[1, 3, 2, 0]": 7, "[2, 0, 1, 3]": 7, "[2, 0, 3, 1]": 7, "[2, 1, 0, 3]": 7, "[2, 1, 3, 0]": 7, "[2, 3, 0, 1]": 7, "[2, 3, 1, 0]": 7, "[3, 0, 1, 2]": 7, "[3, 0, 2, 1]": 7, "[3, 1, 0, 2]": 7, "[3, 1, 2, 0]": 7, "[3, 2, 0, 1]": 7, "[3, 2, 1, 0]": 6}}, "A_n5": {"reachable": 120, "of": 120}, "A_n5_set": {"[0, 1, 2, 3, 4]": 9, "[0, 1, 2, 4, 3]": 8, "[0, 1, 3, 2, 4]": 8, "[0, 1, 4, 3, 2]": 8, "[0, 1, 4, 2, 3]": 8, "[0, 1, 3, 4, 2]": 8, "[0, 2, 1, 3, 4]": 8, "[0, 2, 1, 4, 3]": 8, "[0, 2, 3, 1, 4]": 8, "[0, 2, 4, 3, 1]": 8, "[0, 2, 4, 1, 3]": 8, "[0, 3, 1, 2, 4]": 8, "[0, 3, 2, 1, 4]": 8, "[0, 3, 2, 4, 1]": 8, "[0, 3, 1, 4, 2]": 8, "[0, 3, 4, 2, 1]": 8, "[0, 3, 4, 1, 2]": 8, "[0, 4, 1, 3, 2]": 8, "[0, 4, 2, 3, 1]": 8, "[0, 4, 1, 2, 3]": 8, "[0, 4, 2, 1, 3]": 8, "[0, 4, 3, 2, 1]": 7, "[0, 4, 3, 1, 2]": 8, "[0, 2, 3, 4, 1]": 8, "[1, 0, 2, 3, 4]": 9, "[1, 0, 2, 4, 3]": 8, "[1, 0, 3, 2, 4]": 8, "[1, 0, 4, 3, 2]": 8, "[1, 0, 4, 2, 3]": 8, "[1, 0, 3, 4, 2]": 8, "[1, 2, 0, 3, 4]": 9, "[1, 2, 0, 4, 3]": 8, "[1, 2, 3, 0, 4]": 9, "[1, 2, 4, 3, 0]": 8, "[1, 2, 4, 0, 3]": 9, "[1, 3, 0, 2, 4]": 9, "[1, 3, 2, 0, 4]": 8, "[1, 3, 2, 4, 0]": 8, "[1, 3, 0, 4, 2]": 8, "[1, 3, 4, 2, 0]": 8, "[1, 3, 4, 0, 2]": 9, "[1, 4, 0, 3, 2]": 8, "[1, 4, 2, 3, 0]": 8, "[1, 4, 0, 2, 3]": 9, "[1, 4, 2, 0, 3]": 8, "[1, 4, 3, 2, 0]": 8, "[1, 4, 3, 0, 2]": 8, "[2, 0, 1, 3, 4]": 9, "[2, 0, 1, 4, 3]": 8, "[2, 1, 0, 3, 4]": 8, "[2, 1, 0, 4, 3]": 8, "[2, 0, 3, 1, 4]": 8, "[2, 0, 4, 3, 1]": 8, "[2, 0, 4, 1, 3]": 8, "[2, 1, 3, 0, 4]": 8, "[2, 1, 4, 3, 0]": 8, "[2, 1, 4, 0, 3]": 8, "[2, 1, 3, 4, 0]": 8, "[2, 0, 3, 4, 1]": 8, "[2, 3, 0, 1, 4]": 9, "[2, 3, 1, 0, 4]": 8, "[2, 3, 1, 4, 0]": 8, "[2, 3, 4, 1, 0]": 8, "[2, 4, 0, 3, 1]": 8, "[2, 4, 1, 3, 0]": 8, "[2, 4, 0, 1, 3]": 9, "[2, 4, 1, 0, 3]": 8, "[2, 4, 3, 1, 0]": 8, "[2, 3, 0, 4, 1]": 8, "[2, 3, 4, 0, 1]": 9, "[2, 4, 3, 0, 1]": 8, "[3, 0, 1, 2, 4]": 9, "[3, 0, 2, 1, 4]": 8, "[3, 0, 2, 4, 1]": 8, "[3, 1, 0, 2, 4]": 8, "[3, 1, 2, 0, 4]": 8, "[3, 1, 2, 4, 0]": 8, "[3, 0, 1, 4, 2]": 8, "[3, 0, 4, 2, 1]": 8, "[3, 1, 0, 4, 2]": 8, "[3, 1, 4, 2, 0]": 8, "[3, 0, 4, 1, 2]": 8, "[3, 1, 4, 0, 2]": 8, "[3, 2, 0, 1, 4]": 8, "[3, 2, 1, 0, 4]": 8, "[3, 2, 1, 4, 0]": 8, "[3, 2, 4, 1, 0]": 8, "[3, 4, 0, 2, 1]": 8, "[3, 4, 1, 2, 0]": 8, "[3, 4, 2, 1, 0]": 8, "[3, 4, 2, 0, 1]": 8, "[3, 4, 0, 1, 2]": 9, "[3, 4, 1, 0, 2]": 8, "[3, 2, 0, 4, 1]": 8, "[3, 2, 4, 0, 1]": 8, "[4, 0, 1, 3, 2]": 8, "[4, 0, 2, 3, 1]": 8, "[4, 0, 1, 2, 3]": 9, "[4, 0, 2, 1, 3]": 8, "[4, 1, 0, 3, 2]": 8, "[4, 1, 2, 3, 0]": 8, "[4, 1, 0, 2, 3]": 8, "[4, 1, 2, 0, 3]": 8, "[4, 0, 3, 2, 1]": 8, "[4, 1, 3, 2, 0]": 8, "[4, 0, 3, 1, 2]": 8, "[4, 1, 3, 0, 2]": 8, "[4, 2, 0, 3, 1]": 8, "[4, 2, 1, 3, 0]": 8, "[4, 2, 0, 1, 3]": 8, "[4, 2, 1, 0, 3]": 8, "[4, 2, 3, 1, 0]": 8, "[4, 3, 0, 2, 1]": 8, "[4, 3, 1, 2, 0]": 8, "[4, 3, 2, 1, 0]": 7, "[4, 3, 2, 0, 1]": 8, "[4, 3, 0, 1, 2]": 8, "[4, 3, 1, 0, 2]": 8, "[4, 2, 3, 0, 1]": 8, "[1, 2, 3, 4, 0]": 9}, "B_S1_reversal": {"n4": 1.0, "n8": 1.0, "n16": 1.0, "n32": 1.0}, "B_S2_n4": {"[0, 1, 2, 3]": {"A_reachable": true, "B_discovered": true, "verified": true, "best_full": 1.0, "evals": 899, "A_passes": 7}, "[0, 1, 3, 2]": {"A_reachable": true, "B_discovered": true, "verified": true, "best_full": 1.0, "evals": 1163, "A_passes": 7}, "[0, 2, 1, 3]": {"A_reachable": true, "B_discovered": true, "verified": true, "best_full": 1.0, "evals": 681, "A_passes": 7}, "[0, 2, 3, 1]": {"A_reachable": true, "B_discovered": true, "verified": true, "best_full": 1.0, "evals": 691, "A_passes": 7}, "[0, 3, 1, 2]": {"A_reachable": true, "B_discovered": true, "verified": true, "best_full": 1.0, "evals": 684, "A_passes": 7}, "[0, 3, 2, 1]": {"A_reachable": true, "B_discovered": true, "verified": true, "best_full": 1.0, "evals": 746, "A_passes": 6}, "[1, 0, 2, 3]": {"A_reachable": true, "B_discovered": false, "verified": false, "best_full": 0.4167, "evals": 893, "A_passes": 7}, "[1, 0, 3, 2]": {"A_reachable": true, "B_discovered": false, "verified": false, "best_full": 0.4167, "evals": 1378, "A_passes": 7}, "[1, 2, 0, 3]": {"A_reachable": true, "B_discovered": false, "verified": true, "best_full": 0.948, "evals": 1208, "A_passes": 7}, "[1, 2, 3, 0]": {"A_reachable": true, "B_discovered": false, "verified": false, "best_full": 0.3933, "evals": 1080, "A_passes": 7}, "[1, 3, 0, 2]": {"A_reachable": true, "B_discovered": false, "verified": false, "best_full": 0.4167, "evals": 1074, "A_passes": 7}, "[1, 3, 2, 0]": {"A_reachable": true, "B_discovered": true, "verified": true, "best_full": 1.0, "evals": 1074, "A_passes": 7}, "[2, 0, 1, 3]": {"A_reachable": true, "B_discovered": true, "verified": true, "best_full": 1.0, "evals": 520, "A_passes": 7}, "[2, 0, 3, 1]": {"A_reachable": true, "B_discovered": false, "verified": false, "best_full": 0.4167, "evals": 1768, "A_passes": 7}, "[2, 1, 0, 3]": {"A_reachable": true, "B_discovered": true, "verified": true, "best_full": 1.0, "evals": 519, "A_passes": 7}, "[2, 1, 3, 0]": {"A_reachable": true, "B_discovered": false, "verified": true, "best_full": 0.948, "evals": 917, "A_passes": 7}, "[2, 3, 0, 1]": {"A_reachable": true, "B_discovered": false, "verified": false, "best_full": 0.4167, "evals": 875, "A_passes": 7}, "[2, 3, 1, 0]": {"A_reachable": true, "B_discovered": true, "verified": true, "best_full": 1.0, "evals": 875, "A_passes": 7}, "[3, 0, 1, 2]": {"A_reachable": true, "B_discovered": false, "verified": false, "best_full": 0.4167, "evals": 919, "A_passes": 7}, "[3, 0, 2, 1]": {"A_reachable": true, "B_discovered": false, "verified": false, "best_full": 0.4167, "evals": 928, "A_passes": 7}, "[3, 1, 0, 2]": {"A_reachable": true, "B_discovered": false, "verified": false, "best_full": 0.4167, "evals": 928, "A_passes": 7}, "[3, 1, 2, 0]": {"A_reachable": true, "B_discovered": true, "verified": true, "best_full": 1.0, "evals": 528, "A_passes": 7}, "[3, 2, 0, 1]": {"A_reachable": true, "B_discovered": false, "verified": false, "best_full": 0.4167, "evals": 919, "A_passes": 7}, "[3, 2, 1, 0]": {"A_reachable": true, "B_discovered": true, "verified": true, "best_full": 1.0, "evals": 919, "A_passes": 6}}, "B_S2_agree": "12/24", "B_S2_A_reachable_count": 24, "B_S3a_n8_positive": {"pi": [0, 7, 6, 5, 4, 3, 2, 1], "A_reachable": true, "A_passes": 10, "discovered": true, "verified": true, "best_full": 1.0, "evals": 544, "passes_observed": 17}, "B_S3b_n8_boundary": {"pi": [3, 2, 1, 0, 7, 6, 5, 4], "A_reachable": true, "A_passes": 11, "discovered": false, "verified": false, "best_full": 0.3, "evals": 1505, "prediction": "control-unrealizable (state-trajectory limit)"}, "B_S4_unreachable": null, "B_S5_n5_sample": {"[1, 4, 3, 2, 0]": {"A_reachable": true, "B_discovered": true, "verified": true, "best_full": 1.0, "evals": 607}, "[4, 0, 1, 3, 2]": {"A_reachable": true, "B_discovered": false, "verified": false, "best_full": 0.312, "evals": 916}, "[2, 0, 3, 1, 4]": {"A_reachable": true, "B_discovered": false, "verified": false, "best_full": 0.2893, "evals": 1668}, "[0, 2, 1, 3, 4]": {"A_reachable": true, "B_discovered": false, "verified": false, "best_full": 0.5013, "evals": 928}, "[0, 1, 3, 4, 2]": {"A_reachable": true, "B_discovered": true, "verified": true, "best_full": 1.0, "evals": 1482}, "[1, 4, 3, 0, 2]": {"A_reachable": true, "B_discovered": false, "verified": false, "best_full": 0.3653, "evals": 1016}}, "B_S1b_generalization": {"n4-control@n8": 1.0, "n4-control@n16": 1.0, "n8-S3a-control@n16": 1.0, "reversal-control@headfront-n8": 0.0, "n4-1320-control@n8-embedding": 0.0}}, "ckpt": "c45_perm_discovered.pt", "wall_s": 124.0, "peak_mb": 499.0}
DONE
