[setup] icl-micro cfg={'steps': 10000, 'batch': 32, 'train_len': 64, 'eval_lens': [64, 512, 2048, 4096], 'eval_reps': 2}
[run] ssm_d16_1 params=3296
  [ssm_d16_1] step 500/10000 CE 2.7743 (6s)
  [ssm_d16_1] step 1000/10000 CE 2.7737 (12s)
  [ssm_d16_1] step 1500/10000 CE 2.7757 (18s)
  [ssm_d16_1] step 2000/10000 CE 2.7735 (24s)
  [ssm_d16_1] step 2500/10000 CE 2.7761 (30s)
  [ssm_d16_1] step 3000/10000 CE 2.7744 (36s)
  [ssm_d16_1] step 3500/10000 CE 2.7742 (42s)
  [ssm_d16_1] step 4000/10000 CE 2.7749 (49s)
  [ssm_d16_1] step 4500/10000 CE 2.7740 (55s)
  [ssm_d16_1] step 5000/10000 CE 2.7742 (61s)
  [ssm_d16_1] step 5500/10000 CE 2.7766 (67s)
  [ssm_d16_1] step 6000/10000 CE 2.7731 (73s)
  [ssm_d16_1] step 6500/10000 CE 2.7731 (79s)
  [ssm_d16_1] step 7000/10000 CE 2.7740 (85s)
  [ssm_d16_1] step 7500/10000 CE 2.7741 (91s)
  [ssm_d16_1] step 8000/10000 CE 2.7724 (97s)
  [ssm_d16_1] step 8500/10000 CE 2.7751 (103s)
  [ssm_d16_1] step 9000/10000 CE 2.7739 (109s)
  [ssm_d16_1] step 9500/10000 CE 2.7735 (116s)
  [ssm_d16_1] step 10000/10000 CE 2.7729 (122s)
[run] ssm_d64_1 params=43808
  [ssm_d64_1] step 500/10000 CE 2.7765 (14s)
  [ssm_d64_1] step 1000/10000 CE 2.7761 (27s)
  [ssm_d64_1] step 1500/10000 CE 2.7764 (42s)
  [ssm_d64_1] step 2000/10000 CE 2.7732 (56s)
  [ssm_d64_1] step 2500/10000 CE 2.7772 (70s)
  [ssm_d64_1] step 3000/10000 CE 2.7743 (83s)
  [ssm_d64_1] step 3500/10000 CE 2.7741 (97s)
  [ssm_d64_1] step 4000/10000 CE 2.7752 (110s)
  [ssm_d64_1] step 4500/10000 CE 2.7743 (123s)
  [ssm_d64_1] step 5000/10000 CE 2.7751 (136s)
  [ssm_d64_1] step 5500/10000 CE 2.7773 (150s)
  [ssm_d64_1] step 6000/10000 CE 2.7735 (163s)
  [ssm_d64_1] step 6500/10000 CE 2.7733 (177s)
  [ssm_d64_1] step 7000/10000 CE 2.7746 (191s)
  [ssm_d64_1] step 7500/10000 CE 2.7751 (204s)
  [ssm_d64_1] step 8000/10000 CE 2.7722 (218s)
  [ssm_d64_1] step 8500/10000 CE 2.7755 (234s)
  [ssm_d64_1] step 9000/10000 CE 2.7747 (247s)
  [ssm_d64_1] step 9500/10000 CE 2.7738 (262s)
  [ssm_d64_1] step 10000/10000 CE 2.7727 (275s)
/home/user/TryArena/icl_micro_10k.py:106: UserWarning: enable_nested_tensor is True, but self.use_nested_tensor is False because encoder_layer.norm_first was True
  self.enc = nn.TransformerEncoder(layer, n_layers)
[run] tf_rope params=102048
  [tf_rope] step 500/10000 CE 2.7760 (24s)
  [tf_rope] step 1000/10000 CE 2.7763 (47s)
  [tf_rope] step 1500/10000 CE 2.7758 (71s)
  [tf_rope] step 2000/10000 CE 2.7736 (92s)
  [tf_rope] step 2500/10000 CE 2.7772 (114s)
  [tf_rope] step 3000/10000 CE 2.7737 (137s)
  [tf_rope] step 3500/10000 CE 2.7750 (160s)
  [tf_rope] step 4000/10000 CE 2.7735 (182s)
  [tf_rope] step 4500/10000 CE 2.7749 (204s)
  [tf_rope] step 5000/10000 CE 2.7737 (226s)
  [tf_rope] step 5500/10000 CE 2.7759 (248s)
  [tf_rope] step 6000/10000 CE 2.7728 (270s)
  [tf_rope] step 6500/10000 CE 2.7731 (291s)
  [tf_rope] step 7000/10000 CE 2.7756 (314s)
  [tf_rope] step 7500/10000 CE 2.7756 (337s)
  [tf_rope] step 8000/10000 CE 2.7721 (359s)
  [tf_rope] step 8500/10000 CE 2.7755 (381s)
  [tf_rope] step 9000/10000 CE 2.7755 (404s)
  [tf_rope] step 9500/10000 CE 2.7743 (426s)
  [tf_rope] step 10000/10000 CE 2.7725 (448s)

====================================================================================
ICL-MICRO  dCE nats/token (0 = oracle) | target-dCE = CE on the FINAL value
====================================================================================
run           L64 (total|target)        L512 (total|target)       L2048 (total|target)      L4096 (total|target)      
ssm_d16_1     (0.9907, 2.7894)          (1.3356, 2.7541)          (1.3748, 2.8214)          (1.3812, 2.7425)          
ssm_d64_1     (0.9914, 2.7866)          (1.3359, 2.7567)          (1.3752, 2.8235)          (1.3815, 2.7445)          
tf_rope       (0.9913, 2.7801)          (1.3468, 2.7706)          (2.1714, 2.8266)          (3.0112, 2.6997)          
====================================================================================
RESULT {"tag": "ARC2-C9-ICL-MICRO-10K", "runs": {"ssm_d16_1": {"L64": [0.9907, 2.7894], "L512": [1.3356, 2.7541], "L2048": [1.3748, 2.8214], "L4096": [1.3812, 2.7425]}, "ssm_d64_1": {"L64": [0.9914, 2.7866], "L512": [1.3359, 2.7567], "L2048": [1.3752, 2.8235], "L4096": [1.3815, 2.7445]}, "tf_rope": {"L64": [0.9913, 2.7801], "L512": [1.3468, 2.7706], "L2048": [2.1714, 2.8266], "L4096": [3.0112, 2.6997]}}, "note": "total_dce | target_dCE per length", "wall_s": 851.4, "peak_mb": 1346.3}
DONE
