arch_vet_lm.py:452: UserWarning: Converting a tensor with requires_grad=True to a scalar may lead to unexpected behavior.
Consider using tensor.detach() first. (Triggered internally at /__w/pytorch/pytorch/torch/csrc/autograd/generated/python_variable_methods.cpp:820.)
  hist.append((step, round(float(loss), 4)))
  [P21-A-vanilla-s333] step 250/4000 loss 1.4654 (175s)
  [P21-A-vanilla-s333] step 500/4000 loss 1.3790 (355s)
  [P21-A-vanilla-s333] step 750/4000 loss 1.3664 (533s)
  [P21-A-vanilla-s333] step 1000/4000 loss 1.2923 (710s)
  [P21-A-vanilla-s333] step 1250/4000 loss 1.2977 (890s)
  [P21-A-vanilla-s333] step 1500/4000 loss 1.1788 (1068s)
  [P21-A-vanilla-s333] step 1750/4000 loss 1.1842 (1255s)
  [P21-A-vanilla-s333] step 2000/4000 loss 1.1744 (1437s)
  [P21-A-vanilla-s333] step 2250/4000 loss 1.1752 (1613s)
  [P21-A-vanilla-s333] step 2500/4000 loss 1.2828 (1798s)
  [P21-A-vanilla-s333] step 2750/4000 loss 1.2116 (1981s)
  [P21-A-vanilla-s333] step 3000/4000 loss 1.2476 (2163s)
  [P21-A-vanilla-s333] step 3250/4000 loss 1.1068 (2347s)
  [P21-A-vanilla-s333] step 3500/4000 loss 1.1811 (2531s)
  [P21-A-vanilla-s333] step 3750/4000 loss 1.2288 (2715s)
  [P21-A-vanilla-s333] step 4000/4000 loss 1.1173 (2889s)
[p21 train] /home/user/TryArena/p21_ckpt/A_s333.pt in 2890s params=21257
