arch_vet_lm.py:452: UserWarning: Converting a tensor with requires_grad=True to a scalar may lead to unexpected behavior.
Consider using tensor.detach() first. (Triggered internally at /__w/pytorch/pytorch/torch/csrc/autograd/generated/python_variable_methods.cpp:820.)
  hist.append((step, round(float(loss), 4)))
  [P21-A-vanilla-s111] step 250/4000 loss 1.5094 (176s)
  [P21-A-vanilla-s111] step 500/4000 loss 1.3871 (353s)
  [P21-A-vanilla-s111] step 750/4000 loss 1.3809 (530s)
  [P21-A-vanilla-s111] step 1000/4000 loss 1.3397 (706s)
  [P21-A-vanilla-s111] step 1250/4000 loss 1.3317 (885s)
  [P21-A-vanilla-s111] step 1500/4000 loss 1.1932 (1058s)
  [P21-A-vanilla-s111] step 1750/4000 loss 1.1927 (1235s)
  [P21-A-vanilla-s111] step 2000/4000 loss 1.1724 (1409s)
  [P21-A-vanilla-s111] step 2250/4000 loss 1.1735 (1583s)
  [P21-A-vanilla-s111] step 2500/4000 loss 1.2747 (1754s)
  [P21-A-vanilla-s111] step 2750/4000 loss 1.2038 (1934s)
  [P21-A-vanilla-s111] step 3000/4000 loss 1.2386 (2119s)
  [P21-A-vanilla-s111] step 3250/4000 loss 1.0972 (2294s)
  [P21-A-vanilla-s111] step 3500/4000 loss 1.1769 (2474s)
  [P21-A-vanilla-s111] step 3750/4000 loss 1.2240 (2656s)
  [P21-A-vanilla-s111] step 4000/4000 loss 1.1143 (2831s)
[p21 train] /home/user/TryArena/p21_ckpt/A_s111.pt in 2832s params=21257
