arch_vet_lm.py:452: UserWarning: Converting a tensor with requires_grad=True to a scalar may lead to unexpected behavior.
Consider using tensor.detach() first. (Triggered internally at /__w/pytorch/pytorch/torch/csrc/autograd/generated/python_variable_methods.cpp:820.)
  hist.append((step, round(float(loss), 4)))
  [P21-A-vanilla-s222] step 250/4000 loss 1.5680 (176s)
  [P21-A-vanilla-s222] step 500/4000 loss 1.4099 (353s)
  [P21-A-vanilla-s222] step 750/4000 loss 1.3832 (524s)
  [P21-A-vanilla-s222] step 1000/4000 loss 1.3408 (696s)
  [P21-A-vanilla-s222] step 1250/4000 loss 1.3341 (869s)
  [P21-A-vanilla-s222] step 1500/4000 loss 1.1946 (1040s)
  [P21-A-vanilla-s222] step 1750/4000 loss 1.1952 (1211s)
  [P21-A-vanilla-s222] step 2000/4000 loss 1.1724 (1384s)
  [P21-A-vanilla-s222] step 2250/4000 loss 1.1837 (1568s)
  [P21-A-vanilla-s222] step 2500/4000 loss 1.2784 (1742s)
  [P21-A-vanilla-s222] step 2750/4000 loss 1.2071 (1919s)
  [P21-A-vanilla-s222] step 3000/4000 loss 1.2427 (2092s)
  [P21-A-vanilla-s222] step 3250/4000 loss 1.1089 (2263s)
  [P21-A-vanilla-s222] step 3500/4000 loss 1.1796 (2433s)
  [P21-A-vanilla-s222] step 3750/4000 loss 1.2269 (2603s)
  [P21-A-vanilla-s222] step 4000/4000 loss 1.1210 (2771s)
[p21 train] /home/user/TryArena/p21_ckpt/A_s222.pt in 2772s params=21257
