[p24] s111 TF-A(nape) 20272p  TF-B(alibi) 20272p  total 41954
arch_vet_lm.py:452: UserWarning: Converting a tensor with requires_grad=True to a scalar may lead to unexpected behavior.
Consider using tensor.detach() first. (Triggered internally at /__w/pytorch/pytorch/torch/csrc/autograd/generated/python_variable_methods.cpp:820.)
  hist.append((step, round(float(loss), 4)))
  [P24-TFA-s111] step 250/4000 loss 1.5616 (7s)
  [P24-TFA-s111] step 500/4000 loss 1.4705 (13s)
  [P24-TFA-s111] step 750/4000 loss 1.4357 (20s)
  [P24-TFA-s111] step 1000/4000 loss 1.4066 (27s)
  [P24-TFA-s111] step 1250/4000 loss 1.3982 (33s)
  [P24-TFA-s111] step 1500/4000 loss 1.2572 (40s)
  [P24-TFA-s111] step 1750/4000 loss 1.2643 (47s)
  [P24-TFA-s111] step 2000/4000 loss 1.2623 (53s)
  [P24-TFA-s111] step 2250/4000 loss 1.2593 (60s)
  [P24-TFA-s111] step 2500/4000 loss 1.3310 (67s)
  [P24-TFA-s111] step 2750/4000 loss 1.2698 (73s)
  [P24-TFA-s111] step 3000/4000 loss 1.2970 (80s)
  [P24-TFA-s111] step 3250/4000 loss 1.1396 (87s)
  [P24-TFA-s111] step 3500/4000 loss 1.2244 (95s)
  [P24-TFA-s111] step 3750/4000 loss 1.2733 (102s)
  [P24-TFA-s111] step 4000/4000 loss 1.1496 (108s)
  [P24-TFB-s111] step 250/2000 loss 0.7116 (7s)
  [P24-TFB-s111] step 500/2000 loss 0.5832 (13s)
  [P24-TFB-s111] step 750/2000 loss 0.5295 (20s)
  [P24-TFB-s111] step 1000/2000 loss 0.4990 (27s)
  [P24-TFB-s111] step 1250/2000 loss 0.4754 (34s)
  [P24-TFB-s111] step 1500/2000 loss 0.4669 (40s)
  [P24-TFB-s111] step 1750/2000 loss 0.4384 (47s)
  [P24-TFB-s111] step 2000/2000 loss 0.4477 (54s)
[p24 s111] A-alone hard acc {'track': 0.32558139534883723, 'modk': 0.40384615384615385, 'dyck': 0.0, 'pair': 0.24528301886792453} | B-alone close {3: 0.9085, 6: 0.9782, 12: 0.9514}
  [gate s111] step 250/1500 loss 1.2435 (14s)
  [gate s111] step 500/1500 loss 1.1008 (29s)
  [gate s111] step 750/1500 loss 1.4299 (43s)
  [gate s111] step 1000/1500 loss 1.1074 (57s)
  [gate s111] step 1250/1500 loss 1.2536 (72s)
  [gate s111] step 1500/1500 loss 1.2442 (86s)
[p22 TF-MoE s111] pair=0.5377 modk=0.4038 ratio=0.969 dyck_d12=0.952 joint_pair=0.5641 joint_dyck=0.9068 B_share={'vanilla': 0.0157, 'mixdd': 0.6057, 'deepdyck': 0.9865} agree=0.5863
[p24 TF-MoE s111] BARS=1
[p24] s222 TF-A(nape) 20272p  TF-B(alibi) 20272p  total 41954
  [P24-TFA-s222] step 250/4000 loss 1.6218 (7s)
  [P24-TFA-s222] step 500/4000 loss 1.5481 (13s)
  [P24-TFA-s222] step 750/4000 loss 1.4688 (20s)
  [P24-TFA-s222] step 1000/4000 loss 1.4356 (27s)
  [P24-TFA-s222] step 1250/4000 loss 1.4320 (34s)
  [P24-TFA-s222] step 1500/4000 loss 1.2958 (40s)
  [P24-TFA-s222] step 1750/4000 loss 1.3051 (47s)
  [P24-TFA-s222] step 2000/4000 loss 1.3058 (54s)
  [P24-TFA-s222] step 2250/4000 loss 1.2888 (62s)
  [P24-TFA-s222] step 2500/4000 loss 1.3778 (69s)
  [P24-TFA-s222] step 2750/4000 loss 1.3069 (75s)
  [P24-TFA-s222] step 3000/4000 loss 1.3323 (82s)
  [P24-TFA-s222] step 3250/4000 loss 1.1649 (89s)
  [P24-TFA-s222] step 3500/4000 loss 1.2417 (96s)
  [P24-TFA-s222] step 3750/4000 loss 1.2766 (103s)
  [P24-TFA-s222] step 4000/4000 loss 1.1668 (110s)
  [P24-TFB-s222] step 250/2000 loss 0.6362 (7s)
  [P24-TFB-s222] step 500/2000 loss 0.4884 (14s)
  [P24-TFB-s222] step 750/2000 loss 0.5276 (21s)
  [P24-TFB-s222] step 1000/2000 loss 0.4738 (28s)
  [P24-TFB-s222] step 1250/2000 loss 0.4697 (35s)
  [P24-TFB-s222] step 1500/2000 loss 0.4530 (42s)
  [P24-TFB-s222] step 1750/2000 loss 0.4390 (49s)
  [P24-TFB-s222] step 2000/2000 loss 0.4518 (56s)
[p24 s222] A-alone hard acc {'track': 0.27906976744186046, 'modk': 0.21153846153846154, 'dyck': 0.037037037037037035, 'pair': 0.4716981132075472} | B-alone close {3: 0.9487, 6: 0.9821, 12: 0.9505}
  [gate s222] step 250/1500 loss 1.1510 (14s)
  [gate s222] step 500/1500 loss 1.1309 (28s)
  [gate s222] step 750/1500 loss 1.4299 (42s)
  [gate s222] step 1000/1500 loss 0.9519 (56s)
  [gate s222] step 1250/1500 loss 1.2423 (71s)
  [gate s222] step 1500/1500 loss 1.4298 (85s)
[p22 TF-MoE s222] pair=0.6321 modk=0.2115 ratio=1.339 dyck_d12=0.9516 joint_pair=0.4808 joint_dyck=0.874 B_share={'vanilla': 0.0079, 'mixdd': 0.6338, 'deepdyck': 0.9814} agree=0.5589
[p24 TF-MoE s222] BARS=1
[P24] SUMMARY {"bars_passed_per_seed": [1, 1], "pair": [0.5377, 0.6321], "modk": [0.4038, 0.2115], "ratio": [0.969, 1.339], "dyck_d12": [0.952, 0.9516], "joint_pair": [0.5641, 0.4808], "joint_dyck": [0.9068, 0.874], "gate_b_share": [{"vanilla": 0.0157, "mixdd": 0.6057, "deepdyck": 0.9865}, {"vanilla": 0.0079, "mixdd": 0.6338, "deepdyck": 0.9814}]}
DONE
