[p27 s111] bars=4 guard={'pair': 0.8585, 'modk': 1.0, 'ratio': 0.596, 'dyck_d12': 0.9838} identity=1.0 text 2.786/2.786 chatmix {'track': 0.907, 'modk': 1.0, 'pair': 0.9878, 'dyck_close': 0.9763, 'n_close': 211} gen 0.9048 {'track': 0.9048, 'modk': None, 'pair': None}
[p27 s111] SAMPLE: '<28><4><4><21><21><21><21><21><21><21><21><21><21><21><21><3><25><4><4><4><29><30><32><31><4><4><4><30><29><31><32><4><4><4><29><29><31><31><4><4><4><30><29><31><32><4><4><4><29><29><29><31><29><31><3'
[p27 s222] bars=4 guard={'pair': 0.8774, 'modk': 1.0, 'ratio': 0.503, 'dyck_d12': 0.9496} identity=1.0 text 2.6743/2.6743 chatmix {'track': 0.9302, 'modk': 1.0, 'pair': 0.9878, 'dyck_close': 0.891, 'n_close': 211} gen 0.9048 {'track': 0.9048, 'modk': None, 'pair': None}
[p27 s222] SAMPLE: '<28><4><4><4><30><29><31><32><4><4><21><21><21><21><21><21><21><21><21><21><21><21><3><25><4><4><4><30><29><31><32><4><4><21><21><21><21><21><21><21><21><21><21><21><21><3><25><4><4><4><30><29><31><32'
  [P27-C-s333] step 1000/4000 loss 1.9092 (62s)
  [P27-C-s333] step 2000/4000 loss 1.6203 (124s)
  [P27-C-s333] step 3000/4000 loss 1.6531 (185s)
  [P27-C-s333] step 4000/4000 loss 1.7193 (249s)
  [P27-M-s333] step 500/1000 loss 1.0188 (422s)
  [P27-M-s333] step 1000/1000 loss 1.7359 (846s)
[p27 s333] bars=4 guard={'pair': 0.8585, 'modk': 1.0, 'ratio': 0.443, 'dyck_d12': 0.9728} identity=1.0 text 2.6656/2.6656 chatmix {'track': 0.907, 'modk': 1.0, 'pair': 0.9878, 'dyck_close': 0.8294, 'n_close': 211} gen 0.9048 {'track': 0.9048, 'modk': None, 'pair': None}
[p27 s333] SAMPLE: '<28><1><13><1><1><1><1><19><19><19><19><19><19><19><19><19><3><25><4><4><4><30><29><31><29><31><32><29><29><31><29><31><31><15><17><20><17><18><17><19><15><17><17><17><17><17><17><1><4><4><4><29><30><'
  [P27-C-s444] step 1000/4000 loss 1.8358 (64s)
  [P27-C-s444] step 2000/4000 loss 1.5708 (122s)
  [P27-C-s444] step 3000/4000 loss 1.5733 (180s)
  [P27-C-s444] step 4000/4000 loss 1.7195 (242s)
  [P27-M-s444] step 500/1000 loss 0.9683 (419s)
  [P27-M-s444] step 1000/1000 loss 1.7076 (844s)
[p27 s444] bars=4 guard={'pair': 0.9151, 'modk': 1.0, 'ratio': 0.546, 'dyck_d12': 0.9836} identity=1.0 text 2.7001/2.7001 chatmix {'track': 0.9302, 'modk': 1.0, 'pair': 0.9878, 'dyck_close': 0.9905, 'n_close': 211} gen 0.9048 {'track': 0.9048, 'modk': None, 'pair': None}
[p27 s444] SAMPLE: '<28><4><4><4><30><29><31><32><4><4><21><21><21><21><21><21><21><21><21><21><21><21><3><25><4><4><21><21><21><21><21><21><21><21><21><21><21><21><3><25><4><4><21><21><21><21><21><21><21><21><21><21><21'
  [P27-C-s555] step 1000/4000 loss 1.8894 (62s)
  [P27-C-s555] step 2000/4000 loss 1.6055 (126s)
  [P27-C-s555] step 3000/4000 loss 1.6189 (192s)
  [P27-C-s555] step 4000/4000 loss 1.7200 (259s)
  [P27-M-s555] step 500/1000 loss 0.9242 (415s)
  [P27-M-s555] step 1000/1000 loss 1.9484 (830s)
[p27 s555] bars=4 guard={'pair': 0.8302, 'modk': 1.0, 'ratio': 0.504, 'dyck_d12': 0.9752} identity=1.0 text 2.7447/2.7447 chatmix {'track': 0.9302, 'modk': 1.0, 'pair': 0.9878, 'dyck_close': 0.9336, 'n_close': 211} gen 0.9048 {'track': 0.9048, 'modk': None, 'pair': None}
[p27 s555] SAMPLE: '<28><4><4><21><21><21><21><21><21><21><21><21><21><21><21><3><25><4><4><21><21><21><21><21><21><21><21><21><21><21><3><27><4><4><21><21><21><21><21><21><21><21><21><21><21><3><27><4><4><4><29><29><31>'
  [P27-C-s666] step 1000/4000 loss 1.8580 (60s)
  [P27-C-s666] step 2000/4000 loss 1.6015 (117s)
  [P27-C-s666] step 3000/4000 loss 1.6464 (178s)
  [P27-C-s666] step 4000/4000 loss 1.7083 (241s)
  [P27-M-s666] step 500/1000 loss 0.8489 (428s)
  [P27-M-s666] step 1000/1000 loss 1.7655 (849s)
[p27 s666] bars=4 guard={'pair': 0.934, 'modk': 1.0, 'ratio': 0.433, 'dyck_d12': 0.9459} identity=1.0 text 2.6928/2.6928 chatmix {'track': 0.9302, 'modk': 1.0, 'pair': 0.9878, 'dyck_close': 0.9336, 'n_close': 211} gen 0.9048 {'track': 0.9048, 'modk': None, 'pair': None}
[p27 s666] SAMPLE: '<28><4><4><4><30><29><31><32><4><4><4><30><29><31><32><4><4><4><30><29><31><32><4><4><4><30><29><31><32><4><4><4><30><29><31><32><4><4><4><30><29><31><32><4><4><4><30><29><31><32><4><4><4><30><29><31>'
  [P27-C-s777] step 1000/4000 loss 1.8802 (69s)
  [P27-C-s777] step 2000/4000 loss 1.6062 (131s)
  [P27-C-s777] step 3000/4000 loss 1.6262 (198s)
  [P27-C-s777] step 4000/4000 loss 1.7264 (266s)
  [P27-M-s777] step 500/1000 loss 0.7828 (424s)
  [P27-M-s777] step 1000/1000 loss 1.8107 (836s)
[p27 s777] bars=4 guard={'pair': 0.934, 'modk': 1.0, 'ratio': 0.469, 'dyck_d12': 0.969} identity=1.0 text 2.6782/2.6782 chatmix {'track': 0.9302, 'modk': 1.0, 'pair': 0.9878, 'dyck_close': 0.9242, 'n_close': 211} gen 0.9048 {'track': 0.9048, 'modk': None, 'pair': None}
[p27 s777] SAMPLE: '<28><1><1><1><1><1><1><1><1><1><1><1><4><21><21><21><21><21><21><21><21><21><21><21><3><27><4><4><21><21><21><21><21><21><21><21><21><21><21><3><27><4><4><21><21><21><21><21><21><21><21><21><21><21><3'
  [P27-C-s888] step 1000/4000 loss 1.9035 (58s)
  [P27-C-s888] step 2000/4000 loss 1.6151 (116s)
  [P27-C-s888] step 3000/4000 loss 1.6355 (174s)
  [P27-C-s888] step 4000/4000 loss 1.7134 (233s)
  [P27-M-s888] step 500/1000 loss 0.9095 (415s)
  [P27-M-s888] step 1000/1000 loss 1.7749 (830s)
[p27 s888] bars=4 guard={'pair': 0.8491, 'modk': 1.0, 'ratio': 0.528, 'dyck_d12': 0.9845} identity=1.0 text 2.7458/2.7458 chatmix {'track': 0.814, 'modk': 0.9804, 'pair': 0.9878, 'dyck_close': 0.9716, 'n_close': 211} gen 0.8571 {'track': 0.8571, 'modk': None, 'pair': None}
[p27 s888] SAMPLE: '<28><4><4><21><21><21><21><21><21><21><21><21><21><21><21><3><25><4><4><4><30><29><31><29><31><32><30><29><31><29><31><32><29><30><32><29><31><31><4><4><4><30><30><30><32><29><31><32><30><30><32><29><'
  [P27-C-s999] step 1000/4000 loss 1.8921 (62s)
  [P27-C-s999] step 2000/4000 loss 1.5828 (123s)
  [P27-C-s999] step 3000/4000 loss 1.5987 (187s)
  [P27-C-s999] step 4000/4000 loss 1.7138 (249s)
  [P27-M-s999] step 500/1000 loss 1.0866 (416s)
  [P27-M-s999] step 1000/1000 loss 1.7308 (832s)
[p27 s999] bars=4 guard={'pair': 0.8491, 'modk': 1.0, 'ratio': 0.454, 'dyck_d12': 0.944} identity=1.0 text 2.7668/2.7668 chatmix {'track': 0.9302, 'modk': 1.0, 'pair': 0.9878, 'dyck_close': 0.7678, 'n_close': 211} gen 0.9048 {'track': 0.9048, 'modk': None, 'pair': None}
[p27 s999] SAMPLE: '<28><1><1><1><1><1><1><1><19><19><15><19><15><19><3><25><4><4><4><30><29><31><32><4><4><4><29><29><31><31><4><4><4><29><29><31><31><4><4><4><29><29><31><31><4><4><4><29><29><31><31><4><4><4><29><29><3'
  [P27-C-s1010] step 1000/4000 loss 1.8834 (63s)
  [P27-C-s1010] step 2000/4000 loss 1.5936 (130s)
  [P27-C-s1010] step 3000/4000 loss 1.6471 (198s)
  [P27-C-s1010] step 4000/4000 loss 1.6811 (265s)
  [P27-M-s1010] step 500/1000 loss 0.9613 (417s)
  [P27-M-s1010] step 1000/1000 loss 1.6144 (835s)
[p27 s1010] bars=4 guard={'pair': 0.9811, 'modk': 1.0, 'ratio': 0.514, 'dyck_d12': 0.9726} identity=1.0 text 2.7858/2.7858 chatmix {'track': 0.8605, 'modk': 0.9804, 'pair': 0.9878, 'dyck_close': 0.9668, 'n_close': 211} gen 0.8571 {'track': 0.8571, 'modk': None, 'pair': None}
[p27 s1010] SAMPLE: '<28><4><4><21><21><21><21><21><21><21><21><21><21><21><21><21><21><3><27><4><4><21><21><21><21><21><21><21><21><21><21><21><21><3><25><4><4><21><21><21><21><21><21><21><21><21><21><21><21><3><25><4><4'
  [P27-ctrl-tf-s111] step 2000/6000 loss 1.6526 (104s)
  [P27-ctrl-tf-s111] step 4000/6000 loss 1.4268 (213s)
  [P27-ctrl-tf-s111] step 6000/6000 loss 1.4122 (321s)
[p27 ctrl tf s111] {'pair': 0.32075471698113206, 'modk': 0.28846153846153844, 'track': 0.3953488372093023, 'ratio': 0.942, 'dyck_d12': 0.8111, 'bars': 0, 'generation': {'exact': 0.2857, 'n': 21, 'per_family': {'track': 0.2857, 'modk': None, 'pair': None}, 'sample': '<28><4><4><21><21><21><21><21><21><21><21><21><21><21><21><3><25><4><4><21><21><21><21><21><21><21><21><21><21><3><25><4><4><21><21><21><21><21><21><21><21><21><21><3><25><4><4><4><30><29><31><29><31><32><29><29><31><29><31><31><4><4><4><29><29><31><29><31><31><29><29><31><31><4><4><4><29><29><31><29><31>'}, 'text_ce': 3.17}
  [P27-ctrl-tf-s222] step 2000/6000 loss 1.6139 (108s)
  [P27-ctrl-tf-s222] step 4000/6000 loss 1.4568 (218s)
  [P27-ctrl-tf-s222] step 6000/6000 loss 1.4520 (328s)
[p27 ctrl tf s222] {'pair': 0.4339622641509434, 'modk': 0.38461538461538464, 'track': 0.32558139534883723, 'ratio': 0.689, 'dyck_d12': 0.7276, 'bars': 0, 'generation': {'exact': 0.4286, 'n': 21, 'per_family': {'track': 0.4286, 'modk': None, 'pair': None}, 'sample': '<28><4><4><21><21><21><21><21><21><21><21><21><21><21><21><21><21><21><21><21><21><21><21><21><21><3><25><4><4><21><21><21><21><21><21><21><21><21><21><21><21><21><21><21><21><21><21><21><21><21><21><21><21><3><25><4><4><21><21><21><21><21><21><21><21><21><21><21><21><21><21><21><21><21><21><21><21><21><21><21><21>'}, 'text_ce': 3.137}
  [P27-ctrl-gru-s111] step 2000/6000 loss 1.2552 (256s)
  [P27-ctrl-gru-s111] step 4000/6000 loss 1.0633 (505s)
  [P27-ctrl-gru-s111] step 6000/6000 loss 1.0277 (755s)
[p27 ctrl gru s111] {'pair': 0.9622641509433962, 'modk': 0.6153846153846154, 'track': 0.6511627906976745, 'ratio': 0.605, 'dyck_d12': 0.8934, 'bars': 2, 'generation': {'exact': 0.9048, 'n': 21, 'per_family': {'track': 0.9048, 'modk': None, 'pair': None}, 'sample': '<28><4><4><21><21><21><21><21><21><21><21><21><21><21><21><3><25><4><4><21><21><21><21><21><21><21><21><21><21><21><21><3><25><4><4><21><21><21><21><21><21><21><21><21><21><21><21><3><25><4><4><21><21><21><21><21><21><21><21><21><21><21><21><3><25><4><4><21><21><21><21><21><21><21><21><21><21><21><21><3><25>'}, 'text_ce': 3.3389}
  [P27-ctrl-gru-s222] step 2000/6000 loss 1.2493 (266s)
  [P27-ctrl-gru-s222] step 4000/6000 loss 1.0853 (527s)
  [P27-ctrl-gru-s222] step 6000/6000 loss 1.0076 (783s)
[p27 ctrl gru s222] {'pair': 0.6792452830188679, 'modk': 0.34615384615384615, 'track': 0.4418604651162791, 'ratio': 0.639, 'dyck_d12': 0.896, 'bars': 1, 'generation': {'exact': 0.8095, 'n': 21, 'per_family': {'track': 0.8095, 'modk': None, 'pair': None}, 'sample': '<28><4><4><4><29><29><31><29><31><31><29><29><31><29><31><31><4><4><4><29><29><31><29><31><31><29><29><31><29><31><31><4><4><4><29><29><31><29><31><31><29><29><31><29><31><31><4><4><4><29><29><31><29><31><31><29><29><31><29><31><31><4><4><4><29><29><31><29><31><31><29><29><31><29><31><31><4><4><4><29><29>'}, 'text_ce': 3.3965}
[P27] SUMMARY {"n_seeds": 10, "bars_passed_per_seed": [4, 4, 4, 4, 4, 4, 4, 4, 4, 4], "all4": {"k": 10, "n": 10, "wilson95": [0.722, 1.0]}, "identity": [1.0, 1.0, 1.0, 1.0, 1.0, 1.0, 1.0, 1.0, 1.0, 1.0], "text_ce_routed": [2.786, 2.6743, 2.6656, 2.7001, 2.7447, 2.6928, 2.6782, 2.7458, 2.7668, 2.7858], "text_ce_C": [2.786, 2.6743, 2.6656, 2.7001, 2.7447, 2.6928, 2.6782, 2.7458, 2.7668, 2.7858], "chatmix_modk": [1.0, 1.0, 1.0, 1.0, 1.0, 1.0, 1.0, 0.9804, 1.0, 0.9804], "chatmix_pair": [0.9878, 0.9878, 0.9878, 0.9878, 0.9878, 0.9878, 0.9878, 0.9878, 0.9878, 0.9878], "chatmix_dyck": [0.9763, 0.891, 0.8294, 0.9905, 0.9336, 0.9336, 0.9242, 0.9716, 0.7678, 0.9668], "gen_exact": [0.9048, 0.9048, 0.9048, 0.9048, 0.9048, 0.9048, 0.9048, 0.8571, 0.9048, 0.8571]}
[P27] DONE
