[p31] TF-nope s111 params 42672
arch_vet_lm.py:452: UserWarning: Converting a tensor with requires_grad=True to a scalar may lead to unexpected behavior.
Consider using tensor.detach() first. (Triggered internally at /__w/pytorch/pytorch/torch/csrc/autograd/generated/python_variable_methods.cpp:820.)
  hist.append((step, round(float(loss), 4)))
  [P31-TF-nope-s111] step 250/4000 loss 1.9684 (9s)
  [P31-TF-nope-s111] step 500/4000 loss 1.8959 (18s)
  [P31-TF-nope-s111] step 750/4000 loss 1.8052 (28s)
  [P31-TF-nope-s111] step 1000/4000 loss 1.7960 (37s)
  [P31-TF-nope-s111] step 1250/4000 loss 1.7993 (46s)
  [P31-TF-nope-s111] step 1500/4000 loss 1.7691 (56s)
  [P31-TF-nope-s111] step 1750/4000 loss 1.7902 (65s)
  [P31-TF-nope-s111] step 2000/4000 loss 1.7646 (74s)
  [P31-TF-nope-s111] step 2250/4000 loss 1.7429 (84s)
  [P31-TF-nope-s111] step 2500/4000 loss 1.7163 (93s)
  [P31-TF-nope-s111] step 2750/4000 loss 1.7521 (103s)
  [P31-TF-nope-s111] step 3000/4000 loss 1.7021 (112s)
  [P31-TF-nope-s111] step 3250/4000 loss 1.7122 (121s)
  [P31-TF-nope-s111] step 3500/4000 loss 1.6677 (131s)
  [P31-TF-nope-s111] step 3750/4000 loss 1.6593 (141s)
  [P31-TF-nope-s111] step 4000/4000 loss 1.6115 (151s)
[p31 TF-nope s111] {'n1_train': 0.8687, 'n2_train': 0.5503, 'n3_train': 0.416, 'n4_train': 0.3099, 'n6_train': 0.2004, 'n8_train': 0.1458, 'n1_hard': 0.2727, 'n2_hard': 0.2368, 'n3_hard': 0.2026, 'n4_hard': 0.1685, 'n6_hard': 0.1736, 'n8_hard': 0.1278, 'ce_256hard': 5.8353, 'ce_1024': 2.7548, 'ratio': 0.472}
[p31] TF-nope s222 params 42672
  [P31-TF-nope-s222] step 250/4000 loss 2.0357 (9s)
  [P31-TF-nope-s222] step 500/4000 loss 1.9188 (18s)
  [P31-TF-nope-s222] step 750/4000 loss 1.8068 (26s)
  [P31-TF-nope-s222] step 1000/4000 loss 1.7977 (35s)
  [P31-TF-nope-s222] step 1250/4000 loss 1.7630 (43s)
  [P31-TF-nope-s222] step 1500/4000 loss 1.7512 (52s)
  [P31-TF-nope-s222] step 1750/4000 loss 1.7645 (61s)
  [P31-TF-nope-s222] step 2000/4000 loss 1.7283 (69s)
  [P31-TF-nope-s222] step 2250/4000 loss 1.7294 (78s)
  [P31-TF-nope-s222] step 2500/4000 loss 1.6950 (88s)
  [P31-TF-nope-s222] step 2750/4000 loss 1.7331 (98s)
  [P31-TF-nope-s222] step 3000/4000 loss 1.7042 (108s)
  [P31-TF-nope-s222] step 3250/4000 loss 1.6842 (119s)
  [P31-TF-nope-s222] step 3500/4000 loss 1.6605 (129s)
  [P31-TF-nope-s222] step 3750/4000 loss 1.6761 (139s)
  [P31-TF-nope-s222] step 4000/4000 loss 1.6223 (150s)
[p31 TF-nope s222] {'n1_train': 0.7778, 'n2_train': 0.5906, 'n3_train': 0.4815, 'n4_train': 0.3438, 'n6_train': 0.1985, 'n8_train': 0.1562, 'n1_hard': 0.197, 'n2_hard': 0.1754, 'n3_hard': 0.098, 'n4_hard': 0.087, 'n6_hard': 0.0521, 'n8_hard': 0.0528, 'ce_256hard': 5.6679, 'ce_1024': 3.318, 'ratio': 0.585}
[P31 TF-nope] SUMMARY {"n1_train": [0.8687, 0.7778], "n2_train": [0.5503, 0.5906], "n3_train": [0.416, 0.4815], "n4_train": [0.3099, 0.3438], "n6_train": [0.2004, 0.1985], "n8_train": [0.1458, 0.1562], "n1_hard": [0.2727, 0.197], "n2_hard": [0.2368, 0.1754], "n3_hard": [0.2026, 0.098], "n4_hard": [0.1685, 0.087], "n6_hard": [0.1736, 0.0521], "n8_hard": [0.1278, 0.0528], "ce_256hard": [5.8353, 5.6679], "ce_1024": [2.7548, 3.318], "ratio": [0.472, 0.585], "params": [42672, 42672]}
[p31] TF-alibi s111 params 42672
  [P31-TF-alibi-s111] step 250/4000 loss 1.7330 (9s)
  [P31-TF-alibi-s111] step 500/4000 loss 1.6927 (17s)
  [P31-TF-alibi-s111] step 750/4000 loss 1.5787 (26s)
  [P31-TF-alibi-s111] step 1000/4000 loss 1.5371 (35s)
  [P31-TF-alibi-s111] step 1250/4000 loss 1.4633 (44s)
  [P31-TF-alibi-s111] step 1500/4000 loss 1.4312 (52s)
  [P31-TF-alibi-s111] step 1750/4000 loss 1.4489 (61s)
  [P31-TF-alibi-s111] step 2000/4000 loss 1.4000 (70s)
  [P31-TF-alibi-s111] step 2250/4000 loss 1.4408 (79s)
  [P31-TF-alibi-s111] step 2500/4000 loss 1.4089 (88s)
  [P31-TF-alibi-s111] step 2750/4000 loss 1.3969 (96s)
  [P31-TF-alibi-s111] step 3000/4000 loss 1.3759 (105s)
  [P31-TF-alibi-s111] step 3250/4000 loss 1.3756 (114s)
  [P31-TF-alibi-s111] step 3500/4000 loss 1.3722 (122s)
  [P31-TF-alibi-s111] step 3750/4000 loss 1.3714 (131s)
  [P31-TF-alibi-s111] step 4000/4000 loss 1.3585 (139s)
[p31 TF-alibi s111] {'n1_train': 0.9798, 'n2_train': 0.9698, 'n3_train': 0.9687, 'n4_train': 0.9401, 'n6_train': 0.8408, 'n8_train': 0.7083, 'n1_hard': 0.8788, 'n2_hard': 0.9825, 'n3_hard': 0.9542, 'n4_hard': 0.8859, 'n6_hard': 0.7812, 'n8_hard': 0.6667, 'ce_256hard': 4.3363, 'ce_1024': 2.0645, 'ratio': 0.476}
[p31] TF-alibi s222 params 42672
  [P31-TF-alibi-s222] step 250/4000 loss 1.7332 (9s)
  [P31-TF-alibi-s222] step 500/4000 loss 1.6920 (17s)
  [P31-TF-alibi-s222] step 750/4000 loss 1.5825 (25s)
  [P31-TF-alibi-s222] step 1000/4000 loss 1.5839 (34s)
  [P31-TF-alibi-s222] step 1250/4000 loss 1.5363 (43s)
  [P31-TF-alibi-s222] step 1500/4000 loss 1.4732 (51s)
  [P31-TF-alibi-s222] step 1750/4000 loss 1.4902 (59s)
  [P31-TF-alibi-s222] step 2000/4000 loss 1.4472 (68s)
  [P31-TF-alibi-s222] step 2250/4000 loss 1.4470 (76s)
  [P31-TF-alibi-s222] step 2500/4000 loss 1.4182 (85s)
  [P31-TF-alibi-s222] step 2750/4000 loss 1.4535 (93s)
  [P31-TF-alibi-s222] step 3000/4000 loss 1.4148 (102s)
  [P31-TF-alibi-s222] step 3250/4000 loss 1.4185 (110s)
  [P31-TF-alibi-s222] step 3500/4000 loss 1.4144 (119s)
  [P31-TF-alibi-s222] step 3750/4000 loss 1.4169 (127s)
  [P31-TF-alibi-s222] step 4000/4000 loss 1.3952 (136s)
[p31 TF-alibi s222] {'n1_train': 0.9848, 'n2_train': 0.7617, 'n3_train': 0.661, 'n4_train': 0.5703, 'n6_train': 0.4663, 'n8_train': 0.3767, 'n1_hard': 0.6061, 'n2_hard': 0.4825, 'n3_hard': 0.3987, 'n4_hard': 0.375, 'n6_hard': 0.3299, 'n8_hard': 0.2722, 'ce_256hard': 4.0863, 'ce_1024': 2.9844, 'ratio': 0.73}
[P31 TF-alibi] SUMMARY {"n1_train": [0.9798, 0.9848], "n2_train": [0.9698, 0.7617], "n3_train": [0.9687, 0.661], "n4_train": [0.9401, 0.5703], "n6_train": [0.8408, 0.4663], "n8_train": [0.7083, 0.3767], "n1_hard": [0.8788, 0.6061], "n2_hard": [0.9825, 0.4825], "n3_hard": [0.9542, 0.3987], "n4_hard": [0.8859, 0.375], "n6_hard": [0.7812, 0.3299], "n8_hard": [0.6667, 0.2722], "ce_256hard": [4.3363, 4.0863], "ce_1024": [2.0645, 2.9844], "ratio": [0.476, 0.73], "params": [42672, 42672]}
[P31] DONE
