[p31] VETDCC s111 params 21257
arch_vet_lm.py:452: UserWarning: Converting a tensor with requires_grad=True to a scalar may lead to unexpected behavior.
Consider using tensor.detach() first. (Triggered internally at /__w/pytorch/pytorch/torch/csrc/autograd/generated/python_variable_methods.cpp:820.)
  hist.append((step, round(float(loss), 4)))
  [P31-VETDCC-s111] step 250/4000 loss 1.8258 (123s)
  [P31-VETDCC-s111] step 500/4000 loss 1.8205 (245s)
  [P31-VETDCC-s111] step 750/4000 loss 1.7797 (367s)
  [P31-VETDCC-s111] step 1000/4000 loss 1.8014 (490s)
  [P31-VETDCC-s111] step 1250/4000 loss 1.7712 (609s)
  [P31-VETDCC-s111] step 1500/4000 loss 1.7611 (728s)
  [P31-VETDCC-s111] step 1750/4000 loss 1.8266 (849s)
  [P31-VETDCC-s111] step 2000/4000 loss 1.7655 (974s)
  [P31-VETDCC-s111] step 2250/4000 loss 1.7293 (1092s)
  [P31-VETDCC-s111] step 2500/4000 loss 1.6458 (1212s)
  [P31-VETDCC-s111] step 2750/4000 loss 1.6444 (1329s)
  [P31-VETDCC-s111] step 3000/4000 loss 1.5704 (1449s)
  [P31-VETDCC-s111] step 3250/4000 loss 1.5609 (1568s)
  [P31-VETDCC-s111] step 3500/4000 loss 1.5716 (1689s)
  [P31-VETDCC-s111] step 3750/4000 loss 1.5519 (1812s)
  [P31-VETDCC-s111] step 4000/4000 loss 1.5330 (1932s)
[p31 VETDCC s111] {'n1_train': 1.0, 'n2_train': 0.802, 'n3_train': 0.6781, 'n4_train': 0.6094, 'n6_train': 0.4738, 'n8_train': 0.3872, 'n1_hard': 0.9848, 'n2_hard': 0.7018, 'n3_hard': 0.6275, 'n4_hard': 0.5054, 'n6_hard': 0.3889, 'n8_hard': 0.2694, 'ce_256hard': 2.4495, 'ce_1024': 1.5919, 'ratio': 0.65}
[p31] VETDCC s222 params 21257
  [P31-VETDCC-s222] step 250/4000 loss 1.9529 (119s)
  [P31-VETDCC-s222] step 500/4000 loss 1.8209 (232s)
  [P31-VETDCC-s222] step 750/4000 loss 1.7810 (352s)
  [P31-VETDCC-s222] step 1000/4000 loss 1.7975 (468s)
  [P31-VETDCC-s222] step 1250/4000 loss 1.7669 (585s)
  [P31-VETDCC-s222] step 1500/4000 loss 1.7656 (707s)
  [P31-VETDCC-s222] step 1750/4000 loss 1.7974 (837s)
  [P31-VETDCC-s222] step 2000/4000 loss 1.7568 (959s)
  [P31-VETDCC-s222] step 2250/4000 loss 1.7434 (1081s)
  [P31-VETDCC-s222] step 2500/4000 loss 1.6715 (1200s)
  [P31-VETDCC-s222] step 2750/4000 loss 1.6317 (1322s)
  [P31-VETDCC-s222] step 3000/4000 loss 1.6028 (1442s)
  [P31-VETDCC-s222] step 3250/4000 loss 1.5662 (1562s)
  [P31-VETDCC-s222] step 3500/4000 loss 1.5722 (1686s)
  [P31-VETDCC-s222] step 3750/4000 loss 1.5595 (1816s)
  [P31-VETDCC-s222] step 4000/4000 loss 1.5282 (1947s)
[p31 VETDCC s222] {'n1_train': 1.0, 'n2_train': 0.7685, 'n3_train': 0.6752, 'n4_train': 0.6172, 'n6_train': 0.427, 'n8_train': 0.2569, 'n1_hard': 1.0, 'n2_hard': 0.7368, 'n3_hard': 0.6144, 'n4_hard': 0.5272, 'n6_hard': 0.3889, 'n8_hard': 0.225, 'ce_256hard': 2.5571, 'ce_1024': 1.5859, 'ratio': 0.62}
[P31 VETDCC] SUMMARY {"n1_train": [1.0, 1.0], "n2_train": [0.802, 0.7685], "n3_train": [0.6781, 0.6752], "n4_train": [0.6094, 0.6172], "n6_train": [0.4738, 0.427], "n8_train": [0.3872, 0.2569], "n1_hard": [0.9848, 1.0], "n2_hard": [0.7018, 0.7368], "n3_hard": [0.6275, 0.6144], "n4_hard": [0.5054, 0.5272], "n6_hard": [0.3889, 0.3889], "n8_hard": [0.2694, 0.225], "ce_256hard": [2.4495, 2.5571], "ce_1024": [1.5919, 1.5859], "ratio": [0.65, 0.62], "params": [21257, 21257]}
[p31] VETKRB s111 params 21290
  [P31-VETKRB-s111] step 250/4000 loss 1.8499 (156s)
  [P31-VETKRB-s111] step 500/4000 loss 1.7104 (305s)
  [P31-VETKRB-s111] step 750/4000 loss 1.5953 (456s)
  [P31-VETKRB-s111] step 1000/4000 loss 1.6104 (599s)
  [P31-VETKRB-s111] step 1250/4000 loss 1.5930 (749s)
  [P31-VETKRB-s111] step 1500/4000 loss 1.5737 (893s)
  [P31-VETKRB-s111] step 1750/4000 loss 1.6263 (1038s)
  [P31-VETKRB-s111] step 2000/4000 loss 1.5543 (1184s)
  [P31-VETKRB-s111] step 2250/4000 loss 1.5908 (1330s)
  [P31-VETKRB-s111] step 2500/4000 loss 1.5519 (1474s)
  [P31-VETKRB-s111] step 2750/4000 loss 1.5564 (1619s)
  [P31-VETKRB-s111] step 3000/4000 loss 1.5380 (1770s)
  [P31-VETKRB-s111] step 3250/4000 loss 1.5419 (1924s)
  [P31-VETKRB-s111] step 3500/4000 loss 1.5159 (2072s)
  [P31-VETKRB-s111] step 3750/4000 loss 1.5242 (2224s)
  [P31-VETKRB-s111] step 4000/4000 loss 1.4983 (2378s)
[p31 VETKRB s111] {'n1_train': 1.0, 'n2_train': 1.0, 'n3_train': 1.0, 'n4_train': 1.0, 'n6_train': 0.9963, 'n8_train': 0.9844, 'n1_hard': 1.0, 'n2_hard': 1.0, 'n3_hard': 1.0, 'n4_hard': 1.0, 'n6_hard': 1.0, 'n8_hard': 1.0, 'ce_256hard': 2.3145, 'ce_1024': 1.544, 'ratio': 0.667}
[p31] VETKRB s222 params 21290
  [P31-VETKRB-s222] step 250/4000 loss 1.8582 (157s)
  [P31-VETKRB-s222] step 500/4000 loss 1.7673 (300s)
  [P31-VETKRB-s222] step 750/4000 loss 1.6345 (447s)
  [P31-VETKRB-s222] step 1000/4000 loss 1.6347 (598s)
  [P31-VETKRB-s222] step 1250/4000 loss 1.8758 (745s)
  [P31-VETKRB-s222] step 1500/4000 loss 1.5940 (897s)
  [P31-VETKRB-s222] step 1750/4000 loss 1.6236 (1046s)
  [P31-VETKRB-s222] step 2000/4000 loss 1.5765 (1198s)
  [P31-VETKRB-s222] step 2250/4000 loss 1.5845 (1356s)
  [P31-VETKRB-s222] step 2500/4000 loss 1.5409 (1504s)
  [P31-VETKRB-s222] step 2750/4000 loss 1.5566 (1656s)
  [P31-VETKRB-s222] step 3000/4000 loss 1.5179 (1811s)
  [P31-VETKRB-s222] step 3250/4000 loss 1.5314 (1956s)
  [P31-VETKRB-s222] step 3500/4000 loss 1.5237 (2106s)
  [P31-VETKRB-s222] step 3750/4000 loss 1.5079 (2257s)
  [P31-VETKRB-s222] step 4000/4000 loss 1.4993 (2409s)
[p31 VETKRB s222] {'n1_train': 1.0, 'n2_train': 1.0, 'n3_train': 1.0, 'n4_train': 1.0, 'n6_train': 1.0, 'n8_train': 1.0, 'n1_hard': 0.9545, 'n2_hard': 1.0, 'n3_hard': 1.0, 'n4_hard': 1.0, 'n6_hard': 1.0, 'n8_hard': 0.9972, 'ce_256hard': 3.1349, 'ce_1024': 1.5354, 'ratio': 0.49}
[P31 VETKRB] SUMMARY {"n1_train": [1.0, 1.0], "n2_train": [1.0, 1.0], "n3_train": [1.0, 1.0], "n4_train": [1.0, 1.0], "n6_train": [0.9963, 1.0], "n8_train": [0.9844, 1.0], "n1_hard": [1.0, 0.9545], "n2_hard": [1.0, 1.0], "n3_hard": [1.0, 1.0], "n4_hard": [1.0, 1.0], "n6_hard": [1.0, 1.0], "n8_hard": [1.0, 0.9972], "ce_256hard": [2.3145, 3.1349], "ce_1024": [1.544, 1.5354], "ratio": [0.667, 0.49], "params": [21290, 21290]}
[P31] DONE
