[p32] R3/KRB params 21290 slots 4 keys 8
arch_vet_lm.py:452: UserWarning: Converting a tensor with requires_grad=True to a scalar may lead to unexpected behavior.
Consider using tensor.detach() first. (Triggered internally at /__w/pytorch/pytorch/torch/csrc/autograd/generated/python_variable_methods.cpp:820.)
  hist.append((step, round(float(loss), 4)))
  [P32-R3-KRB] step 250/3000 loss 1.9736 (220s)
  [P32-R3-KRB] step 500/3000 loss 1.8819 (439s)
  [P32-R3-KRB] step 750/3000 loss 1.7861 (654s)
  [P32-R3-KRB] step 1000/3000 loss 1.8164 (870s)
  [P32-R3-KRB] step 1250/3000 loss 1.7436 (1088s)
  [P32-R3-KRB] step 1500/3000 loss 1.7276 (1308s)
  [P32-R3-KRB] step 1750/3000 loss 1.7373 (1541s)
  [P32-R3-KRB] step 2000/3000 loss 1.7375 (1768s)
  [P32-R3-KRB] step 2250/3000 loss 1.6901 (1983s)
  [P32-R3-KRB] step 2500/3000 loss 1.7247 (2204s)
  [P32-R3-KRB] step 2750/3000 loss 1.7429 (2427s)
  [P32-R3-KRB] step 3000/3000 loss 1.7145 (2642s)
[p32 R3/KRB] {'n1_hard': 1.0, 'n2_hard': 0.8222, 'n3_hard': 0.7619, 'n4_hard': 0.6859, 'n5_hard': 0.5958, 'n6_hard': 0.5569, 'n8_hard': 0.4426, 'n_train_mix_hard': 0.6932, 'params': 21290}
[p32] R3/KRB-2T params 21356 slots 4 keys 8
  [P32-R3-KRB-2T] step 250/3000 loss 1.9736 (255s)
  [P32-R3-KRB-2T] step 500/3000 loss 1.8819 (505s)
  [P32-R3-KRB-2T] step 750/3000 loss 1.7843 (758s)
  [P32-R3-KRB-2T] step 1000/3000 loss 1.8200 (1020s)
  [P32-R3-KRB-2T] step 1250/3000 loss 1.7491 (1273s)
  [P32-R3-KRB-2T] step 1500/3000 loss 1.7292 (1525s)
  [P32-R3-KRB-2T] step 1750/3000 loss 1.7379 (1773s)
  [P32-R3-KRB-2T] step 2000/3000 loss 1.7365 (2026s)
  [P32-R3-KRB-2T] step 2250/3000 loss 1.6936 (2269s)
  [P32-R3-KRB-2T] step 2500/3000 loss 1.7232 (2523s)
  [P32-R3-KRB-2T] step 2750/3000 loss 1.7440 (2773s)
  [P32-R3-KRB-2T] step 3000/3000 loss 1.7155 (3021s)
[p32 R3/KRB-2T] {'n1_hard': 1.0, 'n2_hard': 0.8222, 'n3_hard': 0.7619, 'n4_hard': 0.6859, 'n5_hard': 0.5958, 'n6_hard': 0.5569, 'n8_hard': 0.4426, 'n_train_mix_hard': 0.6932, 'params': 21356}
[p32] R3/VETDCC params 21257 slots 4 keys 8
  [P32-R3-VETDCC] step 250/3000 loss 1.9044 (183s)
  [P32-R3-VETDCC] step 500/3000 loss 1.8623 (366s)
  [P32-R3-VETDCC] step 750/3000 loss 1.8242 (549s)
  [P32-R3-VETDCC] step 1000/3000 loss 1.8714 (732s)
  [P32-R3-VETDCC] step 1250/3000 loss 1.8173 (915s)
  [P32-R3-VETDCC] step 1500/3000 loss 1.9090 (1100s)
  [P32-R3-VETDCC] step 1750/3000 loss 1.8670 (1279s)
  [P32-R3-VETDCC] step 2000/3000 loss 1.7961 (1461s)
  [P32-R3-VETDCC] step 2250/3000 loss 1.7189 (1639s)
  [P32-R3-VETDCC] step 2500/3000 loss 1.7232 (1818s)
  [P32-R3-VETDCC] step 2750/3000 loss 1.6857 (2000s)
  [P32-R3-VETDCC] step 3000/3000 loss 1.6715 (2183s)
[p32 R3/VETDCC] {'n1_hard': 0.4727, 'n2_hard': 0.3889, 'n3_hard': 0.373, 'n4_hard': 0.3397, 'n5_hard': 0.3, 'n6_hard': 0.2602, 'n8_hard': 0.2432, 'n_train_mix_hard': 0.3125, 'params': 21257}
[p32] R3/TF-alibi params 42672 slots 4 keys 8
  [P32-R3-TF-alibi] step 250/3000 loss 1.7915 (12s)
  [P32-R3-TF-alibi] step 500/3000 loss 1.7340 (23s)
  [P32-R3-TF-alibi] step 750/3000 loss 1.6511 (36s)
  [P32-R3-TF-alibi] step 1000/3000 loss 1.6294 (48s)
  [P32-R3-TF-alibi] step 1250/3000 loss 1.5024 (60s)
  [P32-R3-TF-alibi] step 1500/3000 loss 1.4201 (72s)
  [P32-R3-TF-alibi] step 1750/3000 loss 1.4186 (84s)
  [P32-R3-TF-alibi] step 2000/3000 loss 1.3808 (95s)
  [P32-R3-TF-alibi] step 2250/3000 loss 1.3376 (107s)
  [P32-R3-TF-alibi] step 2500/3000 loss 1.3547 (119s)
  [P32-R3-TF-alibi] step 2750/3000 loss 1.3719 (131s)
  [P32-R3-TF-alibi] step 3000/3000 loss 1.3305 (143s)
[p32 R3/TF-alibi] {'n1_hard': 0.5455, 'n2_hard': 0.6889, 'n3_hard': 0.8016, 'n4_hard': 0.8397, 'n5_hard': 0.7417, 'n6_hard': 0.7724, 'n8_hard': 0.6216, 'n_train_mix_hard': 0.7841, 'params': 42672}
[p32] R4/KRB-PAIR params 21290 slots 8 keys 16
  [P32-R4-KRB-PAIR] step 250/3000 loss 1.6733 (224s)
  [P32-R4-KRB-PAIR] step 500/3000 loss 1.6126 (444s)
  [P32-R4-KRB-PAIR] step 750/3000 loss 1.5508 (658s)
  [P32-R4-KRB-PAIR] step 1000/3000 loss 1.5926 (877s)
  [P32-R4-KRB-PAIR] step 1250/3000 loss 1.5086 (1099s)
  [P32-R4-KRB-PAIR] step 1500/3000 loss 1.4515 (1311s)
  [P32-R4-KRB-PAIR] step 1750/3000 loss 1.4762 (1526s)
  [P32-R4-KRB-PAIR] step 2000/3000 loss 1.4334 (1738s)
  [P32-R4-KRB-PAIR] step 2250/3000 loss 1.4413 (1955s)
  [P32-R4-KRB-PAIR] step 2500/3000 loss 1.4421 (2165s)
  [P32-R4-KRB-PAIR] step 2750/3000 loss 1.4523 (2376s)
  [P32-R4-KRB-PAIR] step 3000/3000 loss 1.4207 (2598s)
[p32 R4/KRB-PAIR] {'n1_hard': 1.0, 'n2_hard': 0.9333, 'n3_hard': 0.8981, 'n4_hard': 0.8952, 'n6_hard': 0.7857, 'n8_hard': 0.6833, 'n_train_mix_hard': 0.9083, 'params': 21290}
[p32] R4/VETDCC params 21257 slots 8 keys 16
  [P32-R4-VETDCC] step 250/3000 loss 1.7256 (183s)
  [P32-R4-VETDCC] step 500/3000 loss 1.6286 (361s)
  [P32-R4-VETDCC] step 750/3000 loss 1.6265 (542s)
  [P32-R4-VETDCC] step 1000/3000 loss 1.6583 (727s)
  [P32-R4-VETDCC] step 1250/3000 loss 1.5777 (903s)
  [P32-R4-VETDCC] step 1500/3000 loss 1.5451 (1081s)
  [P32-R4-VETDCC] step 1750/3000 loss 1.5550 (1258s)
  [P32-R4-VETDCC] step 2000/3000 loss 1.4866 (1449s)
  [P32-R4-VETDCC] step 2250/3000 loss 1.4910 (1627s)
  [P32-R4-VETDCC] step 2500/3000 loss 1.4831 (1806s)
  [P32-R4-VETDCC] step 2750/3000 loss 1.4761 (1985s)
  [P32-R4-VETDCC] step 3000/3000 loss 1.4525 (2165s)
[p32 R4/VETDCC] {'n1_hard': 0.6364, 'n2_hard': 0.4778, 'n3_hard': 0.3426, 'n4_hard': 0.4274, 'n6_hard': 0.2571, 'n8_hard': 0.1917, 'n_train_mix_hard': 0.3945, 'params': 21257}
[p32] R4/TF-alibi params 42672 slots 8 keys 16
  [P32-R4-TF-alibi] step 250/3000 loss 1.5758 (11s)
  [P32-R4-TF-alibi] step 500/3000 loss 1.4481 (23s)
  [P32-R4-TF-alibi] step 750/3000 loss 1.3839 (35s)
  [P32-R4-TF-alibi] step 1000/3000 loss 1.3982 (47s)
  [P32-R4-TF-alibi] step 1250/3000 loss 1.2959 (58s)
  [P32-R4-TF-alibi] step 1500/3000 loss 1.2526 (70s)
  [P32-R4-TF-alibi] step 1750/3000 loss 1.2714 (81s)
  [P32-R4-TF-alibi] step 2000/3000 loss 1.2219 (93s)
  [P32-R4-TF-alibi] step 2250/3000 loss 1.2686 (105s)
  [P32-R4-TF-alibi] step 2500/3000 loss 1.2507 (116s)
  [P32-R4-TF-alibi] step 2750/3000 loss 1.2516 (128s)
  [P32-R4-TF-alibi] step 3000/3000 loss 1.2344 (139s)
[p32 R4/TF-alibi] {'n1_hard': 1.0, 'n2_hard': 0.8778, 'n3_hard': 0.8333, 'n4_hard': 0.7016, 'n6_hard': 0.5381, 'n8_hard': 0.4042, 'n_train_mix_hard': 0.9266, 'params': 42672}
[P32] DONE
