[p32] R1/KRB params 21290 slots 8 keys 8
arch_vet_lm.py:452: UserWarning: Converting a tensor with requires_grad=True to a scalar may lead to unexpected behavior.
Consider using tensor.detach() first. (Triggered internally at /__w/pytorch/pytorch/torch/csrc/autograd/generated/python_variable_methods.cpp:820.)
  hist.append((step, round(float(loss), 4)))
  [P32-R1-KRB] step 250/3000 loss 2.0415 (220s)
  [P32-R1-KRB] step 500/3000 loss 1.8508 (439s)
  [P32-R1-KRB] step 750/3000 loss 1.7800 (656s)
  [P32-R1-KRB] step 1000/3000 loss 1.7120 (872s)
  [P32-R1-KRB] step 1250/3000 loss 1.7076 (1092s)
  [P32-R1-KRB] step 1500/3000 loss 1.6977 (1314s)
  [P32-R1-KRB] step 1750/3000 loss 1.6496 (1547s)
  [P32-R1-KRB] step 2000/3000 loss 1.6437 (1774s)
  [P32-R1-KRB] step 2250/3000 loss 1.6473 (1991s)
  [P32-R1-KRB] step 2500/3000 loss 1.6727 (2212s)
  [P32-R1-KRB] step 2750/3000 loss 1.6274 (2435s)
  [P32-R1-KRB] step 3000/3000 loss 1.6274 (2651s)
[p32 R1/KRB] {'n1_hard': 0.9636, 'n2_hard': 0.9444, 'n3_hard': 0.9048, 'n4_hard': 0.9295, 'n6_hard': 0.8455, 'n8_hard': 0.8277, 'n_train_mix_hard': 0.9111, 'params': 21290}
[p32] R1/KRB-2T params 21356 slots 8 keys 8
  [P32-R1-KRB-2T] step 250/3000 loss 2.0415 (257s)
  [P32-R1-KRB-2T] step 500/3000 loss 1.8508 (508s)
  [P32-R1-KRB-2T] step 750/3000 loss 1.7774 (763s)
  [P32-R1-KRB-2T] step 1000/3000 loss 1.7170 (1022s)
  [P32-R1-KRB-2T] step 1250/3000 loss 1.7042 (1278s)
  [P32-R1-KRB-2T] step 1500/3000 loss 1.6961 (1531s)
  [P32-R1-KRB-2T] step 1750/3000 loss 1.6531 (1781s)
  [P32-R1-KRB-2T] step 2000/3000 loss 1.6448 (2033s)
  [P32-R1-KRB-2T] step 2250/3000 loss 1.6480 (2279s)
  [P32-R1-KRB-2T] step 2500/3000 loss 1.6730 (2533s)
  [P32-R1-KRB-2T] step 2750/3000 loss 1.6262 (2783s)
  [P32-R1-KRB-2T] step 3000/3000 loss 1.6297 (3033s)
[p32 R1/KRB-2T] {'n1_hard': 0.9818, 'n2_hard': 0.9444, 'n3_hard': 0.9048, 'n4_hard': 0.9295, 'n6_hard': 0.8455, 'n8_hard': 0.8243, 'n_train_mix_hard': 0.9111, 'params': 21356}
[p32] R1/VETDCC params 21257 slots 8 keys 8
  [P32-R1-VETDCC] step 250/3000 loss 1.9603 (183s)
  [P32-R1-VETDCC] step 500/3000 loss 1.8512 (368s)
  [P32-R1-VETDCC] step 750/3000 loss 1.8568 (552s)
  [P32-R1-VETDCC] step 1000/3000 loss 1.8523 (737s)
  [P32-R1-VETDCC] step 1250/3000 loss 1.8627 (920s)
  [P32-R1-VETDCC] step 1500/3000 loss 1.8198 (1107s)
  [P32-R1-VETDCC] step 1750/3000 loss 1.7919 (1292s)
  [P32-R1-VETDCC] step 2000/3000 loss 1.7584 (1474s)
  [P32-R1-VETDCC] step 2250/3000 loss 1.7708 (1654s)
  [P32-R1-VETDCC] step 2500/3000 loss 1.7667 (1833s)
  [P32-R1-VETDCC] step 2750/3000 loss 1.7073 (2016s)
  [P32-R1-VETDCC] step 3000/3000 loss 1.6816 (2199s)
[p32 R1/VETDCC] {'n1_hard': 0.5818, 'n2_hard': 0.5333, 'n3_hard': 0.4127, 'n4_hard': 0.3526, 'n6_hard': 0.252, 'n8_hard': 0.2399, 'n_train_mix_hard': 0.4, 'params': 21257}
[p32] R1/TF-alibi params 42672 slots 8 keys 8
  [P32-R1-TF-alibi] step 250/3000 loss 1.8240 (12s)
  [P32-R1-TF-alibi] step 500/3000 loss 1.6763 (24s)
  [P32-R1-TF-alibi] step 750/3000 loss 1.5312 (36s)
  [P32-R1-TF-alibi] step 1000/3000 loss 1.4482 (48s)
  [P32-R1-TF-alibi] step 1250/3000 loss 1.4373 (61s)
  [P32-R1-TF-alibi] step 1500/3000 loss 1.3942 (72s)
  [P32-R1-TF-alibi] step 1750/3000 loss 1.3832 (84s)
  [P32-R1-TF-alibi] step 2000/3000 loss 1.3733 (96s)
  [P32-R1-TF-alibi] step 2250/3000 loss 1.3924 (108s)
  [P32-R1-TF-alibi] step 2500/3000 loss 1.3871 (121s)
  [P32-R1-TF-alibi] step 2750/3000 loss 1.3437 (132s)
  [P32-R1-TF-alibi] step 3000/3000 loss 1.3772 (144s)
[p32 R1/TF-alibi] {'n1_hard': 0.6182, 'n2_hard': 0.8, 'n3_hard': 0.7857, 'n4_hard': 0.7564, 'n6_hard': 0.6057, 'n8_hard': 0.375, 'n_train_mix_hard': 0.763, 'params': 42672}
[p32] R2/KRB params 21290 slots 8 keys 16
  [P32-R2-KRB] step 250/3000 loss 2.1122 (229s)
  [P32-R2-KRB] step 500/3000 loss 2.0137 (452s)
  [P32-R2-KRB] step 750/3000 loss 1.9321 (668s)
  [P32-R2-KRB] step 1000/3000 loss 1.8583 (894s)
  [P32-R2-KRB] step 1250/3000 loss 1.8465 (1118s)
  [P32-R2-KRB] step 1500/3000 loss 1.8462 (1334s)
  [P32-R2-KRB] step 1750/3000 loss 1.8266 (1550s)
  [P32-R2-KRB] step 2000/3000 loss 1.7983 (1766s)
  [P32-R2-KRB] step 2250/3000 loss 1.8305 (1983s)
  [P32-R2-KRB] step 2500/3000 loss 1.8017 (2196s)
  [P32-R2-KRB] step 2750/3000 loss 1.7503 (2409s)
  [P32-R2-KRB] step 3000/3000 loss 1.7839 (2639s)
[p32 R2/KRB] {'n1_hard': 0.9273, 'n2_hard': 0.913, 'n3_hard': 0.8175, 'n4_hard': 0.8187, 'n6_hard': 0.7167, 'n8_hard': 0.6944, 'n_train_mix_hard': 0.8723, 'params': 21290}
[p32] R2/KRB-2T params 21356 slots 8 keys 16
  [P32-R2-KRB-2T] step 250/3000 loss 2.1122 (248s)
  [P32-R2-KRB-2T] step 500/3000 loss 2.0137 (500s)
  [P32-R2-KRB-2T] step 750/3000 loss 1.9343 (748s)
  [P32-R2-KRB-2T] step 1000/3000 loss 1.8563 (990s)
  [P32-R2-KRB-2T] step 1250/3000 loss 1.8468 (1235s)
  [P32-R2-KRB-2T] step 1500/3000 loss 1.8443 (1493s)
  [P32-R2-KRB-2T] step 1750/3000 loss 1.8256 (1740s)
  [P32-R2-KRB-2T] step 2000/3000 loss 1.7992 (1986s)
  [P32-R2-KRB-2T] step 2250/3000 loss 1.8306 (2233s)
  [P32-R2-KRB-2T] step 2500/3000 loss 1.8008 (2474s)
  [P32-R2-KRB-2T] step 2750/3000 loss 1.7497 (2718s)
  [P32-R2-KRB-2T] step 3000/3000 loss 1.7832 (2967s)
[p32 R2/KRB-2T] {'n1_hard': 0.9091, 'n2_hard': 0.913, 'n3_hard': 0.8175, 'n4_hard': 0.8125, 'n6_hard': 0.7167, 'n8_hard': 0.6944, 'n_train_mix_hard': 0.8723, 'params': 21356}
[p32] R2/VETDCC params 21257 slots 8 keys 16
  [P32-R2-VETDCC] step 250/3000 loss 2.1414 (183s)
  [P32-R2-VETDCC] step 500/3000 loss 2.0827 (360s)
  [P32-R2-VETDCC] step 750/3000 loss 2.0172 (536s)
  [P32-R2-VETDCC] step 1000/3000 loss 2.0163 (717s)
  [P32-R2-VETDCC] step 1250/3000 loss 1.9346 (899s)
  [P32-R2-VETDCC] step 1500/3000 loss 1.8972 (1084s)
  [P32-R2-VETDCC] step 1750/3000 loss 1.8597 (1265s)
  [P32-R2-VETDCC] step 2000/3000 loss 1.8252 (1444s)
  [P32-R2-VETDCC] step 2250/3000 loss 1.8015 (1620s)
  [P32-R2-VETDCC] step 2500/3000 loss 1.7677 (1799s)
  [P32-R2-VETDCC] step 2750/3000 loss 1.7068 (1986s)
  [P32-R2-VETDCC] step 3000/3000 loss 1.7342 (2167s)
[p32 R2/VETDCC] {'n1_hard': 0.4, 'n2_hard': 0.3261, 'n3_hard': 0.3492, 'n4_hard': 0.3312, 'n6_hard': 0.3042, 'n8_hard': 0.2396, 'n_train_mix_hard': 0.3901, 'params': 21257}
[p32] R2/TF-alibi params 42672 slots 8 keys 16
  [P32-R2-TF-alibi] step 250/3000 loss 1.9304 (12s)
  [P32-R2-TF-alibi] step 500/3000 loss 1.8015 (23s)
  [P32-R2-TF-alibi] step 750/3000 loss 1.6491 (36s)
  [P32-R2-TF-alibi] step 1000/3000 loss 1.5428 (47s)
  [P32-R2-TF-alibi] step 1250/3000 loss 1.5244 (59s)
  [P32-R2-TF-alibi] step 1500/3000 loss 1.4793 (71s)
  [P32-R2-TF-alibi] step 1750/3000 loss 1.4682 (82s)
  [P32-R2-TF-alibi] step 2000/3000 loss 1.4650 (94s)
  [P32-R2-TF-alibi] step 2250/3000 loss 1.4775 (106s)
  [P32-R2-TF-alibi] step 2500/3000 loss 1.4899 (118s)
  [P32-R2-TF-alibi] step 2750/3000 loss 1.4296 (130s)
  [P32-R2-TF-alibi] step 3000/3000 loss 1.4823 (141s)
[p32 R2/TF-alibi] {'n1_hard': 0.6909, 'n2_hard': 0.7717, 'n3_hard': 0.746, 'n4_hard': 0.8063, 'n6_hard': 0.6083, 'n8_hard': 0.441, 'n_train_mix_hard': 0.7163, 'params': 42672}
[P32] DONE
