[p32] R5/TF-alibi-big params 308592 slots 16 keys 28
arch_vet_lm.py:452: UserWarning: Converting a tensor with requires_grad=True to a scalar may lead to unexpected behavior.
Consider using tensor.detach() first. (Triggered internally at /__w/pytorch/pytorch/torch/csrc/autograd/generated/python_variable_methods.cpp:820.)
  hist.append((step, round(float(loss), 4)))
  [P32-R5-TF-alibi-big] step 250/4000 loss 2.0705 (25s)
  [P32-R5-TF-alibi-big] step 500/4000 loss 2.0590 (49s)
  [P32-R5-TF-alibi-big] step 750/4000 loss 2.0491 (73s)
  [P32-R5-TF-alibi-big] step 1000/4000 loss 1.9903 (97s)
  [P32-R5-TF-alibi-big] step 1250/4000 loss 1.9390 (122s)
  [P32-R5-TF-alibi-big] step 1500/4000 loss 1.8318 (146s)
  [P32-R5-TF-alibi-big] step 1750/4000 loss 1.7980 (170s)
  [P32-R5-TF-alibi-big] step 2000/4000 loss 1.7241 (195s)
  [P32-R5-TF-alibi-big] step 2250/4000 loss 1.6663 (219s)
  [P32-R5-TF-alibi-big] step 2500/4000 loss 1.5642 (244s)
  [P32-R5-TF-alibi-big] step 2750/4000 loss 1.5283 (268s)
  [P32-R5-TF-alibi-big] step 3000/4000 loss 1.5384 (294s)
  [P32-R5-TF-alibi-big] step 3250/4000 loss 1.4680 (320s)
  [P32-R5-TF-alibi-big] step 3500/4000 loss 1.5053 (345s)
  [P32-R5-TF-alibi-big] step 3750/4000 loss 1.4704 (370s)
  [P32-R5-TF-alibi-big] step 4000/4000 loss 1.4184 (395s)
[p32 R5/TF-alibi-big] {'n4_hard': 0.9, 'n8_hard': 0.6115, 'n12_hard': 0.2861, 'n16_hard': 0.2375, 'n_train_mix_hard': 0.8698, 'params': 308592}
[p32] R5/TF-nape-big params 308592 slots 16 keys 28
  [P32-R5-TF-nape-big] step 250/4000 loss 2.3448 (25s)
  [P32-R5-TF-nape-big] step 500/4000 loss 2.1564 (50s)
  [P32-R5-TF-nape-big] step 750/4000 loss 2.1037 (76s)
  [P32-R5-TF-nape-big] step 1000/4000 loss 2.1016 (101s)
  [P32-R5-TF-nape-big] step 1250/4000 loss 2.0677 (127s)
  [P32-R5-TF-nape-big] step 1500/4000 loss 2.0154 (152s)
  [P32-R5-TF-nape-big] step 1750/4000 loss 2.0241 (179s)
  [P32-R5-TF-nape-big] step 2000/4000 loss 2.0141 (206s)
  [P32-R5-TF-nape-big] step 2250/4000 loss 2.0267 (234s)
  [P32-R5-TF-nape-big] step 2500/4000 loss 2.0067 (261s)
  [P32-R5-TF-nape-big] step 2750/4000 loss 1.9497 (289s)
  [P32-R5-TF-nape-big] step 3000/4000 loss 1.9569 (317s)
  [P32-R5-TF-nape-big] step 3250/4000 loss 1.8580 (345s)
  [P32-R5-TF-nape-big] step 3500/4000 loss 1.8435 (372s)
  [P32-R5-TF-nape-big] step 3750/4000 loss 1.7798 (398s)
  [P32-R5-TF-nape-big] step 4000/4000 loss 1.7228 (426s)
[p32 R5/TF-nape-big] {'n4_hard': 0.1313, 'n8_hard': 0.1622, 'n12_hard': 0.2056, 'n16_hard': 0.1812, 'n_train_mix_hard': 0.1657, 'params': 308592}
[P32] DONE
[p32] R5/TF-alibi-big params 308592 slots 16 keys 28
arch_vet_lm.py:452: UserWarning: Converting a tensor with requires_grad=True to a scalar may lead to unexpected behavior.
Consider using tensor.detach() first. (Triggered internally at /__w/pytorch/pytorch/torch/csrc/autograd/generated/python_variable_methods.cpp:820.)
  hist.append((step, round(float(loss), 4)))
  [P32-R5-TF-alibi-big] step 250/4000 loss 2.0788 (26s)
  [P32-R5-TF-alibi-big] step 500/4000 loss 2.0764 (52s)
  [P32-R5-TF-alibi-big] step 750/4000 loss 2.0535 (77s)
  [P32-R5-TF-alibi-big] step 1000/4000 loss 1.9510 (104s)
  [P32-R5-TF-alibi-big] step 1250/4000 loss 1.8021 (129s)
  [P32-R5-TF-alibi-big] step 1500/4000 loss 1.7025 (154s)
  [P32-R5-TF-alibi-big] step 1750/4000 loss 1.6615 (179s)
  [P32-R5-TF-alibi-big] step 2000/4000 loss 1.6143 (204s)
  [P32-R5-TF-alibi-big] step 2250/4000 loss 1.5927 (230s)
  [P32-R5-TF-alibi-big] step 2500/4000 loss 1.5565 (255s)
  [P32-R5-TF-alibi-big] step 2750/4000 loss 1.5338 (281s)
  [P32-R5-TF-alibi-big] step 3000/4000 loss 1.5053 (306s)
  [P32-R5-TF-alibi-big] step 3250/4000 loss 1.4471 (332s)
  [P32-R5-TF-alibi-big] step 3500/4000 loss 1.4771 (357s)
  [P32-R5-TF-alibi-big] step 3750/4000 loss 1.4610 (382s)
  [P32-R5-TF-alibi-big] step 4000/4000 loss 1.4123 (407s)
[p32 R5/TF-alibi-big] {'n4_hard': 0.9375, 'n8_hard': 0.7061, 'n12_hard': 0.4417, 'n16_hard': 0.3125, 'n_train_mix_hard': 0.9763, 'params': 308592}
[p32] R5/TF-nape-big params 308592 slots 16 keys 28
  [P32-R5-TF-nape-big] step 250/4000 loss 2.1891 (25s)
  [P32-R5-TF-nape-big] step 500/4000 loss 2.1187 (50s)
  [P32-R5-TF-nape-big] step 750/4000 loss 2.1082 (74s)
  [P32-R5-TF-nape-big] step 1000/4000 loss 2.0360 (99s)
  [P32-R5-TF-nape-big] step 1250/4000 loss 2.0375 (123s)
  [P32-R5-TF-nape-big] step 1500/4000 loss 1.9795 (148s)
  [P32-R5-TF-nape-big] step 1750/4000 loss 1.9896 (174s)
  [P32-R5-TF-nape-big] step 2000/4000 loss 1.9794 (200s)
  [P32-R5-TF-nape-big] step 2250/4000 loss 1.9777 (225s)
  [P32-R5-TF-nape-big] step 2500/4000 loss 1.9519 (252s)
  [P32-R5-TF-nape-big] step 2750/4000 loss 1.9434 (278s)
  [P32-R5-TF-nape-big] step 3000/4000 loss 2.0045 (303s)
  [P32-R5-TF-nape-big] step 3250/4000 loss 1.9240 (329s)
  [P32-R5-TF-nape-big] step 3500/4000 loss 1.9434 (354s)
  [P32-R5-TF-nape-big] step 3750/4000 loss 1.8595 (379s)
  [P32-R5-TF-nape-big] step 4000/4000 loss 1.8006 (404s)
[p32 R5/TF-nape-big] {'n4_hard': 0.275, 'n8_hard': 0.2264, 'n12_hard': 0.1833, 'n16_hard': 0.1313, 'n_train_mix_hard': 0.2189, 'params': 308592}
[P32] DONE
