[p33] R1:KRB-TAG params 21290
arch_vet_lm.py:452: UserWarning: Converting a tensor with requires_grad=True to a scalar may lead to unexpected behavior.
Consider using tensor.detach() first. (Triggered internally at /__w/pytorch/pytorch/torch/csrc/autograd/generated/python_variable_methods.cpp:820.)
  hist.append((step, round(float(loss), 4)))
  [P33-R1-KRB-TAG] step 250/4000 loss 1.8877 (227s)
  [P33-R1-KRB-TAG] step 500/4000 loss 1.6708 (445s)
  [P33-R1-KRB-TAG] step 750/4000 loss 1.6353 (672s)
  [P33-R1-KRB-TAG] step 1000/4000 loss 1.6013 (889s)
  [P33-R1-KRB-TAG] step 1250/4000 loss 1.6090 (1105s)
  [P33-R1-KRB-TAG] step 1500/4000 loss 1.5945 (1331s)
  [P33-R1-KRB-TAG] step 1750/4000 loss 1.5756 (1548s)
  [P33-R1-KRB-TAG] step 2000/4000 loss 1.5919 (1771s)
  [P33-R1-KRB-TAG] step 2250/4000 loss 1.5804 (1995s)
  [P33-R1-KRB-TAG] step 2500/4000 loss 1.5689 (2221s)
  [P33-R1-KRB-TAG] step 2750/4000 loss 1.5037 (2442s)
  [P33-R1-KRB-TAG] step 3000/4000 loss 1.5216 (2663s)
  [P33-R1-KRB-TAG] step 3250/4000 loss 1.4769 (2872s)
  [P33-R1-KRB-TAG] step 3500/4000 loss 1.5029 (3089s)
  [P33-R1-KRB-TAG] step 3750/4000 loss 1.5015 (3311s)
  [P33-R1-KRB-TAG] step 4000/4000 loss 1.4908 (3525s)
[p33 R1:KRB-TAG] {'n1_hard': 1.0, 'n2_hard': 1.0, 'n3_hard': 1.0, 'n4_hard': 1.0, 'n6_hard': 1.0, 'n8_hard': 0.9932, 'n_train_mix_hard': 1.0, 'params': 21290}
[p33] R2:KRB-TAG params 21290
  [P33-R2-KRB-TAG] step 250/4000 loss 2.0158 (216s)
  [P33-R2-KRB-TAG] step 500/4000 loss 1.8631 (433s)
  [P33-R2-KRB-TAG] step 750/4000 loss 1.8175 (649s)
  [P33-R2-KRB-TAG] step 1000/4000 loss 1.7535 (867s)
  [P33-R2-KRB-TAG] step 1250/4000 loss 1.7435 (1086s)
  [P33-R2-KRB-TAG] step 1500/4000 loss 1.7230 (1300s)
  [P33-R2-KRB-TAG] step 1750/4000 loss 1.6704 (1517s)
  [P33-R2-KRB-TAG] step 2000/4000 loss 1.6580 (1742s)
  [P33-R2-KRB-TAG] step 2250/4000 loss 1.6451 (1971s)
  [P33-R2-KRB-TAG] step 2500/4000 loss 1.6231 (2199s)
  [P33-R2-KRB-TAG] step 2750/4000 loss 1.5574 (2431s)
  [P33-R2-KRB-TAG] step 3000/4000 loss 1.6004 (2657s)
  [P33-R2-KRB-TAG] step 3250/4000 loss 1.5749 (2905s)
  [P33-R2-KRB-TAG] step 3500/4000 loss 1.5453 (3156s)
  [P33-R2-KRB-TAG] step 3750/4000 loss 1.5594 (3402s)
  [P33-R2-KRB-TAG] step 4000/4000 loss 1.5789 (3675s)
[p33 R2:KRB-TAG] {'n1_hard': 1.0, 'n2_hard': 1.0, 'n3_hard': 0.9921, 'n4_hard': 1.0, 'n6_hard': 0.9458, 'n8_hard': 0.8646, 'n_train_mix_hard': 1.0, 'params': 21290}
[p33] R2:KRB params 21290
  [P33-R2-KRB] step 250/4000 loss 2.0079 (271s)
  [P33-R2-KRB] step 500/4000 loss 1.8797 (519s)
  [P33-R2-KRB] step 750/4000 loss 1.8518 (761s)
  [P33-R2-KRB] step 1000/4000 loss 1.7904 (995s)
  [P33-R2-KRB] step 1250/4000 loss 1.7729 (1228s)
  [P33-R2-KRB] step 1500/4000 loss 1.7456 (1458s)
  [P33-R2-KRB] step 1750/4000 loss 1.7303 (1671s)
  [P33-R2-KRB] step 2000/4000 loss 1.6874 (1884s)
  [P33-R2-KRB] step 2250/4000 loss 1.6840 (2103s)
  [P33-R2-KRB] step 2500/4000 loss 1.6721 (2318s)
  [P33-R2-KRB] step 2750/4000 loss 1.6037 (2537s)
  [P33-R2-KRB] step 3000/4000 loss 1.6576 (2750s)
  [P33-R2-KRB] step 3250/4000 loss 1.6407 (2962s)
  [P33-R2-KRB] step 3500/4000 loss 1.5973 (3174s)
  [P33-R2-KRB] step 3750/4000 loss 1.6022 (3385s)
  [P33-R2-KRB] step 4000/4000 loss 1.6091 (3598s)
[p33 R2:KRB] {'n1_hard': 1.0, 'n2_hard': 1.0, 'n3_hard': 0.9286, 'n4_hard': 0.925, 'n6_hard': 0.8542, 'n8_hard': 0.7639, 'n_train_mix_hard': 0.9504, 'params': 21290}
[P33] DONE
