[p33] R2:TF-alibi params 42672
arch_vet_lm.py:452: UserWarning: Converting a tensor with requires_grad=True to a scalar may lead to unexpected behavior.
Consider using tensor.detach() first. (Triggered internally at /__w/pytorch/pytorch/torch/csrc/autograd/generated/python_variable_methods.cpp:820.)
  hist.append((step, round(float(loss), 4)))
  [P33-R2-TF-alibi] step 250/4000 loss 1.9048 (10s)
  [P33-R2-TF-alibi] step 500/4000 loss 1.8193 (21s)
  [P33-R2-TF-alibi] step 750/4000 loss 1.7596 (31s)
  [P33-R2-TF-alibi] step 1000/4000 loss 1.6378 (41s)
  [P33-R2-TF-alibi] step 1250/4000 loss 1.5810 (52s)
  [P33-R2-TF-alibi] step 1500/4000 loss 1.5403 (62s)
  [P33-R2-TF-alibi] step 1750/4000 loss 1.5185 (72s)
  [P33-R2-TF-alibi] step 2000/4000 loss 1.4792 (83s)
  [P33-R2-TF-alibi] step 2250/4000 loss 1.5175 (94s)
  [P33-R2-TF-alibi] step 2500/4000 loss 1.5011 (105s)
  [P33-R2-TF-alibi] step 2750/4000 loss 1.4432 (116s)
  [P33-R2-TF-alibi] step 3000/4000 loss 1.5002 (130s)
  [P33-R2-TF-alibi] step 3250/4000 loss 1.4642 (143s)
  [P33-R2-TF-alibi] step 3500/4000 loss 1.4776 (156s)
  [P33-R2-TF-alibi] step 3750/4000 loss 1.4735 (168s)
  [P33-R2-TF-alibi] step 4000/4000 loss 1.4852 (181s)
[p33 R2:TF-alibi] {'n1_hard': 1.0, 'n2_hard': 0.9674, 'n3_hard': 0.9286, 'n4_hard': 0.9437, 'n6_hard': 0.8292, 'n8_hard': 0.7535, 'n_train_mix_hard': 0.9433, 'params': 42672}
[p33] R4:KRB-TAG params 21290
  [P33-R4-KRB-TAG] step 250/4000 loss 1.6791 (221s)
  [P33-R4-KRB-TAG] step 500/4000 loss 1.5885 (451s)
  [P33-R4-KRB-TAG] step 750/4000 loss 1.5369 (670s)
  [P33-R4-KRB-TAG] step 1000/4000 loss 1.5202 (886s)
  [P33-R4-KRB-TAG] step 1250/4000 loss 1.4425 (1102s)
  [P33-R4-KRB-TAG] step 1500/4000 loss 1.3916 (1330s)
  [P33-R4-KRB-TAG] step 1750/4000 loss 1.4179 (1551s)
  [P33-R4-KRB-TAG] step 2000/4000 loss 1.3613 (1771s)
  [P33-R4-KRB-TAG] step 2250/4000 loss 1.3986 (1988s)
  [P33-R4-KRB-TAG] step 2500/4000 loss 1.3667 (2208s)
  [P33-R4-KRB-TAG] step 2750/4000 loss 1.3716 (2424s)
  [P33-R4-KRB-TAG] step 3000/4000 loss 1.3584 (2638s)
  [P33-R4-KRB-TAG] step 3250/4000 loss 1.3033 (2855s)
  [P33-R4-KRB-TAG] step 3500/4000 loss 1.3591 (3077s)
  [P33-R4-KRB-TAG] step 3750/4000 loss 1.3412 (3296s)
  [P33-R4-KRB-TAG] step 4000/4000 loss 1.2945 (3508s)
[p33 R4:KRB-TAG] {'n1_hard': 1.0, 'n2_hard': 1.0, 'n3_hard': 0.9537, 'n4_hard': 0.9274, 'n6_hard': 0.8, 'n8_hard': 0.6375, 'n_train_mix_hard': 0.9541, 'params': 21290}
[p33] R3:KRB-TAG params 21290
  [P33-R3-KRB-TAG] step 250/4000 loss 1.8141 (221s)
  [P33-R3-KRB-TAG] step 500/4000 loss 1.7236 (444s)
  [P33-R3-KRB-TAG] step 750/4000 loss 1.5753 (668s)
  [P33-R3-KRB-TAG] step 1000/4000 loss 1.6239 (890s)
  [P33-R3-KRB-TAG] step 1250/4000 loss 1.5417 (1112s)
  [P33-R3-KRB-TAG] step 1500/4000 loss 1.5367 (1334s)
  [P33-R3-KRB-TAG] step 1750/4000 loss 1.5432 (1560s)
  [P33-R3-KRB-TAG] step 2000/4000 loss 1.5513 (1790s)
  [P33-R3-KRB-TAG] step 2250/4000 loss 1.4877 (2024s)
  [P33-R3-KRB-TAG] step 2500/4000 loss 1.5272 (2259s)
  [P33-R3-KRB-TAG] step 2750/4000 loss 1.5183 (2487s)
  [P33-R3-KRB-TAG] step 3000/4000 loss 1.5171 (2736s)
  [P33-R3-KRB-TAG] step 3250/4000 loss 1.4710 (2991s)
  [P33-R3-KRB-TAG] step 3500/4000 loss 1.4883 (3240s)
  [P33-R3-KRB-TAG] step 3750/4000 loss 1.4464 (3513s)
  [P33-R3-KRB-TAG] step 4000/4000 loss 1.4930 (3794s)
[p33 R3:KRB-TAG] {'n1_hard': 1.0, 'n2_hard': 1.0, 'n3_hard': 0.9841, 'n4_hard': 0.9295, 'n5_hard': 0.8417, 'n6_hard': 0.7276, 'n8_hard': 0.5912, 'n_train_mix_hard': 0.8693, 'params': 21290}
[P33] DONE
