[p34] R2:KRB-LEARN params 22446
/home/user/TryArena/arch_vet_p34.py:145: UserWarning: Converting a tensor with requires_grad=True to a scalar may lead to unexpected behavior.
Consider using tensor.detach() first. (Triggered internally at /__w/pytorch/pytorch/torch/csrc/autograd/generated/python_variable_methods.cpp:820.)
  if step % 250 == 0: print(f"  [{name}] step {step}/{steps} ce {float(ce):.4f} aux {float(model.aux):.3f} ({time.time()-t0:.0f}s)", flush=True)
  [P34-R2-LEARN] step 250/4000 ce 2.0657 aux 0.003 (149s)
  [P34-R2-LEARN] step 500/4000 ce 1.9998 aux 0.004 (298s)
  [P34-R2-LEARN] step 750/4000 ce 1.9996 aux 0.003 (451s)
  [P34-R2-LEARN] step 1000/4000 ce 1.9542 aux 0.004 (604s)
  [P34-R2-LEARN] step 1250/4000 ce 1.9061 aux 0.003 (764s)
  [P34-R2-LEARN] step 1500/4000 ce 1.8468 aux 0.004 (917s)
  [P34-R2-LEARN] step 1750/4000 ce 1.8252 aux 0.005 (1073s)
  [P34-R2-LEARN] step 2000/4000 ce 1.8116 aux 0.002 (1260s)
  [P34-R2-LEARN] step 2250/4000 ce 1.7979 aux 0.006 (1455s)
  [P34-R2-LEARN] step 2500/4000 ce 1.7788 aux 0.008 (1641s)
  [P34-R2-LEARN] step 2750/4000 ce 1.7231 aux 0.006 (1830s)
  [P34-R2-LEARN] step 3000/4000 ce 1.7613 aux 0.002 (2021s)
  [P34-R2-LEARN] step 3250/4000 ce 1.7303 aux 0.002 (2216s)
  [P34-R2-LEARN] step 3500/4000 ce 1.6974 aux 0.005 (2411s)
  [P34-R2-LEARN] step 3750/4000 ce 1.6917 aux 0.005 (2603s)
  [P34-R2-LEARN] step 4000/4000 ce 1.6950 aux 0.004 (2799s)
[p34 R2:KRB-LEARN] {'n1_hard': 1.0, 'n2_hard': 0.7609, 'n3_hard': 0.6508, 'n4_hard': 0.6, 'n6_hard': 0.3958, 'n8_hard': 0.3229, 'n_train_mix_hard': 0.695, 'params': 22446, 'diag': {'key_recall': 1.0, 'key_fp': 1.0, 'reset_on_T': False, 'reset_fp': 0.0, 'h1_ent': 0.831, 'h2_ent': 1.04, 'h1_cells': 3, 'h2_cells': 3, 'h1_eq_h2': 0.062}}
[P34] DONE
