[p35] R2 label stats: P(lab|write-key)=0.925 P(lab|query-key)=0.000 P(lab|nonkey)=0.196
[p35] R2:KRB-HIND params 21315
/home/user/TryArena/arch_vet_p35.py:107: UserWarning: Converting a tensor with requires_grad=True to a scalar may lead to unexpected behavior.
Consider using tensor.detach() first. (Triggered internally at /__w/pytorch/pytorch/torch/csrc/autograd/generated/python_variable_methods.cpp:820.)
  if step % 250 == 0: print(f"  [{name}] step {step}/{steps} ce {float(ce):.4f} bce {float(bce):.3f} ({time.time()-t0:.0f}s)", flush=True)
  [P35-R2] step 250/4000 ce 2.0801 bce 0.528 (167s)
  [P35-R2] step 500/4000 ce 2.0012 bce 0.535 (338s)
  [P35-R2] step 750/4000 ce 2.0046 bce 0.532 (506s)
  [P35-R2] step 1000/4000 ce 1.9698 bce 0.532 (667s)
  [P35-R2] step 1250/4000 ce 1.9573 bce 0.531 (842s)
  [P35-R2] step 1500/4000 ce 1.9399 bce 0.523 (1004s)
  [P35-R2] step 1750/4000 ce 1.8997 bce 0.531 (1176s)
  [P35-R2] step 2000/4000 ce 1.8982 bce 0.533 (1343s)
  [P35-R2] step 2250/4000 ce 1.8330 bce 0.526 (1503s)
  [P35-R2] step 2500/4000 ce 1.7792 bce 0.545 (1676s)
  [P35-R2] step 2750/4000 ce 1.7274 bce 0.517 (1834s)
  [P35-R2] step 3000/4000 ce 1.7449 bce 0.528 (1992s)
  [P35-R2] step 3250/4000 ce 1.6935 bce 0.527 (2158s)
  [P35-R2] step 3500/4000 ce 1.6911 bce 0.538 (2325s)
  [P35-R2] step 3750/4000 ce 1.6784 bce 0.538 (2484s)
  [P35-R2] step 4000/4000 ce 1.6766 bce 0.541 (2650s)
[p35 R2:KRB-HIND] {'n1_hard': 0.9818, 'n2_hard': 0.7065, 'n3_hard': 0.5873, 'n4_hard': 0.5437, 'n6_hard': 0.3917, 'n8_hard': 0.316, 'n_train_mix_hard': 0.6454, 'params': 21315, 'diag': {'key_recall': 0.0, 'key_fp': 0.0, 'fill_fp': 0.0}}
[P35] DONE
