[p35] R1 label stats: P(lab|write-key)=0.858 P(lab|query-key)=0.000 P(lab|nonkey)=0.203
[p35] R1:KRB-HIND params 21323
/home/user/TryArena/arch_vet_p35.py:128: UserWarning: Converting a tensor with requires_grad=True to a scalar may lead to unexpected behavior.
Consider using tensor.detach() first. (Triggered internally at /__w/pytorch/pytorch/torch/csrc/autograd/generated/python_variable_methods.cpp:820.)
  if step % 250 == 0: print(f"  [{name}] step {step}/{steps} ce {float(ce):.4f} bce {float(bce):.3f} ({time.time()-t0:.0f}s)", flush=True)
  [P35-R1] step 250/4000 ce 1.9620 bce 0.548 (156s)
  [P35-R1] step 500/4000 ce 1.8521 bce 0.489 (307s)
  [P35-R1] step 750/4000 ce 1.8258 bce 0.458 (467s)
  [P35-R1] step 1000/4000 ce 1.8249 bce 0.453 (628s)
  [P35-R1] step 1250/4000 ce 1.7737 bce 0.463 (793s)
  [P35-R1] step 1500/4000 ce 1.7148 bce 0.447 (959s)
  [P35-R1] step 1750/4000 ce 1.7001 bce 0.452 (1122s)
  [P35-R1] step 2000/4000 ce 1.6730 bce 0.455 (1279s)
  [P35-R1] step 2250/4000 ce 1.6835 bce 0.444 (1433s)
  [P35-R1] step 2500/4000 ce 1.6819 bce 0.435 (1589s)
  [P35-R1] step 2750/4000 ce 1.5967 bce 0.443 (1745s)
  [P35-R1] step 3000/4000 ce 1.6247 bce 0.458 (1902s)
  [P35-R1] step 3250/4000 ce 1.5785 bce 0.458 (2058s)
  [P35-R1] step 3500/4000 ce 1.5962 bce 0.433 (2214s)
  [P35-R1] step 3750/4000 ce 1.6055 bce 0.432 (2370s)
  [P35-R1] step 4000/4000 ce 1.6083 bce 0.441 (2526s)
[p35 R1:KRB-HIND] {'n1_hard': 1.0, 'n2_hard': 0.7, 'n3_hard': 0.6984, 'n4_hard': 0.5833, 'n6_hard': 0.4431, 'n8_hard': 0.3108, 'n_train_mix_hard': 0.637, 'params': 21323, 'diag': {'key_recall': 1.0, 'query_key_fp': 0.0, 'nonkey_fp': 0.0}}
[P35] DONE
