[p35] R2 label stats: P(lab|write-key)=0.925 P(lab|query-key)=0.000 P(lab|nonkey)=0.196
[p35] R2:KRB-HIND params 21324
/home/user/TryArena/arch_vet_p35.py:142: UserWarning: Converting a tensor with requires_grad=True to a scalar may lead to unexpected behavior.
Consider using tensor.detach() first. (Triggered internally at /__w/pytorch/pytorch/torch/csrc/autograd/generated/python_variable_methods.cpp:820.)
  if step % 250 == 0: print(f"  [{name}] step {step}/{steps} ce {float(ce):.4f} bce {float(bce):.3f} ({time.time()-t0:.0f}s)", flush=True)
  [P35-R2] step 250/4000 ce 2.0657 bce 0.525 (161s)
  [P35-R2] step 500/4000 ce 2.0053 bce 0.468 (320s)
  [P35-R2] step 750/4000 ce 1.9017 bce 0.417 (480s)
  [P35-R2] step 1000/4000 ce 1.8292 bce 0.417 (639s)
  [P35-R2] step 1250/4000 ce 1.8334 bce 0.420 (801s)
  [P35-R2] step 1500/4000 ce 1.8148 bce 0.412 (957s)
  [P35-R2] step 1750/4000 ce 1.8036 bce 0.415 (1119s)
  [P35-R2] step 2000/4000 ce 1.7964 bce 0.426 (1285s)
  [P35-R2] step 2250/4000 ce 1.7900 bce 0.420 (1449s)
  [P35-R2] step 2500/4000 ce 1.7808 bce 0.438 (1612s)
  [P35-R2] step 2750/4000 ce 1.7479 bce 0.419 (1770s)
  [P35-R2] step 3000/4000 ce 1.7675 bce 0.436 (1928s)
  [P35-R2] step 3250/4000 ce 1.7336 bce 0.451 (2089s)
  [P35-R2] step 3500/4000 ce 1.7092 bce 0.452 (2248s)
  [P35-R2] step 3750/4000 ce 1.7115 bce 0.461 (2405s)
  [P35-R2] step 4000/4000 ce 1.7137 bce 0.453 (2564s)
[p35 R2:SEEN s111] {'n1_hard': 0.9818, 'n2_hard': 1.0, 'n3_hard': 0.9603, 'n4_hard': 0.9187, 'n6_hard': 0.7917, 'n8_hard': 0.7257, 'n_train_mix_hard': 0.9433, 'params': 21324, 'diag': {'key_recall': 1.0, 'query_key_fp': 0.0, 'nonkey_fp': 0.0}}
[P35] DONE
