[p35] R2 label stats: P(lab|write-key)=0.925 P(lab|query-key)=0.000 P(lab|nonkey)=0.196
[p35] R2:KRB-HIND params 21323
/home/user/TryArena/arch_vet_p35.py:142: UserWarning: Converting a tensor with requires_grad=True to a scalar may lead to unexpected behavior.
Consider using tensor.detach() first. (Triggered internally at /__w/pytorch/pytorch/torch/csrc/autograd/generated/python_variable_methods.cpp:820.)
  if step % 250 == 0: print(f"  [{name}] step {step}/{steps} ce {float(ce):.4f} bce {float(bce):.3f} ({time.time()-t0:.0f}s)", flush=True)
  [P35-R2] step 250/4000 ce 2.0678 bce 0.527 (160s)
  [P35-R2] step 500/4000 ce 2.0223 bce 0.507 (323s)
  [P35-R2] step 750/4000 ce 1.9948 bce 0.438 (495s)
  [P35-R2] step 1000/4000 ce 1.8304 bce 0.423 (658s)
  [P35-R2] step 1250/4000 ce 1.7888 bce 0.436 (824s)
  [P35-R2] step 1500/4000 ce 1.7714 bce 0.432 (989s)
  [P35-R2] step 1750/4000 ce 1.7575 bce 0.437 (1166s)
  [P35-R2] step 2000/4000 ce 1.7522 bce 0.450 (1327s)
  [P35-R2] step 2250/4000 ce 1.7402 bce 0.443 (1486s)
  [P35-R2] step 2500/4000 ce 1.7405 bce 0.457 (1648s)
  [P35-R2] step 2750/4000 ce 1.7027 bce 0.438 (1807s)
  [P35-R2] step 3000/4000 ce 1.7471 bce 0.452 (1966s)
  [P35-R2] step 3250/4000 ce 1.7095 bce 0.464 (2125s)
  [P35-R2] step 3500/4000 ce 1.7085 bce 0.462 (2288s)
  [P35-R2] step 3750/4000 ce 1.6949 bce 0.470 (2456s)
  [P35-R2] step 4000/4000 ce 1.7208 bce 0.461 (2617s)
[p35 R2:HINDe s333] {'n1_hard': 1.0, 'n2_hard': 0.9783, 'n3_hard': 0.9524, 'n4_hard': 0.9187, 'n6_hard': 0.8, 'n8_hard': 0.7465, 'n_train_mix_hard': 0.922, 'params': 21323, 'diag': {'key_recall': 1.0, 'query_key_fp': 0.0, 'nonkey_fp': 0.0}}
[P35] DONE
