[p37] R2 label stats: P(lab|write-key)=0.925 P(lab|query-key)=0.000 P(lab|nonkey)=0.196
[p37] R2:KRB-HIND params 21324
/home/user/TryArena/arch_vet_p37.py:121: UserWarning: Converting a tensor with requires_grad=True to a scalar may lead to unexpected behavior.
Consider using tensor.detach() first. (Triggered internally at /__w/pytorch/pytorch/torch/csrc/autograd/generated/python_variable_methods.cpp:820.)
  if step % 250 == 0: print(f"  [{name}] step {step}/{steps} ce {float(ce):.4f} bce {float(bce):.3f} ({time.time()-t0:.0f}s)", flush=True)
  [P37-R2-CF85R] step 250/4000 ce 2.0984 bce 0.523 (217s)
  [P37-R2-CF85R] step 500/4000 ce 2.0355 bce 0.447 (437s)
  [P37-R2-CF85R] step 750/4000 ce 1.9208 bce 0.410 (655s)
  [P37-R2-CF85R] step 1000/4000 ce 1.8699 bce 0.408 (883s)
  [P37-R2-CF85R] step 1250/4000 ce 1.8542 bce 0.406 (1113s)
[p37] R2 label stats: P(lab|write-key)=0.925 P(lab|query-key)=0.000 P(lab|nonkey)=0.196
[p37] R2:KRB-HIND params 21324
  [P37-R2-CF85R] step 1500/4000 ce 1.8368 bce 0.395 (1347s)
/home/user/TryArena/arch_vet_p37.py:121: UserWarning: Converting a tensor with requires_grad=True to a scalar may lead to unexpected behavior.
Consider using tensor.detach() first. (Triggered internally at /__w/pytorch/pytorch/torch/csrc/autograd/generated/python_variable_methods.cpp:820.)
  if step % 250 == 0: print(f"  [{name}] step {step}/{steps} ce {float(ce):.4f} bce {float(bce):.3f} ({time.time()-t0:.0f}s)", flush=True)
  [P37-R2-CF85R] step 250/4000 ce 2.0963 bce 0.513 (232s)
  [P37-R2-CF85R] step 1750/4000 ce 1.8237 bce 0.387 (1581s)
  [P37-R2-CF85R] step 500/4000 ce 1.8913 bce 0.459 (466s)
  [P37-R2-CF85R] step 2000/4000 ce 1.8158 bce 0.398 (1805s)
  [P37-R2-CF85R] step 750/4000 ce 1.9098 bce 0.420 (686s)
  [P37-R2-CF85R] step 2250/4000 ce 1.8316 bce 0.391 (2027s)
  [P37-R2-CF85R] step 1000/4000 ce 1.8599 bce 0.414 (906s)
  [P37-R2-CF85R] step 2500/4000 ce 1.8510 bce 0.405 (2266s)
  [P37-R2-CF85R] step 1250/4000 ce 1.8461 bce 0.416 (1143s)
  [P37-R2-CF85R] step 2750/4000 ce 1.7942 bce 0.374 (2489s)
  [P37-R2-CF85R] step 1500/4000 ce 1.8296 bce 0.397 (1364s)
  [P37-R2-CF85R] step 3000/4000 ce 1.8465 bce 0.393 (2716s)
  [P37-R2-CF85R] step 1750/4000 ce 1.8133 bce 0.389 (1589s)
  [P37-R2-CF85R] step 3250/4000 ce 1.8214 bce 0.397 (2943s)
  [P37-R2-CF85R] step 2000/4000 ce 1.8211 bce 0.393 (1812s)
  [P37-R2-CF85R] step 3500/4000 ce 1.8188 bce 0.396 (3172s)
  [P37-R2-CF85R] step 2250/4000 ce 1.8284 bce 0.388 (2034s)
  [P37-R2-CF85R] step 3750/4000 ce 1.8272 bce 0.403 (3396s)
  [P37-R2-CF85R] step 2500/4000 ce 1.8457 bce 0.402 (2257s)
  [P37-R2-CF85R] step 4000/4000 ce 1.8486 bce 0.395 (3613s)
  [P37-R2-CF85R] step 2750/4000 ce 1.7959 bce 0.367 (2476s)
[p37 R2:CF85R s444] {'n1_hard': 1.0, 'n2_hard': 1.0, 'n3_hard': 1.0, 'n4_hard': 0.9812, 'n6_hard': 0.9208, 'n8_hard': 0.8576, 'n_train_mix_hard': 0.9929, 'params': 21324, 'diag': {'key_recall': 1.0, 'query_key_fp': 0.0, 'nonkey_fp': 0.004}}
[P37] DONE
[p37] R2 label stats: P(lab|write-key)=0.925 P(lab|query-key)=0.000 P(lab|nonkey)=0.196
[p37] R2:KRB-HIND params 21324
  [P37-R2-CF85R] step 3000/4000 ce 1.8473 bce 0.386 (2702s)
/home/user/TryArena/arch_vet_p37.py:121: UserWarning: Converting a tensor with requires_grad=True to a scalar may lead to unexpected behavior.
Consider using tensor.detach() first. (Triggered internally at /__w/pytorch/pytorch/torch/csrc/autograd/generated/python_variable_methods.cpp:820.)
  if step % 250 == 0: print(f"  [{name}] step {step}/{steps} ce {float(ce):.4f} bce {float(bce):.3f} ({time.time()-t0:.0f}s)", flush=True)
  [P37-R2-CF85R] step 250/4000 ce 2.0396 bce 0.527 (220s)
  [P37-R2-CF85R] step 3250/4000 ce 1.8257 bce 0.388 (2920s)
  [P37-R2-CF85R] step 500/4000 ce 2.0329 bce 0.533 (457s)
  [P37-R2-CF85R] step 3500/4000 ce 1.9039 bce 0.390 (3142s)
  [P37-R2-CF85R] step 750/4000 ce 2.0544 bce 0.436 (693s)
  [P37-R2-CF85R] step 3750/4000 ce 1.8281 bce 0.398 (3368s)
  [P37-R2-CF85R] step 1000/4000 ce 1.8954 bce 0.418 (919s)
  [P37-R2-CF85R] step 4000/4000 ce 1.8482 bce 0.388 (3591s)
[p37 R2:CF85R s888] {'n1_hard': 1.0, 'n2_hard': 1.0, 'n3_hard': 1.0, 'n4_hard': 0.9812, 'n6_hard': 0.9292, 'n8_hard': 0.8472, 'n_train_mix_hard': 1.0, 'params': 21324, 'diag': {'key_recall': 1.0, 'query_key_fp': 0.0, 'nonkey_fp': 0.002}}
[P37] DONE
[p37] R2 label stats: P(lab|write-key)=0.925 P(lab|query-key)=0.000 P(lab|nonkey)=0.196
[p37] R2:KRB-HIND params 21324
  [P37-R2-CF85R] step 1250/4000 ce 1.8861 bce 0.420 (1145s)
/home/user/TryArena/arch_vet_p37.py:121: UserWarning: Converting a tensor with requires_grad=True to a scalar may lead to unexpected behavior.
Consider using tensor.detach() first. (Triggered internally at /__w/pytorch/pytorch/torch/csrc/autograd/generated/python_variable_methods.cpp:820.)
  if step % 250 == 0: print(f"  [{name}] step {step}/{steps} ce {float(ce):.4f} bce {float(bce):.3f} ({time.time()-t0:.0f}s)", flush=True)
  [P37-R2-CF85R] step 250/4000 ce 2.0637 bce 0.527 (232s)
  [P37-R2-CF85R] step 1500/4000 ce 1.8647 bce 0.399 (1374s)
  [P37-R2-CF85R] step 500/4000 ce 2.0160 bce 0.530 (452s)
  [P37-R2-CF85R] step 1750/4000 ce 1.8462 bce 0.403 (1596s)
  [P37-R2-CF85R] step 750/4000 ce 2.0315 bce 0.435 (677s)
  [P37-R2-CF85R] step 2000/4000 ce 1.8232 bce 0.411 (1817s)
  [P37-R2-CF85R] step 1000/4000 ce 1.9129 bce 0.418 (898s)
  [P37-R2-CF85R] step 2250/4000 ce 1.8300 bce 0.398 (2038s)
  [P37-R2-CF85R] step 1250/4000 ce 1.8851 bce 0.418 (1124s)
  [P37-R2-CF85R] step 2500/4000 ce 1.8428 bce 0.414 (2269s)
  [P37-R2-CF85R] step 1500/4000 ce 1.8777 bce 0.405 (1348s)
  [P37-R2-CF85R] step 2750/4000 ce 1.7919 bce 0.381 (2500s)
  [P37-R2-CF85R] step 1750/4000 ce 1.8596 bce 0.407 (1577s)
  [P37-R2-CF85R] step 3000/4000 ce 1.8453 bce 0.398 (2724s)
  [P37-R2-CF85R] step 2000/4000 ce 1.8543 bce 0.410 (1810s)
  [P37-R2-CF85R] step 3250/4000 ce 1.8293 bce 0.398 (2951s)
  [P37-R2-CF85R] step 2250/4000 ce 1.8614 bce 0.403 (2045s)
  [P37-R2-CF85R] step 3500/4000 ce 1.8196 bce 0.399 (3185s)
  [P37-R2-CF85R] step 2500/4000 ce 1.8633 bce 0.419 (2281s)
  [P37-R2-CF85R] step 3750/4000 ce 1.8318 bce 0.407 (3417s)
  [P37-R2-CF85R] step 2750/4000 ce 1.8178 bce 0.386 (2518s)
  [P37-R2-CF85R] step 4000/4000 ce 1.8428 bce 0.398 (3650s)
[p37 R2:CF85R s555] {'n1_hard': 1.0, 'n2_hard': 1.0, 'n3_hard': 1.0, 'n4_hard': 0.9812, 'n6_hard': 0.9292, 'n8_hard': 0.8646, 'n_train_mix_hard': 0.9929, 'params': 21324, 'diag': {'key_recall': 1.0, 'query_key_fp': 0.0, 'nonkey_fp': 0.004}}
[P37] DONE
[p37] R2 label stats: P(lab|write-key)=0.925 P(lab|query-key)=0.000 P(lab|nonkey)=0.196
[p37] R2:KRB-HIND params 21324
  [P37-R2-CF85R] step 3000/4000 ce 1.8545 bce 0.407 (2750s)
/home/user/TryArena/arch_vet_p37.py:121: UserWarning: Converting a tensor with requires_grad=True to a scalar may lead to unexpected behavior.
Consider using tensor.detach() first. (Triggered internally at /__w/pytorch/pytorch/torch/csrc/autograd/generated/python_variable_methods.cpp:820.)
  if step % 250 == 0: print(f"  [{name}] step {step}/{steps} ce {float(ce):.4f} bce {float(bce):.3f} ({time.time()-t0:.0f}s)", flush=True)
  [P37-R2-CF85R] step 250/4000 ce 2.0703 bce 0.527 (221s)
  [P37-R2-CF85R] step 3250/4000 ce 1.8334 bce 0.404 (2982s)
  [P37-R2-CF85R] step 500/4000 ce 2.0090 bce 0.535 (442s)
  [P37-R2-CF85R] step 3500/4000 ce 1.8235 bce 0.406 (3211s)
  [P37-R2-CF85R] step 750/4000 ce 2.0149 bce 0.532 (660s)
  [P37-R2-CF85R] step 1000/4000 ce 1.9747 bce 0.532 (877s)
  [P37-R2-CF85R] step 3750/4000 ce 1.8306 bce 0.419 (3440s)
  [P37-R2-CF85R] step 1250/4000 ce 1.9688 bce 0.531 (1091s)
  [P37-R2-CF85R] step 4000/4000 ce 1.8522 bce 0.406 (3667s)
[p37 R2:CF85R s999] {'n1_hard': 1.0, 'n2_hard': 1.0, 'n3_hard': 1.0, 'n4_hard': 0.9875, 'n6_hard': 0.9292, 'n8_hard': 0.8646, 'n_train_mix_hard': 0.9929, 'params': 21324, 'diag': {'key_recall': 1.0, 'query_key_fp': 0.0, 'nonkey_fp': 0.0}}
[P37] DONE
[p37] R2 label stats: P(lab|write-key)=0.925 P(lab|query-key)=0.000 P(lab|nonkey)=0.196
[p37] R2:KRB-HIND params 21324
  [P37-R2-CF85R] step 1500/4000 ce 1.9714 bce 0.523 (1305s)
/home/user/TryArena/arch_vet_p37.py:121: UserWarning: Converting a tensor with requires_grad=True to a scalar may lead to unexpected behavior.
Consider using tensor.detach() first. (Triggered internally at /__w/pytorch/pytorch/torch/csrc/autograd/generated/python_variable_methods.cpp:820.)
  if step % 250 == 0: print(f"  [{name}] step {step}/{steps} ce {float(ce):.4f} bce {float(bce):.3f} ({time.time()-t0:.0f}s)", flush=True)
  [P37-R2-CF85R] step 250/4000 ce 2.1281 bce 0.501 (221s)
  [P37-R2-CF85R] step 1750/4000 ce 1.9615 bce 0.531 (1516s)
  [P37-R2-CF85R] step 500/4000 ce 1.9942 bce 0.445 (445s)
  [P37-R2-CF85R] step 2000/4000 ce 1.9785 bce 0.533 (1730s)
  [P37-R2-CF85R] step 750/4000 ce 1.9231 bce 0.412 (676s)
  [P37-R2-CF85R] step 2250/4000 ce 1.9862 bce 0.526 (1954s)
  [P37-R2-CF85R] step 1000/4000 ce 1.8793 bce 0.412 (914s)
  [P37-R2-CF85R] step 2500/4000 ce 1.9747 bce 0.545 (2181s)
  [P37-R2-CF85R] step 1250/4000 ce 1.8798 bce 0.417 (1150s)
  [P37-R2-CF85R] step 2750/4000 ce 1.9536 bce 0.516 (2410s)
  [P37-R2-CF85R] step 1500/4000 ce 1.8727 bce 0.404 (1395s)
  [P37-R2-CF85R] step 3000/4000 ce 2.1116 bce 0.471 (2662s)
  [P37-R2-CF85R] step 1750/4000 ce 1.8574 bce 0.405 (1651s)
  [P37-R2-CF85R] step 3250/4000 ce 1.8866 bce 0.420 (2908s)
  [P37-R2-CF85R] step 2000/4000 ce 1.8583 bce 0.410 (1903s)
  [P37-R2-CF85R] step 3500/4000 ce 1.8541 bce 0.407 (3155s)
  [P37-R2-CF85R] step 2250/4000 ce 1.8552 bce 0.400 (2154s)
  [P37-R2-CF85R] step 3750/4000 ce 1.8491 bce 0.405 (3401s)
  [P37-R2-CF85R] step 2500/4000 ce 1.8653 bce 0.418 (2409s)
  [P37-R2-CF85R] step 4000/4000 ce 1.8717 bce 0.396 (3647s)
[p37 R2:CF85R s666] {'n1_hard': 1.0, 'n2_hard': 1.0, 'n3_hard': 1.0, 'n4_hard': 0.9812, 'n6_hard': 0.9375, 'n8_hard': 0.8681, 'n_train_mix_hard': 0.9929, 'params': 21324, 'diag': {'key_recall': 1.0, 'query_key_fp': 0.0, 'nonkey_fp': 0.004}}
[P37] DONE
[p37] R2 label stats: P(lab|write-key)=0.925 P(lab|query-key)=0.000 P(lab|nonkey)=0.196
[p37] R2:KRB-HIND params 21324
  [P37-R2-CF85R] step 2750/4000 ce 1.8092 bce 0.383 (2653s)
/home/user/TryArena/arch_vet_p37.py:121: UserWarning: Converting a tensor with requires_grad=True to a scalar may lead to unexpected behavior.
Consider using tensor.detach() first. (Triggered internally at /__w/pytorch/pytorch/torch/csrc/autograd/generated/python_variable_methods.cpp:820.)
  if step % 250 == 0: print(f"  [{name}] step {step}/{steps} ce {float(ce):.4f} bce {float(bce):.3f} ({time.time()-t0:.0f}s)", flush=True)
  [P37-R2-CF85R] step 250/4000 ce 2.0736 bce 0.526 (229s)
  [P37-R2-CF85R] step 3000/4000 ce 1.8527 bce 0.403 (2903s)
  [P37-R2-CF85R] step 500/4000 ce 2.0374 bce 0.457 (464s)
  [P37-R2-CF85R] step 3250/4000 ce 1.8320 bce 0.402 (3169s)
  [P37-R2-CF85R] step 750/4000 ce 1.9435 bce 0.420 (714s)
  [P37-R2-CF85R] step 3500/4000 ce 1.8213 bce 0.403 (3415s)
  [P37-R2-CF85R] step 1000/4000 ce 1.8881 bce 0.419 (954s)
  [P37-R2-CF85R] step 3750/4000 ce 1.8346 bce 0.415 (3666s)
  [P37-R2-CF85R] step 1250/4000 ce 1.8744 bce 0.418 (1198s)
  [P37-R2-CF85R] step 4000/4000 ce 1.8488 bce 0.405 (3921s)
[p37 R2:CF85R s1010] {'n1_hard': 1.0, 'n2_hard': 1.0, 'n3_hard': 1.0, 'n4_hard': 0.9875, 'n6_hard': 0.9208, 'n8_hard': 0.8472, 'n_train_mix_hard': 0.9929, 'params': 21324, 'diag': {'key_recall': 1.0, 'query_key_fp': 0.0, 'nonkey_fp': 0.0}}
[P37] DONE
  [P37-R2-CF85R] step 1500/4000 ce 1.8623 bce 0.397 (1443s)
  [P37-R2-CF85R] step 1750/4000 ce 1.8416 bce 0.396 (1695s)
  [P37-R2-CF85R] step 2000/4000 ce 1.8339 bce 0.400 (1933s)
  [P37-R2-CF85R] step 2250/4000 ce 1.8352 bce 0.389 (2192s)
  [P37-R2-CF85R] step 2500/4000 ce 1.8453 bce 0.407 (2438s)
  [P37-R2-CF85R] step 2750/4000 ce 1.8023 bce 0.375 (2683s)
  [P37-R2-CF85R] step 3000/4000 ce 1.8437 bce 0.394 (2936s)
  [P37-R2-CF85R] step 3250/4000 ce 1.8184 bce 0.397 (3176s)
  [P37-R2-CF85R] step 3500/4000 ce 1.8138 bce 0.398 (3406s)
  [P37-R2-CF85R] step 3750/4000 ce 1.8205 bce 0.404 (3631s)
  [P37-R2-CF85R] step 4000/4000 ce 1.8479 bce 0.395 (3852s)
[p37 R2:CF85R s777] {'n1_hard': 1.0, 'n2_hard': 1.0, 'n3_hard': 1.0, 'n4_hard': 0.9875, 'n6_hard': 0.925, 'n8_hard': 0.8507, 'n_train_mix_hard': 0.9929, 'params': 21324, 'diag': {'key_recall': 1.0, 'query_key_fp': 0.0, 'nonkey_fp': 0.004}}
[P37] DONE
