[p38] R2:SBK4 params 21324
/home/user/TryArena/arch_vet_p38.py:110: UserWarning: Converting a tensor with requires_grad=True to a scalar may lead to unexpected behavior.
Consider using tensor.detach() first. (Triggered internally at /__w/pytorch/pytorch/torch/csrc/autograd/generated/python_variable_methods.cpp:820.)
  print(f"  [{name}] step {step}/{steps} ce {float(ce):.4f} bce {float(bce):.3f} ({time.time()-t0:.0f}s)", flush=True)
  [P38-R2-SBK4] step 250/4000 ce 2.0522 bce 0.505 (173s)
  [P38-R2-SBK4] step 500/4000 ce 1.9190 bce 0.449 (345s)
  [P38-R2-SBK4] step 750/4000 ce 1.9039 bce 0.414 (514s)
  [P38-R2-SBK4] step 1000/4000 ce 1.8623 bce 0.412 (682s)
  [P38-R2-SBK4] step 1250/4000 ce 1.8923 bce 0.414 (854s)
  [P38-R2-SBK4] step 1500/4000 ce 1.8600 bce 0.398 (1022s)
  [P38-R2-SBK4] step 1750/4000 ce 1.8498 bce 0.405 (1193s)
  [P38-R2-SBK4] step 2000/4000 ce 1.8569 bce 0.399 (1366s)
  [P38-R2-SBK4] step 2250/4000 ce 1.8572 bce 0.396 (1536s)
  [P38-R2-SBK4] step 2500/4000 ce 1.8459 bce 0.407 (1706s)
  [P38-R2-SBK4] step 2750/4000 ce 1.7917 bce 0.372 (1879s)
  [P38-R2-SBK4] step 3000/4000 ce 1.8298 bce 0.394 (2051s)
  [P38-R2-SBK4] step 3250/4000 ce 1.8071 bce 0.397 (2220s)
  [P38-R2-SBK4] step 3500/4000 ce 1.7901 bce 0.399 (2389s)
  [P38-R2-SBK4] step 3750/4000 ce 1.8039 bce 0.410 (2557s)
  [P38-R2-SBK4] step 4000/4000 ce 1.8152 bce 0.396 (2727s)
[p38 R2:SBK4 s111] {'n1_hard': 1.0, 'n2_hard': 1.0, 'n3_hard': 1.0, 'n4_hard': 1.0, 'n6_hard': 1.0, 'n8_hard': 1.0, 'n_train_mix_hard': 1.0, 'params': 21324, 'diag': {'key_recall': 1.0, 'query_key_fp': 0.0, 'nonkey_fp': 0.004}}
[P38] DONE
[p38] R2:SBK4 params 21324
/home/user/TryArena/arch_vet_p38.py:110: UserWarning: Converting a tensor with requires_grad=True to a scalar may lead to unexpected behavior.
Consider using tensor.detach() first. (Triggered internally at /__w/pytorch/pytorch/torch/csrc/autograd/generated/python_variable_methods.cpp:820.)
  print(f"  [{name}] step {step}/{steps} ce {float(ce):.4f} bce {float(bce):.3f} ({time.time()-t0:.0f}s)", flush=True)
  [P38-R2-SBK4] step 250/4000 ce 2.0650 bce 0.507 (171s)
  [P38-R2-SBK4] step 500/4000 ce 1.9702 bce 0.469 (337s)
  [P38-R2-SBK4] step 750/4000 ce 1.8971 bce 0.423 (503s)
  [P38-R2-SBK4] step 1000/4000 ce 1.8518 bce 0.416 (673s)
  [P38-R2-SBK4] step 1250/4000 ce 1.8402 bce 0.419 (837s)
  [P38-R2-SBK4] step 1500/4000 ce 1.8125 bce 0.403 (1001s)
  [P38-R2-SBK4] step 1750/4000 ce 1.8064 bce 0.403 (1170s)
  [P38-R2-SBK4] step 2000/4000 ce 1.7914 bce 0.409 (1336s)
  [P38-R2-SBK4] step 2250/4000 ce 1.8261 bce 0.402 (1502s)
  [P38-R2-SBK4] step 2500/4000 ce 1.8162 bce 0.415 (1663s)
  [P38-R2-SBK4] step 2750/4000 ce 1.7819 bce 0.379 (1828s)
  [P38-R2-SBK4] step 3000/4000 ce 1.8189 bce 0.400 (1994s)
  [P38-R2-SBK4] step 3250/4000 ce 1.7912 bce 0.405 (2160s)
  [P38-R2-SBK4] step 3500/4000 ce 1.7845 bce 0.405 (2323s)
  [P38-R2-SBK4] step 3750/4000 ce 1.7937 bce 0.412 (2488s)
  [P38-R2-SBK4] step 4000/4000 ce 1.8140 bce 0.401 (2655s)
[p38 R2:SBK4 s222] {'n1_hard': 1.0, 'n2_hard': 1.0, 'n3_hard': 1.0, 'n4_hard': 1.0, 'n6_hard': 1.0, 'n8_hard': 1.0, 'n_train_mix_hard': 1.0, 'params': 21324, 'diag': {'key_recall': 1.0, 'query_key_fp': 0.0, 'nonkey_fp': 0.0}}
[P38] DONE
[p38] R2:SBK4 params 21324
/home/user/TryArena/arch_vet_p38.py:110: UserWarning: Converting a tensor with requires_grad=True to a scalar may lead to unexpected behavior.
Consider using tensor.detach() first. (Triggered internally at /__w/pytorch/pytorch/torch/csrc/autograd/generated/python_variable_methods.cpp:820.)
  print(f"  [{name}] step {step}/{steps} ce {float(ce):.4f} bce {float(bce):.3f} ({time.time()-t0:.0f}s)", flush=True)
  [P38-R2-SBK4] step 250/4000 ce 2.0683 bce 0.527 (149s)
  [P38-R2-SBK4] step 500/4000 ce 2.0551 bce 0.463 (313s)
  [P38-R2-SBK4] step 750/4000 ce 1.9310 bce 0.409 (477s)
  [P38-R2-SBK4] step 1000/4000 ce 1.9116 bce 0.406 (644s)
  [P38-R2-SBK4] step 1250/4000 ce 1.8754 bce 0.415 (806s)
  [P38-R2-SBK4] step 1500/4000 ce 1.8610 bce 0.399 (971s)
  [P38-R2-SBK4] step 1750/4000 ce 1.8487 bce 0.398 (1136s)
  [P38-R2-SBK4] step 2000/4000 ce 1.8231 bce 0.402 (1302s)
  [P38-R2-SBK4] step 2250/4000 ce 1.8496 bce 0.399 (1468s)
  [P38-R2-SBK4] step 2500/4000 ce 1.8435 bce 0.417 (1632s)
  [P38-R2-SBK4] step 2750/4000 ce 1.7925 bce 0.377 (1801s)
  [P38-R2-SBK4] step 3000/4000 ce 1.8136 bce 0.398 (1967s)
  [P38-R2-SBK4] step 3250/4000 ce 1.8062 bce 0.403 (2135s)
  [P38-R2-SBK4] step 3500/4000 ce 1.7951 bce 0.403 (2301s)
  [P38-R2-SBK4] step 3750/4000 ce 1.8104 bce 0.414 (2465s)
  [P38-R2-SBK4] step 4000/4000 ce 1.8158 bce 0.399 (2629s)
[p38 R2:SBK4 s333] {'n1_hard': 1.0, 'n2_hard': 1.0, 'n3_hard': 1.0, 'n4_hard': 1.0, 'n6_hard': 1.0, 'n8_hard': 1.0, 'n_train_mix_hard': 1.0, 'params': 21324, 'diag': {'key_recall': 1.0, 'query_key_fp': 0.0, 'nonkey_fp': 0.002}}
[P38] DONE
[p38] R2:SBK4 params 21324
/home/user/TryArena/arch_vet_p38.py:110: UserWarning: Converting a tensor with requires_grad=True to a scalar may lead to unexpected behavior.
Consider using tensor.detach() first. (Triggered internally at /__w/pytorch/pytorch/torch/csrc/autograd/generated/python_variable_methods.cpp:820.)
  print(f"  [{name}] step {step}/{steps} ce {float(ce):.4f} bce {float(bce):.3f} ({time.time()-t0:.0f}s)", flush=True)
  [P38-R2-SBK4] step 250/4000 ce 2.0805 bce 0.524 (156s)
  [P38-R2-SBK4] step 500/4000 ce 2.0296 bce 0.448 (321s)
  [P38-R2-SBK4] step 750/4000 ce 1.9197 bce 0.412 (486s)
  [P38-R2-SBK4] step 1000/4000 ce 1.8403 bce 0.406 (649s)
  [P38-R2-SBK4] step 1250/4000 ce 1.8346 bce 0.409 (815s)
  [P38-R2-SBK4] step 1500/4000 ce 1.8134 bce 0.397 (981s)
  [P38-R2-SBK4] step 1750/4000 ce 1.8119 bce 0.389 (1149s)
  [P38-R2-SBK4] step 2000/4000 ce 1.7948 bce 0.398 (1316s)
  [P38-R2-SBK4] step 2250/4000 ce 1.8256 bce 0.392 (1481s)
  [P38-R2-SBK4] step 2500/4000 ce 1.8293 bce 0.406 (1649s)
  [P38-R2-SBK4] step 2750/4000 ce 1.7815 bce 0.371 (1817s)
  [P38-R2-SBK4] step 3000/4000 ce 1.8250 bce 0.392 (1987s)
  [P38-R2-SBK4] step 3250/4000 ce 1.8125 bce 0.399 (2158s)
  [P38-R2-SBK4] step 3500/4000 ce 1.7973 bce 0.397 (2327s)
  [P38-R2-SBK4] step 3750/4000 ce 1.8103 bce 0.403 (2497s)
  [P38-R2-SBK4] step 4000/4000 ce 1.8269 bce 0.394 (2666s)
[p38 R2:SBK4 s444] {'n1_hard': 1.0, 'n2_hard': 1.0, 'n3_hard': 1.0, 'n4_hard': 1.0, 'n6_hard': 1.0, 'n8_hard': 1.0, 'n_train_mix_hard': 1.0, 'params': 21324, 'diag': {'key_recall': 1.0, 'query_key_fp': 0.0, 'nonkey_fp': 0.004}}
[P38] DONE
[p38] R2:SBK4 params 21324
/home/user/TryArena/arch_vet_p38.py:110: UserWarning: Converting a tensor with requires_grad=True to a scalar may lead to unexpected behavior.
Consider using tensor.detach() first. (Triggered internally at /__w/pytorch/pytorch/torch/csrc/autograd/generated/python_variable_methods.cpp:820.)
  print(f"  [{name}] step {step}/{steps} ce {float(ce):.4f} bce {float(bce):.3f} ({time.time()-t0:.0f}s)", flush=True)
  [P38-R2-SBK4] step 250/4000 ce 2.0396 bce 0.527 (153s)
  [P38-R2-SBK4] step 500/4000 ce 2.0329 bce 0.533 (302s)
  [P38-R2-SBK4] step 750/4000 ce 2.0535 bce 0.436 (464s)
  [P38-R2-SBK4] step 1000/4000 ce 1.8770 bce 0.417 (635s)
  [P38-R2-SBK4] step 1250/4000 ce 1.8709 bce 0.420 (807s)
  [P38-R2-SBK4] step 1500/4000 ce 1.8445 bce 0.399 (982s)
  [P38-R2-SBK4] step 1750/4000 ce 1.8276 bce 0.405 (1158s)
  [P38-R2-SBK4] step 2000/4000 ce 1.7908 bce 0.409 (1332s)
  [P38-R2-SBK4] step 2250/4000 ce 1.8216 bce 0.400 (1504s)
  [P38-R2-SBK4] step 2500/4000 ce 1.8153 bce 0.411 (1671s)
  [P38-R2-SBK4] step 2750/4000 ce 1.7832 bce 0.377 (1841s)
  [P38-R2-SBK4] step 3000/4000 ce 1.8256 bce 0.397 (2014s)
  [P38-R2-SBK4] step 3250/4000 ce 1.8012 bce 0.399 (2181s)
  [P38-R2-SBK4] step 3500/4000 ce 1.7997 bce 0.399 (2352s)
  [P38-R2-SBK4] step 3750/4000 ce 1.8105 bce 0.405 (2519s)
  [P38-R2-SBK4] step 4000/4000 ce 1.8131 bce 0.395 (2691s)
[p38 R2:SBK4 s555] {'n1_hard': 1.0, 'n2_hard': 1.0, 'n3_hard': 1.0, 'n4_hard': 1.0, 'n6_hard': 1.0, 'n8_hard': 1.0, 'n_train_mix_hard': 1.0, 'params': 21324, 'diag': {'key_recall': 1.0, 'query_key_fp': 0.0, 'nonkey_fp': 0.004}}
[P38] DONE
[p38] R2:SBK4 params 21324
/home/user/TryArena/arch_vet_p38.py:110: UserWarning: Converting a tensor with requires_grad=True to a scalar may lead to unexpected behavior.
Consider using tensor.detach() first. (Triggered internally at /__w/pytorch/pytorch/torch/csrc/autograd/generated/python_variable_methods.cpp:820.)
  print(f"  [{name}] step {step}/{steps} ce {float(ce):.4f} bce {float(bce):.3f} ({time.time()-t0:.0f}s)", flush=True)
  [P38-R2-SBK4] step 250/4000 ce 2.0759 bce 0.527 (151s)
  [P38-R2-SBK4] step 500/4000 ce 2.0230 bce 0.534 (297s)
  [P38-R2-SBK4] step 750/4000 ce 2.0523 bce 0.527 (441s)
  [P38-R2-SBK4] step 1000/4000 ce 1.9638 bce 0.435 (602s)
  [P38-R2-SBK4] step 1250/4000 ce 1.8994 bce 0.414 (765s)
  [P38-R2-SBK4] step 1500/4000 ce 1.8885 bce 0.391 (930s)
  [P38-R2-SBK4] step 1750/4000 ce 1.8558 bce 0.394 (1094s)
  [P38-R2-SBK4] step 2000/4000 ce 1.8254 bce 0.394 (1257s)
  [P38-R2-SBK4] step 2250/4000 ce 1.8525 bce 0.398 (1421s)
  [P38-R2-SBK4] step 2500/4000 ce 1.8497 bce 0.409 (1590s)
  [P38-R2-SBK4] step 2750/4000 ce 1.7975 bce 0.371 (1755s)
  [P38-R2-SBK4] step 3000/4000 ce 1.8374 bce 0.392 (1924s)
  [P38-R2-SBK4] step 3250/4000 ce 1.8304 bce 0.399 (2087s)
  [P38-R2-SBK4] step 3500/4000 ce 1.8182 bce 0.397 (2249s)
  [P38-R2-SBK4] step 3750/4000 ce 1.8292 bce 0.408 (2411s)
  [P38-R2-SBK4] step 4000/4000 ce 1.8354 bce 0.397 (2575s)
[p38 R2:SBK4 s666] {'n1_hard': 1.0, 'n2_hard': 1.0, 'n3_hard': 1.0, 'n4_hard': 1.0, 'n6_hard': 1.0, 'n8_hard': 1.0, 'n_train_mix_hard': 1.0, 'params': 21324, 'diag': {'key_recall': 1.0, 'query_key_fp': 0.0, 'nonkey_fp': 0.004}}
[P38] DONE
[p38] R2:SBK4 params 21324
/home/user/TryArena/arch_vet_p38.py:110: UserWarning: Converting a tensor with requires_grad=True to a scalar may lead to unexpected behavior.
Consider using tensor.detach() first. (Triggered internally at /__w/pytorch/pytorch/torch/csrc/autograd/generated/python_variable_methods.cpp:820.)
  print(f"  [{name}] step {step}/{steps} ce {float(ce):.4f} bce {float(bce):.3f} ({time.time()-t0:.0f}s)", flush=True)
  [P38-R2-SBK4] step 250/4000 ce 2.0736 bce 0.526 (143s)
  [P38-R2-SBK4] step 500/4000 ce 2.0431 bce 0.456 (296s)
  [P38-R2-SBK4] step 750/4000 ce 1.9259 bce 0.410 (458s)
  [P38-R2-SBK4] step 1000/4000 ce 1.8635 bce 0.411 (619s)
  [P38-R2-SBK4] step 1250/4000 ce 1.8576 bce 0.414 (784s)
  [P38-R2-SBK4] step 1500/4000 ce 1.8453 bce 0.398 (947s)
  [P38-R2-SBK4] step 1750/4000 ce 1.8060 bce 0.404 (1107s)
  [P38-R2-SBK4] step 2000/4000 ce 1.8041 bce 0.404 (1268s)
  [P38-R2-SBK4] step 2250/4000 ce 1.8464 bce 0.401 (1433s)
  [P38-R2-SBK4] step 2500/4000 ce 1.8222 bce 0.413 (1599s)
  [P38-R2-SBK4] step 2750/4000 ce 1.7837 bce 0.379 (1767s)
  [P38-R2-SBK4] step 3000/4000 ce 1.8277 bce 0.403 (1942s)
  [P38-R2-SBK4] step 3250/4000 ce 1.8088 bce 0.402 (2108s)
  [P38-R2-SBK4] step 3500/4000 ce 1.7890 bce 0.404 (2269s)
  [P38-R2-SBK4] step 3750/4000 ce 1.7961 bce 0.415 (2431s)
  [P38-R2-SBK4] step 4000/4000 ce 1.8093 bce 0.402 (2591s)
[p38 R2:SBK4 s777] {'n1_hard': 1.0, 'n2_hard': 1.0, 'n3_hard': 1.0, 'n4_hard': 1.0, 'n6_hard': 1.0, 'n8_hard': 1.0, 'n_train_mix_hard': 1.0, 'params': 21324, 'diag': {'key_recall': 1.0, 'query_key_fp': 0.0, 'nonkey_fp': 0.0}}
[P38] DONE
[p38] R2:SBK4 params 21324
/home/user/TryArena/arch_vet_p38.py:110: UserWarning: Converting a tensor with requires_grad=True to a scalar may lead to unexpected behavior.
Consider using tensor.detach() first. (Triggered internally at /__w/pytorch/pytorch/torch/csrc/autograd/generated/python_variable_methods.cpp:820.)
  print(f"  [{name}] step {step}/{steps} ce {float(ce):.4f} bce {float(bce):.3f} ({time.time()-t0:.0f}s)", flush=True)
  [P38-R2-SBK4] step 250/4000 ce 2.0545 bce 0.511 (164s)
  [P38-R2-SBK4] step 500/4000 ce 1.8956 bce 0.457 (324s)
  [P38-R2-SBK4] step 750/4000 ce 1.8977 bce 0.419 (491s)
  [P38-R2-SBK4] step 1000/4000 ce 1.8210 bce 0.413 (667s)
  [P38-R2-SBK4] step 1250/4000 ce 1.8325 bce 0.414 (830s)
  [P38-R2-SBK4] step 1500/4000 ce 1.8168 bce 0.395 (994s)
  [P38-R2-SBK4] step 1750/4000 ce 1.8012 bce 0.398 (1158s)
  [P38-R2-SBK4] step 2000/4000 ce 1.7995 bce 0.399 (1323s)
  [P38-R2-SBK4] step 2250/4000 ce 1.8316 bce 0.396 (1489s)
  [P38-R2-SBK4] step 2500/4000 ce 1.8339 bce 0.408 (1657s)
  [P38-R2-SBK4] step 2750/4000 ce 1.7808 bce 0.370 (1820s)
  [P38-R2-SBK4] step 3000/4000 ce 1.8265 bce 0.391 (1986s)
  [P38-R2-SBK4] step 3250/4000 ce 1.8060 bce 0.394 (2148s)
  [P38-R2-SBK4] step 3500/4000 ce 1.7959 bce 0.393 (2311s)
  [P38-R2-SBK4] step 3750/4000 ce 1.8064 bce 0.401 (2474s)
  [P38-R2-SBK4] step 4000/4000 ce 1.8143 bce 0.391 (2638s)
[p38 R2:SBK4 s888] {'n1_hard': 1.0, 'n2_hard': 1.0, 'n3_hard': 1.0, 'n4_hard': 1.0, 'n6_hard': 1.0, 'n8_hard': 1.0, 'n_train_mix_hard': 1.0, 'params': 21324, 'diag': {'key_recall': 1.0, 'query_key_fp': 0.0, 'nonkey_fp': 0.004}}
[P38] DONE
[p38] R2:SBK4 params 21324
/home/user/TryArena/arch_vet_p38.py:110: UserWarning: Converting a tensor with requires_grad=True to a scalar may lead to unexpected behavior.
Consider using tensor.detach() first. (Triggered internally at /__w/pytorch/pytorch/torch/csrc/autograd/generated/python_variable_methods.cpp:820.)
  print(f"  [{name}] step {step}/{steps} ce {float(ce):.4f} bce {float(bce):.3f} ({time.time()-t0:.0f}s)", flush=True)
  [P38-R2-SBK4] step 250/4000 ce 2.0672 bce 0.527 (154s)
  [P38-R2-SBK4] step 500/4000 ce 2.0852 bce 0.494 (309s)
  [P38-R2-SBK4] step 750/4000 ce 1.9437 bce 0.422 (484s)
  [P38-R2-SBK4] step 1000/4000 ce 1.8851 bce 0.416 (657s)
  [P38-R2-SBK4] step 1250/4000 ce 1.8748 bce 0.419 (832s)
  [P38-R2-SBK4] step 1500/4000 ce 1.8666 bce 0.407 (1008s)
  [P38-R2-SBK4] step 1750/4000 ce 1.8588 bce 0.409 (1183s)
  [P38-R2-SBK4] step 2000/4000 ce 1.8432 bce 0.411 (1355s)
  [P38-R2-SBK4] step 2250/4000 ce 1.8698 bce 0.407 (1526s)
  [P38-R2-SBK4] step 2500/4000 ce 1.8673 bce 0.420 (1700s)
  [P38-R2-SBK4] step 2750/4000 ce 1.8145 bce 0.387 (1874s)
  [P38-R2-SBK4] step 3000/4000 ce 1.8481 bce 0.408 (2046s)
  [P38-R2-SBK4] step 3250/4000 ce 1.8292 bce 0.408 (2216s)
  [P38-R2-SBK4] step 3500/4000 ce 1.8098 bce 0.411 (2387s)
  [P38-R2-SBK4] step 3750/4000 ce 1.8210 bce 0.423 (2553s)
  [P38-R2-SBK4] step 4000/4000 ce 1.8343 bce 0.408 (2718s)
[p38 R2:SBK4 s999] {'n1_hard': 1.0, 'n2_hard': 1.0, 'n3_hard': 1.0, 'n4_hard': 1.0, 'n6_hard': 1.0, 'n8_hard': 1.0, 'n_train_mix_hard': 1.0, 'params': 21324, 'diag': {'key_recall': 1.0, 'query_key_fp': 0.0, 'nonkey_fp': 0.0}}
[P38] DONE
[p38] R2:SBK4 params 21324
/home/user/TryArena/arch_vet_p38.py:110: UserWarning: Converting a tensor with requires_grad=True to a scalar may lead to unexpected behavior.
Consider using tensor.detach() first. (Triggered internally at /__w/pytorch/pytorch/torch/csrc/autograd/generated/python_variable_methods.cpp:820.)
  print(f"  [{name}] step {step}/{steps} ce {float(ce):.4f} bce {float(bce):.3f} ({time.time()-t0:.0f}s)", flush=True)
  [P38-R2-SBK4] step 250/4000 ce 2.0960 bce 0.501 (152s)
  [P38-R2-SBK4] step 500/4000 ce 2.0037 bce 0.449 (312s)
  [P38-R2-SBK4] step 750/4000 ce 1.9092 bce 0.415 (474s)
  [P38-R2-SBK4] step 1000/4000 ce 1.8570 bce 0.410 (636s)
  [P38-R2-SBK4] step 1250/4000 ce 1.8564 bce 0.417 (797s)
  [P38-R2-SBK4] step 1500/4000 ce 1.8378 bce 0.403 (960s)
  [P38-R2-SBK4] step 1750/4000 ce 1.8090 bce 0.404 (1122s)
  [P38-R2-SBK4] step 2000/4000 ce 1.7912 bce 0.408 (1284s)
