[p41] unified params 116858 | TF-ALiBi params 42672
/home/user/TryArena/arch_vet_p41.py:39: UserWarning: To copy construct from a tensor, it is recommended to use sourceTensor.detach().clone() or sourceTensor.detach().clone().requires_grad_(True), rather than torch.tensor(sourceTensor).
  x = torch.tensor(p19.make_pool(1, L, 5)[0][:L]).unsqueeze(0)
[p41 L=256] unified 0.709s = 2768.3 us/tok, peak RSS 522 MB
[p41 L=256] TF-ALiBi 0.003s = 10.7 us/tok, peak RSS 525 MB
[p41 L=1024] unified 2.758s = 2693.4 us/tok, peak RSS 532 MB
[p41 L=1024] TF-ALiBi 0.035s = 34.6 us/tok, peak RSS 570 MB
[p41 L=4096] unified 10.858s = 2650.8 us/tok, peak RSS 570 MB
[p41 L=4096] TF-ALiBi 0.784s = 191.5 us/tok, peak RSS 739 MB
[p41 L=16384] unified 45.031s = 2748.5 us/tok, peak RSS 739 MB
[p41 L=16384] TF-ALiBi 18.002s = 1098.7 us/tok, peak RSS 1151 MB
[P41] DONE
[p41] unified params 116858 | TF-ALiBi params 42672
/home/user/TryArena/arch_vet_p41.py:39: UserWarning: To copy construct from a tensor, it is recommended to use sourceTensor.detach().clone() or sourceTensor.detach().clone().requires_grad_(True), rather than torch.tensor(sourceTensor).
  x = torch.tensor(p19.make_pool(1, L, 5)[0][:L]).unsqueeze(0)
[p41 L=256] unified 0.896s = 3500.0 us/tok, peak RSS 524 MB
[p41 L=256] TF-ALiBi 0.004s = 13.8 us/tok, peak RSS 528 MB
[p41 L=1024] unified 3.598s = 3513.5 us/tok, peak RSS 534 MB
[p41 L=1024] TF-ALiBi 0.045s = 44.2 us/tok, peak RSS 572 MB
[p41 L=4096] unified 14.540s = 3549.9 us/tok, peak RSS 572 MB
[p41 L=4096] TF-ALiBi 0.876s = 214.0 us/tok, peak RSS 786 MB
[p41 L=16384] unified 58.108s = 3546.6 us/tok, peak RSS 786 MB
[p41 L=16384] TF-ALiBi 18.654s = 1138.6 us/tok, peak RSS 1197 MB
[P41] DONE
