[p42] LP params 21449
  [P42-LP-s111] step 250/4000 ce 1.5749 tau 0.90 pred(hit/on/true) one(0, 0, 1) task(0, 0, 1) open(0, 0, 2) close(0, 0, 2) (232s)
  [P42-LP-s111] step 500/4000 ce 1.4476 tau 0.82 pred(hit/on/true) one(0, 0, 1) task(0, 0, 1) open(0, 0, 2) close(0, 0, 2) (468s)
  [P42-LP-s111] step 750/4000 ce 1.4071 tau 0.74 pred(hit/on/true) one(0, 0, 1) task(0, 0, 1) open(0, 2, 2) close(0, 0, 2) (701s)
  [P42-LP-s111] step 1000/4000 ce 1.3220 tau 0.67 pred(hit/on/true) one(0, 1, 1) task(1, 1, 1) open(0, 3, 2) close(0, 0, 2) (932s)
  [P42-LP-s111] step 1250/4000 ce 1.3130 tau 0.60 pred(hit/on/true) one(0, 2, 1) task(1, 1, 1) open(0, 3, 2) close(0, 0, 2) (1163s)
  [P42-LP-s111] step 1500/4000 ce 1.2148 tau 0.55 pred(hit/on/true) one(0, 2, 1) task(1, 1, 1) open(0, 3, 2) close(0, 0, 2) (1392s)
  [P42-LP-s111] step 1750/4000 ce 1.2117 tau 0.49 pred(hit/on/true) one(0, 2, 1) task(1, 1, 1) open(0, 3, 2) close(0, 1, 2) (1624s)
  [P42-LP-s111] step 2000/4000 ce 1.1916 tau 0.45 pred(hit/on/true) one(0, 2, 1) task(1, 1, 1) open(0, 3, 2) close(0, 1, 2) (1858s)
  [P42-LP-s111] step 2250/4000 ce 1.2000 tau 0.40 pred(hit/on/true) one(0, 1, 1) task(1, 1, 1) open(0, 3, 2) close(0, 1, 2) (2092s)
  [P42-LP-s111] step 2500/4000 ce 1.2995 tau 0.37 pred(hit/on/true) one(0, 0, 1) task(1, 1, 1) open(0, 3, 2) close(0, 1, 2) (2323s)
  [P42-LP-s111] step 2750/4000 ce 1.2260 tau 0.33 pred(hit/on/true) one(0, 1, 1) task(1, 1, 1) open(0, 4, 2) close(0, 1, 2) (2556s)
  [P42-LP-s111] step 3000/4000 ce 1.2636 tau 0.30 pred(hit/on/true) one(0, 1, 1) task(1, 1, 1) open(0, 4, 2) close(0, 1, 2) (2792s)
  [P42-LP-s111] step 3250/4000 ce 1.1340 tau 0.27 pred(hit/on/true) one(0, 2, 1) task(1, 1, 1) open(0, 4, 2) close(0, 1, 2) (3028s)
  [P42-LP-s111] step 3500/4000 ce 1.2013 tau 0.24 pred(hit/on/true) one(0, 2, 1) task(1, 1, 1) open(0, 4, 2) close(0, 1, 2) (3261s)
  [P42-LP-s111] step 3750/4000 ce 1.2501 tau 0.22 pred(hit/on/true) one(0, 2, 1) task(1, 1, 1) open(0, 4, 2) close(0, 1, 2) (3496s)
  [P42-LP-s111] step 4000/4000 ce 1.1432 tau 0.20 pred(hit/on/true) one(0, 2, 1) task(1, 1, 1) open(0, 4, 2) close(0, 1, 2) (3739s)
[P42-LP s111] ce={'256_train': 1.377, '256_hard': 2.366, '512': 1.335, '1024': 1.376}
[P42-LP s111] acc_eval={'track': 0.233, 'modk': 0.231, 'dyck': 0.0, 'pair': 0.075}
[p42 LP s111] bars=1/3 pair 0.0755 modk 0.2308 ratio 0.581 predicates_exact=False {'one': {'learned_on': [15, 19], 'truth': [21]}, 'task': {'learned_on': [4], 'truth': [4]}, 'open': {'learned_on': [37, 38, 39, 40], 'truth': [29, 30]}, 'close': {'learned_on': [4], 'truth': [31, 32]}}
[P42] DONE
[p42] LP params 21449
