[p42C85] controller frozen from p21_ckpt/P42_HW_s111.pt; trainable = P only
[p42C85] LP params 21449 cfg p0=0.0 live=False st=False tau1=0.5 l1=0.0
  [P42C85-LP-s222] step 250/4000 ce 1.4239 tau 0.96 pred(hit/on/true) one(1, 6, 1) task(1, 22, 1) open(0, 14, 2) close(0, 17, 2) (205s)
  [P42C85-LP-s222] step 500/4000 ce 1.3791 tau 0.92 pred(hit/on/true) one(1, 5, 1) task(1, 22, 1) open(0, 12, 2) close(0, 19, 2) (416s)
  [P42C85-LP-s222] step 750/4000 ce 1.3671 tau 0.88 pred(hit/on/true) one(1, 5, 1) task(1, 22, 1) open(0, 11, 2) close(0, 20, 2) (680s)
  [P42C85-LP-s222] step 1000/4000 ce 1.3266 tau 0.84 pred(hit/on/true) one(1, 3, 1) task(1, 21, 1) open(0, 10, 2) close(0, 21, 2) (906s)
  [P42C85-LP-s222] step 1250/4000 ce 1.3514 tau 0.81 pred(hit/on/true) one(1, 3, 1) task(1, 15, 1) open(0, 8, 2) close(0, 23, 2) (1112s)
  [P42C85-LP-s222] step 1500/4000 ce 1.2409 tau 0.77 pred(hit/on/true) one(1, 4, 1) task(1, 15, 1) open(0, 8, 2) close(0, 23, 2) (1331s)
  [P42C85-LP-s222] step 1750/4000 ce 1.2407 tau 0.74 pred(hit/on/true) one(1, 4, 1) task(1, 15, 1) open(0, 7, 2) close(0, 24, 2) (1545s)
  [P42C85-LP-s222] step 2000/4000 ce 1.2499 tau 0.71 pred(hit/on/true) one(1, 3, 1) task(1, 15, 1) open(0, 6, 2) close(0, 25, 2) (1759s)
  [P42C85-LP-s222] step 2250/4000 ce 1.2447 tau 0.68 pred(hit/on/true) one(1, 3, 1) task(1, 15, 1) open(0, 3, 2) close(0, 28, 2) (1965s)
  [P42C85-LP-s222] step 2500/4000 ce 1.3502 tau 0.65 pred(hit/on/true) one(1, 3, 1) task(1, 15, 1) open(0, 2, 2) close(0, 29, 2) (2161s)
  [P42C85-LP-s222] step 2750/4000 ce 1.2852 tau 0.62 pred(hit/on/true) one(1, 3, 1) task(1, 15, 1) open(0, 2, 2) close(0, 29, 2) (2357s)
  [P42C85-LP-s222] step 3000/4000 ce 1.3206 tau 0.59 pred(hit/on/true) one(1, 3, 1) task(1, 15, 1) open(0, 2, 2) close(0, 29, 2) (2565s)
  [P42C85-LP-s222] step 3250/4000 ce 1.1859 tau 0.57 pred(hit/on/true) one(1, 2, 1) task(1, 14, 1) open(0, 2, 2) close(0, 29, 2) (2763s)
  [P42C85-LP-s222] step 3500/4000 ce 1.2446 tau 0.55 pred(hit/on/true) one(1, 2, 1) task(1, 14, 1) open(0, 2, 2) close(0, 29, 2) (2965s)
  [P42C85-LP-s222] step 3750/4000 ce 1.2926 tau 0.52 pred(hit/on/true) one(1, 2, 1) task(1, 14, 1) open(0, 2, 2) close(0, 29, 2) (3166s)
  [P42C85-LP-s222] step 4000/4000 ce 1.1607 tau 0.50 pred(hit/on/true) one(1, 2, 1) task(1, 14, 1) open(0, 2, 2) close(0, 29, 2) (3373s)
[P42-LP s222] ce={'256_train': 1.359, '256_hard': 2.609, '512': 1.32, '1024': 1.401}
[P42-LP s222] acc_eval={'track': 0.953, 'modk': 1.0, 'dyck': 0.037, 'pair': 0.774}
[p42 LP s222] bars=3/3 pair 0.7736 modk 1.0 ratio 0.537 predicates_exact=False {'one': {'learned_on': [21, 29], 'truth': [21]}, 'task': {'learned_on': [0, 4, 22, 25, 28, 29, 33, 34, 35, 36, 37, 38, 39, 40], 'truth': [4]}, 'open': {'learned_on': [31, 32], 'truth': [29, 30]}, 'close': {'learned_on': [0, 3, 4, 13, 14, 15, 16, 17, 18, 19, 20, 21, 22, 23, 24, 25, 26, 27, 28, 29, 30, 33, 34, 35, 36, 37, 38, 39, 40], 'truth': [31, 32]}}
[P42] DONE
