[p42C84b] LP params 21449 cfg p0=0.0 live=True st=False tau1=0.5 l1=0.0
  [P42C84b-LP-s222] step 250/4000 ce 1.5176 tau 0.96 pred(hit/on/true) one(0, 24, 1) task(0, 14, 1) open(2, 7, 2) close(1, 24, 2) (232s)
  [P42C84b-LP-s222] step 500/4000 ce 1.4594 tau 0.92 pred(hit/on/true) one(0, 24, 1) task(0, 14, 1) open(2, 7, 2) close(1, 24, 2) (464s)
  [P42C84b-LP-s222] step 750/4000 ce 1.4436 tau 0.88 pred(hit/on/true) one(0, 22, 1) task(0, 14, 1) open(2, 6, 2) close(1, 25, 2) (695s)
  [P42C84b-LP-s222] step 1000/4000 ce 1.3812 tau 0.84 pred(hit/on/true) one(0, 21, 1) task(0, 19, 1) open(2, 7, 2) close(1, 24, 2) (921s)
  [P42C84b-LP-s222] step 1250/4000 ce 1.3460 tau 0.81 pred(hit/on/true) one(0, 17, 1) task(0, 16, 1) open(2, 8, 2) close(1, 23, 2) (1148s)
  [P42C84b-LP-s222] step 1500/4000 ce 1.2196 tau 0.77 pred(hit/on/true) one(0, 16, 1) task(0, 14, 1) open(2, 10, 2) close(1, 21, 2) (1374s)
  [P42C84b-LP-s222] step 1750/4000 ce 1.2139 tau 0.74 pred(hit/on/true) one(0, 15, 1) task(0, 13, 1) open(2, 8, 2) close(1, 22, 2) (1612s)
  [P42C84b-LP-s222] step 2000/4000 ce 1.1978 tau 0.71 pred(hit/on/true) one(0, 14, 1) task(0, 12, 1) open(2, 8, 2) close(2, 23, 2) (1841s)
  [P42C84b-LP-s222] step 2250/4000 ce 1.2028 tau 0.68 pred(hit/on/true) one(0, 14, 1) task(0, 12, 1) open(2, 7, 2) close(2, 24, 2) (2070s)
  [P42C84b-LP-s222] step 2500/4000 ce 1.2938 tau 0.65 pred(hit/on/true) one(0, 14, 1) task(0, 12, 1) open(2, 7, 2) close(2, 24, 2) (2303s)
  [P42C84b-LP-s222] step 2750/4000 ce 1.2324 tau 0.62 pred(hit/on/true) one(0, 14, 1) task(0, 11, 1) open(2, 7, 2) close(2, 24, 2) (2537s)
  [P42C84b-LP-s222] step 3000/4000 ce 1.2566 tau 0.59 pred(hit/on/true) one(0, 14, 1) task(0, 11, 1) open(2, 7, 2) close(2, 24, 2) (2768s)
  [P42C84b-LP-s222] step 3250/4000 ce 1.1285 tau 0.57 pred(hit/on/true) one(0, 14, 1) task(0, 11, 1) open(2, 7, 2) close(2, 24, 2) (3001s)
  [P42C84b-LP-s222] step 3500/4000 ce 1.1966 tau 0.55 pred(hit/on/true) one(0, 15, 1) task(0, 11, 1) open(2, 7, 2) close(2, 24, 2) (3229s)
  [P42C84b-LP-s222] step 3750/4000 ce 1.2450 tau 0.52 pred(hit/on/true) one(0, 15, 1) task(0, 11, 1) open(2, 7, 2) close(2, 24, 2) (3465s)
  [P42C84b-LP-s222] step 4000/4000 ce 1.1419 tau 0.50 pred(hit/on/true) one(0, 15, 1) task(0, 11, 1) open(2, 7, 2) close(2, 24, 2) (3696s)
[P42-LP s222] ce={'256_train': 1.449, '256_hard': 2.168, '512': 1.433, '1024': 1.46}
[P42-LP s222] acc_eval={'track': 0.233, 'modk': 0.212, 'dyck': 0.019, 'pair': 0.302}
[p42 LP s222] bars=0/3 pair 0.3019 modk 0.2115 ratio 0.674 predicates_exact=False {'one': {'learned_on': [0, 4, 22, 23, 24, 25, 26, 27, 28, 29, 31, 32, 37, 39, 40], 'truth': [21]}, 'task': {'learned_on': [3, 13, 14, 15, 16, 17, 18, 19, 20, 21, 30], 'truth': [4]}, 'open': {'learned_on': [4, 29, 30, 33, 34, 35, 36], 'truth': [29, 30]}, 'close': {'learned_on': [0, 3, 13, 14, 15, 16, 17, 18, 19, 20, 21, 22, 23, 24, 25, 26, 27, 28, 31, 32, 37, 38, 39, 40], 'truth': [31, 32]}}
[P42] DONE
