[p42] regime=wide installed (train counts 2-40, eval 41-100)
[p42] HW params 21257
arch_vet_lm.py:452: UserWarning: Converting a tensor with requires_grad=True to a scalar may lead to unexpected behavior.
Consider using tensor.detach() first. (Triggered internally at /__w/pytorch/pytorch/torch/csrc/autograd/generated/python_variable_methods.cpp:820.)
  hist.append((step, round(float(loss), 4)))
  [P42-HW-s111] step 250/4000 loss 1.0883 (186s)
  [P42-HW-s111] step 500/4000 loss 1.1726 (373s)
  [P42-HW-s111] step 750/4000 loss 1.0447 (564s)
  [P42-HW-s111] step 1000/4000 loss 1.0854 (771s)
  [P42-HW-s111] step 1250/4000 loss 0.8971 (962s)
  [P42-HW-s111] step 1500/4000 loss 1.0847 (1161s)
  [P42-HW-s111] step 1750/4000 loss 0.9657 (1347s)
  [P42-HW-s111] step 2000/4000 loss 1.0252 (1536s)
  [P42-HW-s111] step 2250/4000 loss 1.0950 (1727s)
  [P42-HW-s111] step 2500/4000 loss 1.0941 (1919s)
  [P42-HW-s111] step 2750/4000 loss 1.0142 (2105s)
  [P42-HW-s111] step 3000/4000 loss 1.0030 (2300s)
  [P42-HW-s111] step 3250/4000 loss 0.9314 (2510s)
  [P42-HW-s111] step 3500/4000 loss 0.8757 (2723s)
  [P42-HW-s111] step 3750/4000 loss 0.9922 (2932s)
  [P42-HW-s111] step 4000/4000 loss 1.0127 (3119s)
[P42-HW s111] ce={'256_train': 1.071, '256_hard': 1.982, '512': 1.105, '1024': 1.03}
[P42-HW s111] acc_eval={'track': 0.763, 'modk': 1.0, 'dyck': 0.0, 'pair': 0.575}
[p42 HW s111] bars=2/3 pair 0.575 modk 1.0 ratio 0.52 predicates_exact=None None
[P42] DONE
