[p42C90p1] fixed random predicates one/task/open/close = [32, 31, 43, 29] (truth 21/4/29,30/31,32); hard counters in training
[p42C90p1] LP params 21449 cfg p0=-2.0 live=True st=False cat=False regime=base tau1=0.2 l1=0.0
  [P42C90p1-LP-s111] step 250/4000 ce 1.5425 tau 0.90 pred(hit/on/true) one(0, 1, 1) task(0, 1, 1) open(0, 1, 2) close(0, 1, 2) (137s)
  [P42C90p1-LP-s111] step 500/4000 ce 1.4318 tau 0.82 pred(hit/on/true) one(0, 1, 1) task(0, 1, 1) open(0, 1, 2) close(0, 1, 2) (280s)
  [P42C90p1-LP-s111] step 750/4000 ce 1.4129 tau 0.74 pred(hit/on/true) one(0, 1, 1) task(0, 1, 1) open(0, 1, 2) close(0, 1, 2) (421s)
  [P42C90p1-LP-s111] step 1000/4000 ce 1.3207 tau 0.67 pred(hit/on/true) one(0, 1, 1) task(0, 1, 1) open(0, 1, 2) close(0, 1, 2) (563s)
  [P42C90p1-LP-s111] step 1250/4000 ce 1.3161 tau 0.60 pred(hit/on/true) one(0, 1, 1) task(0, 1, 1) open(0, 1, 2) close(0, 1, 2) (701s)
  [P42C90p1-LP-s111] step 1500/4000 ce 1.2146 tau 0.55 pred(hit/on/true) one(0, 1, 1) task(0, 1, 1) open(0, 1, 2) close(0, 1, 2) (840s)
  [P42C90p1-LP-s111] step 1750/4000 ce 1.2184 tau 0.49 pred(hit/on/true) one(0, 1, 1) task(0, 1, 1) open(0, 1, 2) close(0, 1, 2) (982s)
  [P42C90p1-LP-s111] step 2000/4000 ce 1.1956 tau 0.45 pred(hit/on/true) one(0, 1, 1) task(0, 1, 1) open(0, 1, 2) close(0, 1, 2) (1121s)
  [P42C90p1-LP-s111] step 2250/4000 ce 1.2068 tau 0.40 pred(hit/on/true) one(0, 1, 1) task(0, 1, 1) open(0, 1, 2) close(0, 1, 2) (1256s)
  [P42C90p1-LP-s111] step 2500/4000 ce 1.3001 tau 0.37 pred(hit/on/true) one(0, 1, 1) task(0, 1, 1) open(0, 1, 2) close(0, 1, 2) (1392s)
  [P42C90p1-LP-s111] step 2750/4000 ce 1.2289 tau 0.33 pred(hit/on/true) one(0, 1, 1) task(0, 1, 1) open(0, 1, 2) close(0, 1, 2) (1532s)
  [P42C90p1-LP-s111] step 3000/4000 ce 1.2662 tau 0.30 pred(hit/on/true) one(0, 1, 1) task(0, 1, 1) open(0, 1, 2) close(0, 1, 2) (1668s)
  [P42C90p1-LP-s111] step 3250/4000 ce 1.1352 tau 0.27 pred(hit/on/true) one(0, 1, 1) task(0, 1, 1) open(0, 1, 2) close(0, 1, 2) (1803s)
  [P42C90p1-LP-s111] step 3500/4000 ce 1.1988 tau 0.24 pred(hit/on/true) one(0, 1, 1) task(0, 1, 1) open(0, 1, 2) close(0, 1, 2) (1942s)
  [P42C90p1-LP-s111] step 3750/4000 ce 1.2468 tau 0.22 pred(hit/on/true) one(0, 1, 1) task(0, 1, 1) open(0, 1, 2) close(0, 1, 2) (2082s)
  [P42C90p1-LP-s111] step 4000/4000 ce 1.1437 tau 0.20 pred(hit/on/true) one(0, 1, 1) task(0, 1, 1) open(0, 1, 2) close(0, 1, 2) (2217s)
[P42-LP s111] ce={'256_train': 1.29, '256_hard': 2.577, '512': 1.228, '1024': 1.269}
[P42-LP s111] acc_eval={'track': 0.907, 'modk': 0.212, 'dyck': 0.0, 'pair': 0.679}
[p42 LP s111] bars=1/3 pair 0.6792 modk 0.2115 ratio 0.493 predicates_exact=False {'one': {'learned_on': [32], 'truth': [21]}, 'task': {'learned_on': [31], 'truth': [4]}, 'open': {'learned_on': [43], 'truth': [29, 30]}, 'close': {'learned_on': [29], 'truth': [31, 32]}}
[P42] DONE
