[p42C84b] LP params 21449 cfg p0=0.0 live=True st=False tau1=0.5 l1=0.0
  [P42C84b-LP-s111] step 250/4000 ce 1.4958 tau 0.96 pred(hit/on/true) one(0, 11, 1) task(0, 11, 1) open(0, 16, 2) close(0, 15, 2) (230s)
  [P42C84b-LP-s111] step 500/4000 ce 1.4350 tau 0.92 pred(hit/on/true) one(0, 13, 1) task(0, 13, 1) open(1, 17, 2) close(0, 14, 2) (458s)
  [P42C84b-LP-s111] step 750/4000 ce 1.4064 tau 0.88 pred(hit/on/true) one(0, 13, 1) task(0, 14, 1) open(1, 16, 2) close(1, 15, 2) (686s)
  [P42C84b-LP-s111] step 1000/4000 ce 1.3099 tau 0.84 pred(hit/on/true) one(0, 14, 1) task(0, 9, 1) open(1, 15, 2) close(1, 16, 2) (916s)
  [P42C84b-LP-s111] step 1250/4000 ce 1.3155 tau 0.81 pred(hit/on/true) one(0, 13, 1) task(0, 8, 1) open(1, 15, 2) close(1, 16, 2) (1144s)
  [P42C84b-LP-s111] step 1500/4000 ce 1.2069 tau 0.77 pred(hit/on/true) one(0, 13, 1) task(0, 7, 1) open(1, 16, 2) close(1, 15, 2) (1372s)
  [P42C84b-LP-s111] step 1750/4000 ce 1.2098 tau 0.74 pred(hit/on/true) one(0, 13, 1) task(0, 8, 1) open(1, 16, 2) close(1, 15, 2) (1610s)
  [P42C84b-LP-s111] step 2000/4000 ce 1.1925 tau 0.71 pred(hit/on/true) one(0, 14, 1) task(0, 7, 1) open(1, 16, 2) close(1, 15, 2) (1839s)
  [P42C84b-LP-s111] step 2250/4000 ce 1.2009 tau 0.68 pred(hit/on/true) one(0, 15, 1) task(0, 6, 1) open(1, 15, 2) close(1, 16, 2) (2067s)
  [P42C84b-LP-s111] step 2500/4000 ce 1.2980 tau 0.65 pred(hit/on/true) one(0, 15, 1) task(0, 6, 1) open(1, 15, 2) close(1, 16, 2) (2299s)
  [P42C84b-LP-s111] step 2750/4000 ce 1.2318 tau 0.62 pred(hit/on/true) one(0, 15, 1) task(0, 6, 1) open(1, 14, 2) close(1, 16, 2) (2531s)
  [P42C84b-LP-s111] step 3000/4000 ce 1.2597 tau 0.59 pred(hit/on/true) one(0, 14, 1) task(0, 6, 1) open(1, 13, 2) close(2, 18, 2) (2759s)
  [P42C84b-LP-s111] step 3250/4000 ce 1.1289 tau 0.57 pred(hit/on/true) one(0, 13, 1) task(0, 6, 1) open(1, 13, 2) close(2, 18, 2) (2989s)
  [P42C84b-LP-s111] step 3500/4000 ce 1.1953 tau 0.55 pred(hit/on/true) one(0, 13, 1) task(0, 6, 1) open(1, 14, 2) close(1, 17, 2) (3216s)
  [P42C84b-LP-s111] step 3750/4000 ce 1.2456 tau 0.52 pred(hit/on/true) one(0, 13, 1) task(0, 7, 1) open(1, 14, 2) close(1, 17, 2) (3450s)
  [P42C84b-LP-s111] step 4000/4000 ce 1.1416 tau 0.50 pred(hit/on/true) one(0, 14, 1) task(0, 8, 1) open(1, 14, 2) close(1, 17, 2) (3681s)
[P42-LP s111] ce={'256_train': 1.845, '256_hard': 2.877, '512': 1.944, '1024': 1.889}
[P42-LP s111] acc_eval={'track': 0.884, 'modk': 0.25, 'dyck': 0.0, 'pair': 0.811}
[p42 LP s111] bars=1/3 pair 0.8113 modk 0.25 ratio 0.656 predicates_exact=False {'one': {'learned_on': [3, 4, 13, 14, 15, 16, 17, 19, 20, 22, 25, 26, 27, 29], 'truth': [21]}, 'task': {'learned_on': [0, 3, 15, 19, 21, 31, 36, 40], 'truth': [4]}, 'open': {'learned_on': [4, 22, 23, 24, 25, 26, 27, 28, 30, 31, 37, 38, 39, 40], 'truth': [29, 30]}, 'close': {'learned_on': [0, 3, 13, 14, 15, 16, 17, 18, 19, 20, 21, 29, 32, 33, 34, 35, 36], 'truth': [31, 32]}}
[P42] DONE
