[p45 MEM d40 s1] recall 1.00 stats {'copied': 36, 'generated': 389} (534s)
      OK  what is my name? -> 'is priya' (want priya)
      OK  where do i live? -> 'in lima' (want lima)
      OK  what is my dog called? -> 'mochi' (want mochi)
      OK  what is my favorite color? -> 'is violet' (want violet)
      OK  what do i work as? -> 'a miner' (want miner)
[p45 MEM d40 s2] recall 1.00 stats {'copied': 36, 'generated': 376} (519s)
      OK  what is my name? -> 'is dana' (want dana)
      OK  where do i live? -> 'in lima' (want lima)
      OK  what is my dog called? -> 'pepper' (want pepper)
      OK  what is my favorite color? -> 'is indigo' (want indigo)
      OK  what do i work as? -> 'a nurse' (want nurse)
[p45 MEM d40 s3] recall 1.00 stats {'copied': 33, 'generated': 453} (621s)
      OK  what is my name? -> 'is tomas' (want tomas)
      OK  where do i live? -> 'in kyoto' (want kyoto)
      OK  what is my dog called? -> 'rex' (want rex)
      OK  what is my favorite color? -> 'is navy' (want navy)
      OK  what do i work as? -> 'a pilot' (want pilot)
[p45 MEM d40] mean recall 1.0
[P45] DONE
