[P46] V=36 eval lens in=38 len=155 cnt=70 both=299
  [TF d16 s1] step 0 loss 3.718 inv 0.000 cf 0.000 (0s)
  [TF d16 s1] step 300 loss 2.519 inv 0.000 cf 0.000 (2s)
  [TF d16 s1] step 600 loss 2.306 inv 0.000 cf 0.000 (3s)
  [TF d16 s1] step 900 loss 2.297 inv 0.000 cf 0.000 (5s)
  [TF d16 s1] step 1200 loss 2.198 inv 0.000 cf 0.000 (7s)
  [TF d16 s1] step 1500 loss 2.334 inv 0.000 cf 0.000 (9s)
  [TF d16 s1] step 1800 loss 2.130 inv 0.000 cf 0.000 (10s)
  [TF d16 s1] step 2100 loss 2.104 inv 0.000 cf 0.000 (12s)
  [TF d16 s1] step 2400 loss 2.190 inv 0.000 cf 0.000 (14s)
  [TF d16 s1] step 2700 loss 2.145 inv 0.000 cf 0.000 (16s)
  [TF d16 s1] step 3000 loss 2.123 inv 0.000 cf 0.000 (17s)
  [TF d16 s1] step 3300 loss 2.211 inv 0.000 cf 0.000 (19s)
  [TF d16 s1] step 3600 loss 1.860 inv 0.000 cf 0.000 (21s)
  [TF d16 s1] step 3900 loss 1.640 inv 0.000 cf 0.000 (22s)
  [TF d16 s1] step 4200 loss 1.532 inv 0.000 cf 0.000 (24s)
  [TF d16 s1] step 4500 loss 1.498 inv 0.000 cf 0.000 (26s)
  [TF d16 s1] step 4800 loss 1.551 inv 0.000 cf 0.000 (27s)
  [TF d16 s1] step 5100 loss 1.524 inv 0.000 cf 0.000 (29s)
  [TF d16 s1] step 5400 loss 1.563 inv 0.000 cf 0.000 (31s)
  [TF d16 s1] step 5700 loss 1.577 inv 0.000 cf 0.000 (32s)
  [TF d16 s1] step 6000 loss 1.900 inv 0.000 cf 0.000 (34s)
  [TF d16 s1] step 6300 loss 1.643 inv 0.000 cf 0.000 (36s)
  [TF d16 s1] step 6600 loss 1.556 inv 0.000 cf 0.000 (38s)
  [TF d16 s1] step 6900 loss 1.550 inv 0.000 cf 0.000 (39s)
  [TF d16 s1] step 7200 loss 1.659 inv 0.000 cf 0.000 (41s)
  [TF d16 s1] step 7500 loss 1.433 inv 0.000 cf 0.000 (43s)
  [TF d16 s1] step 7800 loss 1.537 inv 0.000 cf 0.000 (45s)
  [TF d16 s1] step 7999 loss 1.481 inv 0.000 cf 0.000 (46s)
[p46 TF d16 s1] params 7748 in 0.990 len 0.474 cnt 0.557 both 0.073
  [TF d32 s1] step 0 loss 3.689 inv 0.000 cf 0.000 (0s)
  [TF d32 s1] step 300 loss 2.569 inv 0.000 cf 0.000 (2s)
  [TF d32 s1] step 600 loss 2.209 inv 0.000 cf 0.000 (4s)
  [TF d32 s1] step 900 loss 2.287 inv 0.000 cf 0.000 (7s)
  [TF d32 s1] step 1200 loss 2.219 inv 0.000 cf 0.000 (9s)
  [TF d32 s1] step 1500 loss 2.266 inv 0.000 cf 0.000 (11s)
  [TF d32 s1] step 1800 loss 2.137 inv 0.000 cf 0.000 (13s)
  [TF d32 s1] step 2100 loss 2.159 inv 0.000 cf 0.000 (15s)
  [TF d32 s1] step 2400 loss 2.181 inv 0.000 cf 0.000 (18s)
  [TF d32 s1] step 2700 loss 2.112 inv 0.000 cf 0.000 (20s)
  [TF d32 s1] step 3000 loss 2.141 inv 0.000 cf 0.000 (22s)
  [TF d32 s1] step 3300 loss 2.151 inv 0.000 cf 0.000 (24s)
  [TF d32 s1] step 3600 loss 2.091 inv 0.000 cf 0.000 (26s)
  [TF d32 s1] step 3900 loss 2.041 inv 0.000 cf 0.000 (29s)
  [TF d32 s1] step 4200 loss 2.110 inv 0.000 cf 0.000 (31s)
  [TF d32 s1] step 4500 loss 1.636 inv 0.000 cf 0.000 (33s)
  [TF d32 s1] step 4800 loss 1.579 inv 0.000 cf 0.000 (35s)
  [TF d32 s1] step 5100 loss 1.474 inv 0.000 cf 0.000 (37s)
  [TF d32 s1] step 5400 loss 1.533 inv 0.000 cf 0.000 (39s)
  [TF d32 s1] step 5700 loss 1.559 inv 0.000 cf 0.000 (41s)
  [TF d32 s1] step 6000 loss 1.617 inv 0.000 cf 0.000 (44s)
  [TF d32 s1] step 6300 loss 1.630 inv 0.000 cf 0.000 (46s)
  [TF d32 s1] step 6600 loss 1.641 inv 0.000 cf 0.000 (48s)
  [TF d32 s1] step 6900 loss 1.502 inv 0.000 cf 0.000 (50s)
  [TF d32 s1] step 7200 loss 1.633 inv 0.000 cf 0.000 (52s)
  [TF d32 s1] step 7500 loss 1.400 inv 0.000 cf 0.000 (54s)
  [TF d32 s1] step 7800 loss 1.503 inv 0.000 cf 0.000 (57s)
  [TF d32 s1] step 7999 loss 1.453 inv 0.000 cf 0.000 (58s)
[p46 TF d32 s1] params 27748 in 1.000 len 0.253 cnt 0.672 both 0.042
  [TF d64 s1] step 0 loss 3.681 inv 0.000 cf 0.000 (0s)
  [TF d64 s1] step 300 loss 2.578 inv 0.000 cf 0.000 (3s)
  [TF d64 s1] step 600 loss 2.288 inv 0.000 cf 0.000 (6s)
  [TF d64 s1] step 900 loss 2.218 inv 0.000 cf 0.000 (9s)
  [TF d64 s1] step 1200 loss 2.171 inv 0.000 cf 0.000 (12s)
  [TF d64 s1] step 1500 loss 2.301 inv 0.000 cf 0.000 (15s)
  [TF d64 s1] step 1800 loss 2.112 inv 0.000 cf 0.000 (19s)
  [TF d64 s1] step 2100 loss 2.053 inv 0.000 cf 0.000 (22s)
  [TF d64 s1] step 2400 loss 2.126 inv 0.000 cf 0.000 (25s)
  [TF d64 s1] step 2700 loss 2.094 inv 0.000 cf 0.000 (28s)
  [TF d64 s1] step 3000 loss 1.674 inv 0.000 cf 0.000 (31s)
  [TF d64 s1] step 3300 loss 1.604 inv 0.000 cf 0.000 (34s)
  [TF d64 s1] step 3600 loss 1.485 inv 0.000 cf 0.000 (38s)
  [TF d64 s1] step 3900 loss 1.460 inv 0.000 cf 0.000 (41s)
  [TF d64 s1] step 4200 loss 1.472 inv 0.000 cf 0.000 (44s)
  [TF d64 s1] step 4500 loss 1.533 inv 0.000 cf 0.000 (48s)
  [TF d64 s1] step 4800 loss 1.462 inv 0.000 cf 0.000 (51s)
  [TF d64 s1] step 5100 loss 1.432 inv 0.000 cf 0.000 (54s)
  [TF d64 s1] step 5400 loss 1.661 inv 0.000 cf 0.000 (57s)
  [TF d64 s1] step 5700 loss 1.530 inv 0.000 cf 0.000 (60s)
  [TF d64 s1] step 6000 loss 1.588 inv 0.000 cf 0.000 (63s)
  [TF d64 s1] step 6300 loss 1.591 inv 0.000 cf 0.000 (67s)
  [TF d64 s1] step 6600 loss 1.495 inv 0.000 cf 0.000 (70s)
  [TF d64 s1] step 6900 loss 1.480 inv 0.000 cf 0.000 (73s)
  [TF d64 s1] step 7200 loss 1.613 inv 0.000 cf 0.000 (77s)
  [TF d64 s1] step 7500 loss 1.396 inv 0.000 cf 0.000 (80s)
  [TF d64 s1] step 7800 loss 1.484 inv 0.000 cf 0.000 (83s)
  [TF d64 s1] step 7999 loss 1.469 inv 0.000 cf 0.000 (86s)
[p46 TF d64 s1] params 104612 in 0.997 len 0.440 cnt 0.711 both 0.169
  [GRU d16 s1] step 0 loss 3.668 inv 0.000 cf 0.000 (0s)
  [GRU d16 s1] step 300 loss 2.637 inv 0.000 cf 0.000 (2s)
  [GRU d16 s1] step 600 loss 2.541 inv 0.000 cf 0.000 (4s)
  [GRU d16 s1] step 900 loss 2.513 inv 0.000 cf 0.000 (7s)
  [GRU d16 s1] step 1200 loss 2.524 inv 0.000 cf 0.000 (9s)
  [GRU d16 s1] step 1500 loss 2.526 inv 0.000 cf 0.000 (11s)
  [GRU d16 s1] step 1800 loss 2.481 inv 0.000 cf 0.000 (14s)
  [GRU d16 s1] step 2100 loss 2.410 inv 0.000 cf 0.000 (16s)
  [GRU d16 s1] step 2400 loss 2.454 inv 0.000 cf 0.000 (18s)
  [GRU d16 s1] step 2700 loss 2.389 inv 0.000 cf 0.000 (21s)
  [GRU d16 s1] step 3000 loss 2.457 inv 0.000 cf 0.000 (23s)
  [GRU d16 s1] step 3300 loss 2.511 inv 0.000 cf 0.000 (25s)
  [GRU d16 s1] step 3600 loss 2.361 inv 0.000 cf 0.000 (27s)
  [GRU d16 s1] step 3900 loss 2.329 inv 0.000 cf 0.000 (29s)
  [GRU d16 s1] step 4200 loss 2.489 inv 0.000 cf 0.000 (32s)
  [GRU d16 s1] step 4500 loss 2.394 inv 0.000 cf 0.000 (34s)
  [GRU d16 s1] step 4800 loss 2.435 inv 0.000 cf 0.000 (36s)
  [GRU d16 s1] step 5100 loss 2.312 inv 0.000 cf 0.000 (38s)
  [GRU d16 s1] step 5400 loss 2.245 inv 0.000 cf 0.000 (41s)
  [GRU d16 s1] step 5700 loss 2.371 inv 0.000 cf 0.000 (43s)
  [GRU d16 s1] step 6000 loss 2.481 inv 0.000 cf 0.000 (45s)
  [GRU d16 s1] step 6300 loss 2.452 inv 0.000 cf 0.000 (48s)
  [GRU d16 s1] step 6600 loss 2.493 inv 0.000 cf 0.000 (50s)
  [GRU d16 s1] step 6900 loss 2.243 inv 0.000 cf 0.000 (53s)
  [GRU d16 s1] step 7200 loss 2.520 inv 0.000 cf 0.000 (55s)
  [GRU d16 s1] step 7500 loss 2.310 inv 0.000 cf 0.000 (58s)
  [GRU d16 s1] step 7800 loss 2.348 inv 0.000 cf 0.000 (60s)
  [GRU d16 s1] step 7999 loss 2.326 inv 0.000 cf 0.000 (61s)
[p46 GRU d16 s1] params 2820 in 0.372 len 0.307 cnt 0.224 both 0.182
  [GRU d32 s1] step 0 loss 3.596 inv 0.000 cf 0.000 (0s)
  [GRU d32 s1] step 300 loss 2.380 inv 0.000 cf 0.000 (3s)
  [GRU d32 s1] step 600 loss 2.270 inv 0.000 cf 0.000 (5s)
  [GRU d32 s1] step 900 loss 2.197 inv 0.000 cf 0.000 (7s)
  [GRU d32 s1] step 1200 loss 2.179 inv 0.000 cf 0.000 (10s)
  [GRU d32 s1] step 1500 loss 2.275 inv 0.000 cf 0.000 (12s)
  [GRU d32 s1] step 1800 loss 2.123 inv 0.000 cf 0.000 (15s)
  [GRU d32 s1] step 2100 loss 2.128 inv 0.000 cf 0.000 (17s)
  [GRU d32 s1] step 2400 loss 2.197 inv 0.000 cf 0.000 (19s)
  [GRU d32 s1] step 2700 loss 2.118 inv 0.000 cf 0.000 (22s)
  [GRU d32 s1] step 3000 loss 2.208 inv 0.000 cf 0.000 (24s)
  [GRU d32 s1] step 3300 loss 2.259 inv 0.000 cf 0.000 (27s)
  [GRU d32 s1] step 3600 loss 2.129 inv 0.000 cf 0.000 (29s)
  [GRU d32 s1] step 3900 loss 2.059 inv 0.000 cf 0.000 (32s)
  [GRU d32 s1] step 4200 loss 2.141 inv 0.000 cf 0.000 (34s)
  [GRU d32 s1] step 4500 loss 2.028 inv 0.000 cf 0.000 (36s)
  [GRU d32 s1] step 4800 loss 2.053 inv 0.000 cf 0.000 (38s)
  [GRU d32 s1] step 5100 loss 2.124 inv 0.000 cf 0.000 (41s)
  [GRU d32 s1] step 5400 loss 2.062 inv 0.000 cf 0.000 (43s)
  [GRU d32 s1] step 5700 loss 2.206 inv 0.000 cf 0.000 (45s)
  [GRU d32 s1] step 6000 loss 2.286 inv 0.000 cf 0.000 (48s)
  [GRU d32 s1] step 6300 loss 2.335 inv 0.000 cf 0.000 (50s)
  [GRU d32 s1] step 6600 loss 2.140 inv 0.000 cf 0.000 (53s)
  [GRU d32 s1] step 6900 loss 2.116 inv 0.000 cf 0.000 (55s)
  [GRU d32 s1] step 7200 loss 2.182 inv 0.000 cf 0.000 (58s)
  [GRU d32 s1] step 7500 loss 1.975 inv 0.000 cf 0.000 (60s)
  [GRU d32 s1] step 7800 loss 2.131 inv 0.000 cf 0.000 (63s)
  [GRU d32 s1] step 7999 loss 2.095 inv 0.000 cf 0.000 (64s)
[p46 GRU d32 s1] params 8676 in 0.406 len 0.414 cnt 0.258 both 0.258
  [GRU d64 s1] step 0 loss 3.583 inv 0.000 cf 0.000 (0s)
  [GRU d64 s1] step 300 loss 2.232 inv 0.000 cf 0.000 (3s)
  [GRU d64 s1] step 600 loss 2.095 inv 0.000 cf 0.000 (6s)
  [GRU d64 s1] step 900 loss 2.183 inv 0.000 cf 0.000 (9s)
  [GRU d64 s1] step 1200 loss 2.134 inv 0.000 cf 0.000 (13s)
  [GRU d64 s1] step 1500 loss 2.197 inv 0.000 cf 0.000 (16s)
  [GRU d64 s1] step 1800 loss 2.084 inv 0.000 cf 0.000 (19s)
  [GRU d64 s1] step 2100 loss 2.070 inv 0.000 cf 0.000 (22s)
  [GRU d64 s1] step 2400 loss 2.165 inv 0.000 cf 0.000 (25s)
  [GRU d64 s1] step 2700 loss 2.112 inv 0.000 cf 0.000 (28s)
  [GRU d64 s1] step 3000 loss 2.118 inv 0.000 cf 0.000 (31s)
  [GRU d64 s1] step 3300 loss 2.125 inv 0.000 cf 0.000 (34s)
  [GRU d64 s1] step 3600 loss 2.111 inv 0.000 cf 0.000 (37s)
  [GRU d64 s1] step 3900 loss 2.001 inv 0.000 cf 0.000 (40s)
  [GRU d64 s1] step 4200 loss 2.043 inv 0.000 cf 0.000 (43s)
  [GRU d64 s1] step 4500 loss 2.042 inv 0.000 cf 0.000 (45s)
  [GRU d64 s1] step 4800 loss 2.008 inv 0.000 cf 0.000 (48s)
  [GRU d64 s1] step 5100 loss 2.031 inv 0.000 cf 0.000 (51s)
  [GRU d64 s1] step 5400 loss 2.039 inv 0.000 cf 0.000 (54s)
  [GRU d64 s1] step 5700 loss 2.104 inv 0.000 cf 0.000 (57s)
  [GRU d64 s1] step 6000 loss 2.212 inv 0.000 cf 0.000 (59s)
  [GRU d64 s1] step 6300 loss 2.223 inv 0.000 cf 0.000 (62s)
  [GRU d64 s1] step 6600 loss 2.103 inv 0.000 cf 0.000 (65s)
  [GRU d64 s1] step 6900 loss 2.048 inv 0.000 cf 0.000 (69s)
  [GRU d64 s1] step 7200 loss 2.153 inv 0.000 cf 0.000 (72s)
  [GRU d64 s1] step 7500 loss 1.911 inv 0.000 cf 0.000 (74s)
  [GRU d64 s1] step 7800 loss 2.094 inv 0.000 cf 0.000 (77s)
  [GRU d64 s1] step 7999 loss 2.067 inv 0.000 cf 0.000 (79s)
[p46 GRU d64 s1] params 29604 in 0.474 len 0.430 cnt 0.211 both 0.232
/home/user/TryArena/arch_vet_p46.py:153: UserWarning: Converting a tensor with requires_grad=True to a scalar may lead to unexpected behavior.
Consider using tensor.detach() first. (Triggered internally at /__w/pytorch/pytorch/torch/csrc/autograd/generated/python_variable_methods.cpp:820.)
  log(f"  [{arm} d{d} s{seed}] step {s} loss {loss.item():.3f} inv {float(li):.3f} cf {float(lc):.3f} ({time.time()-t0:.0f}s)")
  [INV d16 s1] step 0 loss 4.218 inv 0.080 cf 0.469 (0s)
  [INV d16 s1] step 300 loss 3.067 inv 0.002 cf 0.407 (7s)
  [INV d16 s1] step 600 loss 3.037 inv 0.003 cf 0.445 (14s)
  [INV d16 s1] step 900 loss 2.765 inv 0.008 cf 0.259 (22s)
  [INV d16 s1] step 1200 loss 2.689 inv 0.008 cf 0.209 (30s)
  [INV d16 s1] step 1500 loss 2.782 inv 0.007 cf 0.211 (37s)
  [INV d16 s1] step 1800 loss 2.787 inv 0.007 cf 0.174 (46s)
  [INV d16 s1] step 2100 loss 2.581 inv 0.004 cf 0.157 (53s)
  [INV d16 s1] step 2400 loss 2.640 inv 0.014 cf 0.129 (61s)
  [INV d16 s1] step 2700 loss 2.621 inv 0.006 cf 0.091 (69s)
  [INV d16 s1] step 3000 loss 2.415 inv 0.004 cf 0.076 (77s)
  [INV d16 s1] step 3300 loss 2.571 inv 0.002 cf 0.157 (84s)
  [INV d16 s1] step 3600 loss 2.524 inv 0.003 cf 0.172 (92s)
  [INV d16 s1] step 3900 loss 2.528 inv 0.005 cf 0.108 (100s)
  [INV d16 s1] step 4200 loss 2.485 inv 0.006 cf 0.104 (108s)
  [INV d16 s1] step 4500 loss 2.597 inv 0.005 cf 0.106 (115s)
  [INV d16 s1] step 4800 loss 2.469 inv 0.006 cf 0.070 (123s)
  [INV d16 s1] step 5100 loss 2.595 inv 0.004 cf 0.165 (131s)
  [INV d16 s1] step 5400 loss 2.404 inv 0.004 cf 0.052 (139s)
  [INV d16 s1] step 5700 loss 2.508 inv 0.004 cf 0.086 (147s)
  [INV d16 s1] step 6000 loss 2.436 inv 0.003 cf 0.084 (155s)
  [INV d16 s1] step 6300 loss 2.546 inv 0.003 cf 0.092 (163s)
  [INV d16 s1] step 6600 loss 2.436 inv 0.002 cf 0.083 (170s)
  [INV d16 s1] step 6900 loss 2.571 inv 0.003 cf 0.146 (177s)
  [INV d16 s1] step 7200 loss 2.511 inv 0.005 cf 0.066 (185s)
  [INV d16 s1] step 7500 loss 2.308 inv 0.002 cf 0.037 (192s)
  [INV d16 s1] step 7800 loss 2.378 inv 0.003 cf 0.073 (200s)
  [INV d16 s1] step 7999 loss 2.470 inv 0.001 cf 0.064 (205s)
[p46 INV d16 s1] params 2820 in 0.331 len 0.339 cnt 0.216 both 0.148
  [INV d32 s1] step 0 loss 4.132 inv 0.094 cf 0.442 (0s)
  [INV d32 s1] step 300 loss 2.721 inv 0.009 cf 0.182 (8s)
  [INV d32 s1] step 600 loss 2.645 inv 0.010 cf 0.117 (17s)
  [INV d32 s1] step 900 loss 2.495 inv 0.006 cf 0.141 (25s)
  [INV d32 s1] step 1200 loss 2.406 inv 0.003 cf 0.140 (33s)
  [INV d32 s1] step 1500 loss 2.544 inv 0.004 cf 0.150 (41s)
  [INV d32 s1] step 1800 loss 2.356 inv 0.004 cf 0.127 (49s)
  [INV d32 s1] step 2100 loss 2.317 inv 0.003 cf 0.079 (57s)
  [INV d32 s1] step 2400 loss 2.383 inv 0.004 cf 0.118 (65s)
  [INV d32 s1] step 2700 loss 2.304 inv 0.003 cf 0.090 (73s)
  [INV d32 s1] step 3000 loss 2.093 inv 0.003 cf 0.084 (80s)
  [INV d32 s1] step 3300 loss 2.051 inv 0.002 cf 0.030 (87s)
  [INV d32 s1] step 3600 loss 2.231 inv 0.004 cf 0.057 (94s)
  [INV d32 s1] step 3900 loss 2.224 inv 0.003 cf 0.098 (102s)
  [INV d32 s1] step 4200 loss 2.220 inv 0.003 cf 0.070 (111s)
  [INV d32 s1] step 4500 loss 2.289 inv 0.002 cf 0.090 (119s)
  [INV d32 s1] step 4800 loss 2.177 inv 0.002 cf 0.034 (127s)
  [INV d32 s1] step 5100 loss 2.403 inv 0.002 cf 0.113 (135s)
  [INV d32 s1] step 5400 loss 2.116 inv 0.003 cf 0.025 (143s)
  [INV d32 s1] step 5700 loss 2.217 inv 0.002 cf 0.056 (151s)
  [INV d32 s1] step 6000 loss 2.283 inv 0.003 cf 0.080 (159s)
  [INV d32 s1] step 6300 loss 2.330 inv 0.003 cf 0.049 (168s)
  [INV d32 s1] step 6600 loss 2.186 inv 0.003 cf 0.073 (176s)
  [INV d32 s1] step 6900 loss 2.344 inv 0.003 cf 0.090 (184s)
  [INV d32 s1] step 7200 loss 2.333 inv 0.002 cf 0.040 (193s)
  [INV d32 s1] step 7500 loss 2.218 inv 0.001 cf 0.054 (202s)
  [INV d32 s1] step 7800 loss 2.105 inv 0.001 cf 0.060 (210s)
  [INV d32 s1] step 7999 loss 2.225 inv 0.002 cf 0.030 (216s)
[p46 INV d32 s1] params 8676 in 0.411 len 0.411 cnt 0.240 both 0.237
  [INV d64 s1] step 0 loss 4.094 inv 0.091 cf 0.420 (0s)
  [INV d64 s1] step 300 loss 2.478 inv 0.008 cf 0.126 (11s)
  [INV d64 s1] step 600 loss 2.463 inv 0.005 cf 0.106 (23s)
  [INV d64 s1] step 900 loss 2.325 inv 0.005 cf 0.095 (34s)
  [INV d64 s1] step 1200 loss 2.316 inv 0.004 cf 0.124 (45s)
  [INV d64 s1] step 1500 loss 2.471 inv 0.003 cf 0.137 (56s)
  [INV d64 s1] step 1800 loss 2.280 inv 0.004 cf 0.077 (67s)
  [INV d64 s1] step 2100 loss 2.276 inv 0.003 cf 0.064 (77s)
  [INV d64 s1] step 2400 loss 2.303 inv 0.003 cf 0.057 (87s)
  [INV d64 s1] step 2700 loss 2.253 inv 0.002 cf 0.056 (97s)
  [INV d64 s1] step 3000 loss 2.004 inv 0.003 cf 0.046 (108s)
  [INV d64 s1] step 3300 loss 2.010 inv 0.002 cf 0.028 (119s)
  [INV d64 s1] step 3600 loss 2.177 inv 0.002 cf 0.043 (131s)
  [INV d64 s1] step 3900 loss 2.148 inv 0.003 cf 0.053 (142s)
  [INV d64 s1] step 4200 loss 2.246 inv 0.002 cf 0.079 (154s)
  [INV d64 s1] step 4500 loss 2.288 inv 0.002 cf 0.071 (166s)
  [INV d64 s1] step 4800 loss 2.085 inv 0.002 cf 0.022 (177s)
  [INV d64 s1] step 5100 loss 2.297 inv 0.006 cf 0.093 (187s)
  [INV d64 s1] step 5400 loss 2.149 inv 0.003 cf 0.016 (198s)
  [INV d64 s1] step 5700 loss 2.203 inv 0.003 cf 0.051 (209s)
  [INV d64 s1] step 6000 loss 2.274 inv 0.003 cf 0.061 (220s)
  [INV d64 s1] step 6300 loss 2.314 inv 0.002 cf 0.041 (231s)
  [INV d64 s1] step 6600 loss 2.206 inv 0.002 cf 0.060 (242s)
  [INV d64 s1] step 6900 loss 2.286 inv 0.003 cf 0.066 (251s)
  [INV d64 s1] step 7200 loss 2.256 inv 0.003 cf 0.032 (262s)
  [INV d64 s1] step 7500 loss 2.096 inv 0.002 cf 0.025 (272s)
  [INV d64 s1] step 7800 loss 2.069 inv 0.002 cf 0.035 (284s)
  [INV d64 s1] step 7999 loss 2.150 inv 0.003 cf 0.028 (291s)
[p46 INV d64 s1] params 29604 in 0.406 len 0.438 cnt 0.242 both 0.234
[P46] slopes {"TF_in": 0.0021, "TF_len": -0.0083, "TF_cnt": 0.0408, "TF_both": 0.0259, "GRU_in": 0.0301, "GRU_len": 0.0357, "GRU_cnt": -0.0042, "GRU_both": 0.0141, "INV_in": 0.0219, "INV_len": 0.029, "INV_cnt": 0.0076, "INV_both": 0.0249}
[P46] DONE
