[P47] eval lens in=38 len=155 cnt=70 both=299 far=892
  [SBC d16 M4 s1] step 0 tau 1.00 ce 3.603 gate 0.911 occ 1.00 (0s)
  [SBC d16 M4 s1] step 500 tau 0.75 ce 2.150 gate 0.548 occ 0.91 (36s)
  [SBC d16 M4 s1] step 1000 tau 0.56 ce 2.126 gate 0.521 occ 0.90 (73s)
  [SBC d16 M4 s1] step 1500 tau 0.42 ce 1.835 gate 0.455 occ 0.92 (110s)
  [SBC d16 M4 s1] step 2000 tau 0.32 ce 1.855 gate 0.401 occ 0.89 (145s)
  [SBC d16 M4 s1] step 2500 tau 0.24 ce 1.665 gate 0.392 occ 0.85 (179s)
  [SBC d16 M4 s1] step 3000 tau 0.18 ce 1.758 gate 0.357 occ 0.89 (214s)
  [SBC d16 M4 s1] step 3500 tau 0.13 ce 1.631 gate 0.303 occ 0.80 (251s)
  [SBC d16 M4 s1] step 3999 tau 0.10 ce 1.806 gate 0.314 occ 0.85 (288s)
[p47 SBC d16 M4 s1] params 4298 in 0.911 len 0.943 cnt 0.732 both 0.659 far 0.510 gate val/fil (0.987, 0.065)
  [SBC d16 M4 s2] step 0 tau 1.00 ce 3.581 gate 0.900 occ 1.00 (0s)
  [SBC d16 M4 s2] step 500 tau 0.75 ce 2.253 gate 0.509 occ 0.95 (37s)
  [SBC d16 M4 s2] step 1000 tau 0.56 ce 1.952 gate 0.296 occ 0.86 (74s)
  [SBC d16 M4 s2] step 1500 tau 0.42 ce 1.751 gate 0.316 occ 0.85 (110s)
  [SBC d16 M4 s2] step 2000 tau 0.32 ce 1.623 gate 0.305 occ 0.86 (147s)
  [SBC d16 M4 s2] step 2500 tau 0.24 ce 1.651 gate 0.291 occ 0.90 (185s)
  [SBC d16 M4 s2] step 3000 tau 0.18 ce 1.709 gate 0.278 occ 0.92 (224s)
  [SBC d16 M4 s2] step 3500 tau 0.13 ce 1.695 gate 0.251 occ 0.88 (261s)
  [SBC d16 M4 s2] step 3999 tau 0.10 ce 1.614 gate 0.227 occ 0.87 (298s)
[p47 SBC d16 M4 s2] params 4298 in 0.987 len 0.977 cnt 0.820 both 0.844 far 0.771 gate val/fil (0.882, 0.04)
  [SBC d16 M4 s3] step 0 tau 1.00 ce 3.609 gate 0.900 occ 1.00 (0s)
  [SBC d16 M4 s3] step 500 tau 0.75 ce 2.388 gate 0.571 occ 0.99 (37s)
  [SBC d16 M4 s3] step 1000 tau 0.56 ce 2.220 gate 0.528 occ 0.91 (72s)
  [SBC d16 M4 s3] step 1500 tau 0.42 ce 1.920 gate 0.528 occ 0.89 (110s)
  [SBC d16 M4 s3] step 2000 tau 0.32 ce 1.790 gate 0.496 occ 0.93 (148s)
  [SBC d16 M4 s3] step 2500 tau 0.24 ce 1.883 gate 0.501 occ 0.92 (183s)
  [SBC d16 M4 s3] step 3000 tau 0.18 ce 1.712 gate 0.519 occ 0.92 (218s)
  [SBC d16 M4 s3] step 3500 tau 0.13 ce 1.791 gate 0.489 occ 0.95 (253s)
  [SBC d16 M4 s3] step 3999 tau 0.10 ce 1.836 gate 0.489 occ 0.91 (289s)
[p47 SBC d16 M4 s3] params 4298 in 0.846 len 0.878 cnt 0.620 both 0.667 far 0.651 gate val/fil (0.995, 0.052)
  [SBC d32 M4 s1] step 0 tau 1.00 ce 3.608 gate 0.901 occ 1.00 (0s)
  [SBC d32 M4 s1] step 500 tau 0.75 ce 1.936 gate 0.346 occ 0.88 (37s)
  [SBC d32 M4 s1] step 1000 tau 0.56 ce 1.860 gate 0.349 occ 0.91 (74s)
  [SBC d32 M4 s1] step 1500 tau 0.42 ce 1.746 gate 0.346 occ 0.90 (113s)
  [SBC d32 M4 s1] step 2000 tau 0.32 ce 1.658 gate 0.333 occ 0.90 (152s)
  [SBC d32 M4 s1] step 2500 tau 0.24 ce 1.551 gate 0.321 occ 0.84 (190s)
  [SBC d32 M4 s1] step 3000 tau 0.18 ce 1.692 gate 0.304 occ 0.90 (229s)
  [SBC d32 M4 s1] step 3500 tau 0.13 ce 1.530 gate 0.282 occ 0.81 (268s)
  [SBC d32 M4 s1] step 3999 tau 0.10 ce 1.644 gate 0.274 occ 0.86 (307s)
[p47 SBC d32 M4 s1] params 12618 in 0.992 len 0.992 cnt 0.857 both 0.891 far 0.875 gate val/fil (0.995, 0.063)
  [SBC d32 M4 s2] step 0 tau 1.00 ce 3.601 gate 0.895 occ 1.00 (0s)
  [SBC d32 M4 s2] step 500 tau 0.75 ce 1.889 gate 0.508 occ 0.88 (42s)
  [SBC d32 M4 s2] step 1000 tau 0.56 ce 1.794 gate 0.510 occ 0.85 (81s)
  [SBC d32 M4 s2] step 1500 tau 0.42 ce 1.797 gate 0.385 occ 0.84 (120s)
  [SBC d32 M4 s2] step 2000 tau 0.32 ce 1.608 gate 0.410 occ 0.84 (160s)
  [SBC d32 M4 s2] step 2500 tau 0.24 ce 1.620 gate 0.362 occ 0.87 (201s)
  [SBC d32 M4 s2] step 3000 tau 0.18 ce 1.702 gate 0.347 occ 0.88 (242s)
  [SBC d32 M4 s2] step 3500 tau 0.13 ce 1.728 gate 0.278 occ 0.84 (283s)
  [SBC d32 M4 s2] step 3999 tau 0.10 ce 1.633 gate 0.280 occ 0.84 (323s)
[p47 SBC d32 M4 s2] params 12618 in 0.974 len 0.974 cnt 0.828 both 0.818 far 0.807 gate val/fil (0.994, 0.062)
  [SBC d32 M4 s3] step 0 tau 1.00 ce 3.575 gate 0.911 occ 1.00 (0s)
  [SBC d32 M4 s3] step 500 tau 0.75 ce 1.931 gate 0.558 occ 0.85 (43s)
  [SBC d32 M4 s3] step 1000 tau 0.56 ce 1.902 gate 0.568 occ 0.94 (84s)
  [SBC d32 M4 s3] step 1500 tau 0.42 ce 1.656 gate 0.559 occ 0.89 (123s)
  [SBC d32 M4 s3] step 2000 tau 0.32 ce 1.689 gate 0.524 occ 0.92 (159s)
  [SBC d32 M4 s3] step 2500 tau 0.24 ce 1.761 gate 0.516 occ 0.95 (196s)
  [SBC d32 M4 s3] step 3000 tau 0.18 ce 1.725 gate 0.513 occ 0.95 (232s)
  [SBC d32 M4 s3] step 3500 tau 0.13 ce 1.706 gate 0.496 occ 0.94 (271s)
  [SBC d32 M4 s3] step 3999 tau 0.10 ce 1.684 gate 0.559 occ 0.96 (308s)
[p47 SBC d32 M4 s3] params 12618 in 0.948 len 0.958 cnt 0.826 both 0.862 far 0.557 gate val/fil (0.999, 0.21)
  [SBC d64 M4 s1] step 0 tau 1.00 ce 3.584 gate 0.904 occ 1.00 (0s)
  [SBC d64 M4 s1] step 500 tau 0.75 ce 1.762 gate 0.375 occ 0.90 (44s)
  [SBC d64 M4 s1] step 1000 tau 0.56 ce 1.739 gate 0.358 occ 0.89 (89s)
  [SBC d64 M4 s1] step 1500 tau 0.42 ce 1.742 gate 0.350 occ 0.90 (133s)
  [SBC d64 M4 s1] step 2000 tau 0.32 ce 1.685 gate 0.334 occ 0.90 (180s)
  [SBC d64 M4 s1] step 2500 tau 0.24 ce 1.597 gate 0.313 occ 0.83 (225s)
  [SBC d64 M4 s1] step 3000 tau 0.18 ce 1.644 gate 0.301 occ 0.91 (270s)
  [SBC d64 M4 s1] step 3500 tau 0.13 ce 1.535 gate 0.268 occ 0.84 (316s)
  [SBC d64 M4 s1] step 3999 tau 0.10 ce 1.635 gate 0.255 occ 0.89 (361s)
[p47 SBC d64 M4 s1] params 41546 in 0.990 len 0.984 cnt 0.815 both 0.812 far 0.812 gate val/fil (0.911, 0.065)
  [SBC d64 M4 s2] step 0 tau 1.00 ce 3.585 gate 0.910 occ 1.00 (0s)
  [SBC d64 M4 s2] step 500 tau 0.75 ce 1.701 gate 0.349 occ 0.84 (44s)
  [SBC d64 M4 s2] step 1000 tau 0.56 ce 1.653 gate 0.361 occ 0.89 (86s)
  [SBC d64 M4 s2] step 1500 tau 0.42 ce 1.547 gate 0.362 occ 0.87 (130s)
  [SBC d64 M4 s2] step 2000 tau 0.32 ce 1.532 gate 0.334 occ 0.87 (173s)
  [SBC d64 M4 s2] step 2500 tau 0.24 ce 1.592 gate 0.316 occ 0.88 (215s)
  [SBC d64 M4 s2] step 3000 tau 0.18 ce 1.761 gate 0.288 occ 0.92 (255s)
  [SBC d64 M4 s2] step 3500 tau 0.13 ce 1.683 gate 0.253 occ 0.87 (299s)
  [SBC d64 M4 s2] step 3999 tau 0.10 ce 1.555 gate 0.253 occ 0.87 (344s)
[p47 SBC d64 M4 s2] params 41546 in 0.987 len 1.000 cnt 0.828 both 0.878 far 0.818 gate val/fil (0.948, 0.061)
  [SBC d64 M4 s3] step 0 tau 1.00 ce 3.591 gate 0.901 occ 1.00 (0s)
  [SBC d64 M4 s3] step 500 tau 0.75 ce 1.812 gate 0.370 occ 0.83 (43s)
  [SBC d64 M4 s3] step 1000 tau 0.56 ce 1.785 gate 0.368 occ 0.87 (87s)
  [SBC d64 M4 s3] step 1500 tau 0.42 ce 1.570 gate 0.358 occ 0.83 (133s)
  [SBC d64 M4 s3] step 2000 tau 0.32 ce 1.675 gate 0.319 occ 0.90 (177s)
  [SBC d64 M4 s3] step 2500 tau 0.24 ce 1.708 gate 0.304 occ 0.89 (220s)
  [SBC d64 M4 s3] step 3000 tau 0.18 ce 1.641 gate 0.293 occ 0.89 (264s)
  [SBC d64 M4 s3] step 3500 tau 0.13 ce 1.669 gate 0.269 occ 0.88 (312s)
  [SBC d64 M4 s3] step 3999 tau 0.10 ce 1.623 gate 0.277 occ 0.87 (357s)
[p47 SBC d64 M4 s3] params 41546 in 0.987 len 0.982 cnt 0.807 both 0.812 far 0.823 gate val/fil (0.97, 0.08)
[P47] slopes {"in": 0.0221, "len": 0.0171, "cnt": 0.0277, "both": 0.0331, "far": 0.0528}
[P47] DONE
