[P47] eval lens in=38 len=155 cnt=70 both=299 far=892
  [SBC d16 M8 s1] step 0 tau 1.00 ce 3.584 gate 0.872 occ 1.00 (0s)
  [SBC d16 M8 s1] step 500 tau 0.75 ce 1.712 gate 0.430 occ 0.71 (30s)
  [SBC d16 M8 s1] step 1000 tau 0.56 ce 1.645 gate 0.331 occ 0.61 (58s)
  [SBC d16 M8 s1] step 1500 tau 0.42 ce 1.616 gate 0.298 occ 0.57 (88s)
  [SBC d16 M8 s1] step 2000 tau 0.32 ce 1.557 gate 0.285 occ 0.53 (119s)
  [SBC d16 M8 s1] step 2500 tau 0.24 ce 1.439 gate 0.266 occ 0.44 (148s)
  [SBC d16 M8 s1] step 3000 tau 0.18 ce 1.555 gate 0.261 occ 0.50 (176s)
  [SBC d16 M8 s1] step 3500 tau 0.13 ce 1.457 gate 0.249 occ 0.41 (206s)
  [SBC d16 M8 s1] step 3999 tau 0.10 ce 1.529 gate 0.256 occ 0.48 (235s)
[p47 SBC d16 M8 s1] params 5034 in 1.000 len 1.000 cnt 0.974 both 0.935 far 0.917 gate val/fil (0.953, 0.01)
  [SBC d16 M8 s2] step 0 tau 1.00 ce 3.553 gate 0.870 occ 0.99 (0s)
  [SBC d16 M8 s2] step 500 tau 0.75 ce 2.302 gate 0.256 occ 0.48 (26s)
  [SBC d16 M8 s2] step 1000 tau 0.56 ce 2.166 gate 0.148 occ 0.25 (55s)
  [SBC d16 M8 s2] step 1500 tau 0.42 ce 2.093 gate 0.143 occ 0.23 (84s)
  [SBC d16 M8 s2] step 2000 tau 0.32 ce 2.091 gate 0.119 occ 0.22 (115s)
  [SBC d16 M8 s2] step 2500 tau 0.24 ce 2.207 gate 0.133 occ 0.24 (145s)
  [SBC d16 M8 s2] step 3000 tau 0.18 ce 2.082 gate 0.122 occ 0.23 (173s)
  [SBC d16 M8 s2] step 3500 tau 0.13 ce 2.152 gate 0.110 occ 0.23 (200s)
  [SBC d16 M8 s2] step 3999 tau 0.10 ce 2.161 gate 0.113 occ 0.22 (229s)
[p47 SBC d16 M8 s2] params 5034 in 0.438 len 0.430 cnt 0.260 both 0.268 far 0.250 gate val/fil (0.113, 0.104)
  [SBC d16 M8 s3] step 0 tau 1.00 ce 3.562 gate 0.894 occ 0.99 (0s)
  [SBC d16 M8 s3] step 500 tau 0.75 ce 2.313 gate 0.449 occ 0.71 (29s)
  [SBC d16 M8 s3] step 1000 tau 0.56 ce 2.331 gate 0.335 occ 0.63 (59s)
  [SBC d16 M8 s3] step 1500 tau 0.42 ce 2.107 gate 0.308 occ 0.55 (90s)
  [SBC d16 M8 s3] step 2000 tau 0.32 ce 2.075 gate 0.302 occ 0.67 (122s)
  [SBC d16 M8 s3] step 2500 tau 0.24 ce 2.251 gate 0.308 occ 0.70 (151s)
  [SBC d16 M8 s3] step 3000 tau 0.18 ce 2.269 gate 0.311 occ 0.66 (180s)
  [SBC d16 M8 s3] step 3500 tau 0.13 ce 2.156 gate 0.297 occ 0.72 (211s)
  [SBC d16 M8 s3] step 3999 tau 0.10 ce 2.090 gate 0.304 occ 0.72 (240s)
[p47 SBC d16 M8 s3] params 5034 in 0.401 len 0.422 cnt 0.245 both 0.229 far 0.130 gate val/fil (0.259, 0.082)
  [SBC d32 M8 s1] step 0 tau 1.00 ce 3.592 gate 0.881 occ 1.00 (0s)
  [SBC d32 M8 s1] step 500 tau 0.75 ce 1.582 gate 0.524 occ 0.82 (33s)
  [SBC d32 M8 s1] step 1000 tau 0.56 ce 1.637 gate 0.483 occ 0.85 (65s)
  [SBC d32 M8 s1] step 1500 tau 0.42 ce 1.618 gate 0.464 occ 0.88 (96s)
  [SBC d32 M8 s1] step 2000 tau 0.32 ce 1.555 gate 0.345 occ 0.62 (128s)
  [SBC d32 M8 s1] step 2500 tau 0.24 ce 1.441 gate 0.284 occ 0.48 (160s)
  [SBC d32 M8 s1] step 3000 tau 0.18 ce 1.548 gate 0.274 occ 0.51 (193s)
  [SBC d32 M8 s1] step 3500 tau 0.13 ce 1.445 gate 0.257 occ 0.41 (228s)
  [SBC d32 M8 s1] step 3999 tau 0.10 ce 1.522 gate 0.266 occ 0.48 (259s)
[p47 SBC d32 M8 s1] params 16138 in 1.000 len 1.000 cnt 1.000 both 0.997 far 0.953 gate val/fil (0.986, 0.024)
  [SBC d32 M8 s2] step 0 tau 1.00 ce 3.609 gate 0.887 occ 0.99 (0s)
  [SBC d32 M8 s2] step 500 tau 0.75 ce 1.554 gate 0.393 occ 0.68 (30s)
  [SBC d32 M8 s2] step 1000 tau 0.56 ce 1.530 gate 0.290 occ 0.54 (62s)
  [SBC d32 M8 s2] step 1500 tau 0.42 ce 1.416 gate 0.276 occ 0.47 (93s)
  [SBC d32 M8 s2] step 2000 tau 0.32 ce 1.444 gate 0.258 occ 0.45 (123s)
  [SBC d32 M8 s2] step 2500 tau 0.24 ce 1.496 gate 0.240 occ 0.45 (158s)
  [SBC d32 M8 s2] step 3000 tau 0.18 ce 1.558 gate 0.223 occ 0.45 (193s)
  [SBC d32 M8 s2] step 3500 tau 0.13 ce 1.814 gate 0.120 occ 0.29 (227s)
  [SBC d32 M8 s2] step 3999 tau 0.10 ce 1.640 gate 0.103 occ 0.28 (263s)
[p47 SBC d32 M8 s2] params 16138 in 0.953 len 0.919 cnt 0.779 both 0.815 far 0.766 gate val/fil (0.359, 0.015)
  [SBC d32 M8 s3] step 0 tau 1.00 ce 3.589 gate 0.898 occ 0.99 (0s)
  [SBC d32 M8 s3] step 500 tau 0.75 ce 1.502 gate 0.429 occ 0.81 (35s)
  [SBC d32 M8 s3] step 1000 tau 0.56 ce 1.595 gate 0.307 occ 0.75 (66s)
  [SBC d32 M8 s3] step 1500 tau 0.42 ce 1.444 gate 0.274 occ 0.65 (98s)
  [SBC d32 M8 s3] step 2000 tau 0.32 ce 1.572 gate 0.233 occ 0.66 (132s)
  [SBC d32 M8 s3] step 2500 tau 0.24 ce 1.592 gate 0.240 occ 0.57 (167s)
  [SBC d32 M8 s3] step 3000 tau 0.18 ce 1.541 gate 0.236 occ 0.60 (203s)
  [SBC d32 M8 s3] step 3500 tau 0.13 ce 1.589 gate 0.215 occ 0.51 (239s)
  [SBC d32 M8 s3] step 3999 tau 0.10 ce 1.522 gate 0.236 occ 0.48 (274s)
[p47 SBC d32 M8 s3] params 16138 in 1.000 len 1.000 cnt 0.995 both 0.969 far 0.901 gate val/fil (0.897, 0.016)
  [SBC d64 M8 s1] step 0 tau 1.00 ce 3.608 gate 0.879 occ 0.99 (0s)
  [SBC d64 M8 s1] step 500 tau 0.75 ce 2.164 gate 0.173 occ 0.41 (39s)
  [SBC d64 M8 s1] step 1000 tau 0.56 ce 2.236 gate 0.144 occ 0.33 (77s)
  [SBC d64 M8 s1] step 1500 tau 0.42 ce 2.279 gate 0.112 occ 0.26 (115s)
  [SBC d64 M8 s1] step 2000 tau 0.32 ce 2.071 gate 0.108 occ 0.24 (152s)
  [SBC d64 M8 s1] step 2500 tau 0.24 ce 2.107 gate 0.136 occ 0.24 (190s)
  [SBC d64 M8 s1] step 3000 tau 0.18 ce 2.128 gate 0.139 occ 0.24 (229s)
  [SBC d64 M8 s1] step 3500 tau 0.13 ce 2.022 gate 0.121 occ 0.23 (272s)
  [SBC d64 M8 s1] step 3999 tau 0.10 ce 2.155 gate 0.119 occ 0.23 (314s)
[p47 SBC d64 M8 s1] params 56778 in 0.427 len 0.419 cnt 0.268 both 0.234 far 0.214 gate val/fil (0.182, 0.113)
  [SBC d64 M8 s2] step 0 tau 1.00 ce 3.597 gate 0.870 occ 0.98 (0s)
  [SBC d64 M8 s2] step 500 tau 0.75 ce 1.511 gate 0.352 occ 0.66 (36s)
  [SBC d64 M8 s2] step 1000 tau 0.56 ce 1.529 gate 0.281 occ 0.57 (77s)
  [SBC d64 M8 s2] step 1500 tau 0.42 ce 1.849 gate 0.173 occ 0.33 (119s)
  [SBC d64 M8 s2] step 2000 tau 0.32 ce 1.699 gate 0.120 occ 0.30 (161s)
  [SBC d64 M8 s2] step 2500 tau 0.24 ce 1.704 gate 0.089 occ 0.27 (205s)
  [SBC d64 M8 s2] step 3000 tau 0.18 ce 1.757 gate 0.095 occ 0.30 (250s)
  [SBC d64 M8 s2] step 3500 tau 0.13 ce 1.786 gate 0.091 occ 0.29 (298s)
  [SBC d64 M8 s2] step 3999 tau 0.10 ce 1.812 gate 0.081 occ 0.24 (344s)
[p47 SBC d64 M8 s2] params 56778 in 0.711 len 0.716 cnt 0.477 both 0.445 far 0.469 gate val/fil (0.233, 0.02)
  [SBC d64 M8 s3] step 0 tau 1.00 ce 3.593 gate 0.880 occ 0.98 (0s)
  [SBC d64 M8 s3] step 500 tau 0.75 ce 2.169 gate 0.176 occ 0.32 (46s)
  [SBC d64 M8 s3] step 1000 tau 0.56 ce 2.221 gate 0.137 occ 0.30 (90s)
  [SBC d64 M8 s3] step 1500 tau 0.42 ce 2.061 gate 0.112 occ 0.25 (134s)
  [SBC d64 M8 s3] step 2000 tau 0.32 ce 2.109 gate 0.107 occ 0.25 (178s)
  [SBC d64 M8 s3] step 2500 tau 0.24 ce 2.164 gate 0.112 occ 0.26 (222s)
  [SBC d64 M8 s3] step 3000 tau 0.18 ce 2.218 gate 0.136 occ 0.27 (267s)
  [SBC d64 M8 s3] step 3500 tau 0.13 ce 2.108 gate 0.086 occ 0.23 (312s)
  [SBC d64 M8 s3] step 3999 tau 0.10 ce 2.106 gate 0.087 occ 0.21 (357s)
[p47 SBC d64 M8 s3] params 56778 in 0.432 len 0.451 cnt 0.263 both 0.260 far 0.234 gate val/fil (0.083, 0.093)
[P47] slopes {"in": -0.0286, "len": -0.0282, "cnt": -0.0487, "both": -0.0508, "far": -0.0399}
[P47] DONE
