  [TF d16 s1] step 0 ce 5.672 (0s)
  [TF d16 s1] step 500 ce 2.397 (7s)
  [TF d16 s1] step 1000 ce 2.180 (14s)
  [TF d16 s1] step 1500 ce 2.082 (20s)
  [TF d16 s1] step 2000 ce 2.047 (27s)
  [TF d16 s1] step 2500 ce 1.941 (34s)
  [TF d16 s1] step 2999 ce 1.992 (41s)
[p48 TF d16 s1] params 15008 ce128 1.9352 ce512 4.1417 ce1024 5.1828 
  [TF d32 s1] step 0 ce 5.802 (0s)
  [TF d32 s1] step 500 ce 2.111 (8s)
  [TF d32 s1] step 1000 ce 1.934 (17s)
  [TF d32 s1] step 1500 ce 1.845 (25s)
  [TF d32 s1] step 2000 ce 1.807 (32s)
  [TF d32 s1] step 2500 ce 1.691 (41s)
  [TF d32 s1] step 2999 ce 1.762 (48s)
[p48 TF d32 s1] params 42048 ce128 1.7012 ce512 3.2436 ce1024 3.7302 
  [TF d64 s1] step 0 ce 5.665 (0s)
  [TF d64 s1] step 500 ce 1.996 (14s)
  [TF d64 s1] step 1000 ce 1.778 (28s)
  [TF d64 s1] step 1500 ce 1.731 (42s)
  [TF d64 s1] step 2000 ce 1.704 (56s)
  [TF d64 s1] step 2500 ce 1.586 (70s)
  [TF d64 s1] step 2999 ce 1.647 (84s)
[p48 TF d64 s1] params 132992 ce128 1.6004 ce512 3.0433 ce1024 3.4253 
  [GRU d16 s1] step 0 ce 5.598 (0s)
  [GRU d16 s1] step 500 ce 2.413 (12s)
  [GRU d16 s1] step 1000 ce 2.221 (23s)
  [GRU d16 s1] step 1500 ce 2.121 (35s)
  [GRU d16 s1] step 2000 ce 2.098 (47s)
  [GRU d16 s1] step 2500 ce 1.980 (59s)
  [GRU d16 s1] step 2999 ce 2.084 (70s)
[p48 GRU d16 s1] params 10080 ce128 2.0184 ce512 1.9988 ce1024 1.985 
  [GRU d32 s1] step 0 ce 5.572 (0s)
  [GRU d32 s1] step 500 ce 2.143 (12s)
  [GRU d32 s1] step 1000 ce 1.967 (24s)
  [GRU d32 s1] step 1500 ce 1.885 (37s)
  [GRU d32 s1] step 2000 ce 1.894 (49s)
  [GRU d32 s1] step 2500 ce 1.789 (61s)
  [GRU d32 s1] step 2999 ce 1.871 (73s)
[p48 GRU d32 s1] params 22976 ce128 1.8032 ce512 1.812 ce1024 1.7815 
  [GRU d64 s1] step 0 ce 5.545 (0s)
  [GRU d64 s1] step 500 ce 1.954 (16s)
  [GRU d64 s1] step 1000 ce 1.798 (31s)
  [GRU d64 s1] step 1500 ce 1.754 (47s)
  [GRU d64 s1] step 2000 ce 1.752 (62s)
  [GRU d64 s1] step 2500 ce 1.646 (77s)
  [GRU d64 s1] step 2999 ce 1.723 (93s)
[p48 GRU d64 s1] params 57984 ce128 1.6435 ce512 1.6445 ce1024 1.6018 
  [SBC d16 s1] step 0 ce 5.596 (0s)
  [SBC d16 s1] step 500 ce 2.375 (122s)
  [SBC d16 s1] step 1000 ce 2.265 (237s)
  [SBC d16 s1] step 1500 ce 2.186 (350s)
  [SBC d16 s1] step 2000 ce 2.164 (463s)
  [SBC d16 s1] step 2500 ce 2.017 (568s)
  [SBC d16 s1] step 2999 ce 2.116 (670s)
[p48 SBC d16 s1] params 15298 ce128 2.0154 ce512 2.0161 ce1024 2.0042 gate 0.986/1.0
  [SBC d32 s1] step 0 ce 5.545 (0s)
  [SBC d32 s1] step 500 ce 2.107 (122s)
  [SBC d32 s1] step 1000 ce 1.949 (238s)
  [SBC d32 s1] step 1500 ce 1.892 (353s)
  [SBC d32 s1] step 2000 ce 1.898 (468s)
  [SBC d32 s1] step 2500 ce 1.801 (585s)
  [SBC d32 s1] step 2999 ce 1.892 (709s)
[p48 SBC d32 s1] params 34178 ce128 1.8345 ce512 1.8266 ce1024 1.7983 gate 0.98/1.0
  [SBC d64 s1] step 0 ce 5.596 (0s)
  [SBC d64 s1] step 500 ce 1.804 (139s)
  [SBC d64 s1] step 1000 ce 1.705 (1183s)
  [SBC d64 s1] step 1500 ce 1.686 (1314s)
  [SBC d64 s1] step 2000 ce 1.690 (1444s)
  [SBC d64 s1] step 2500 ce 1.584 (1571s)
  [SBC d64 s1] step 2999 ce 1.664 (1703s)
[p48 SBC d64 s1] params 84226 ce128 1.6115 ce512 1.6208 ce1024 1.5654 gate 0.979/0.996
[P48] slopes {"TF_ce128": -0.1055, "TF_ce512": -0.3445, "TF_ce1024": -0.5511, "GRU_ce128": -0.1479, "GRU_ce512": -0.1401, "GRU_ce1024": -0.1515, "SBC_ce128": -0.1643, "SBC_ce512": -0.1606, "SBC_ce1024": -0.1783}
[P48] DONE
