  [GRU d32 s1] step 0 ce 5.576 (0s)
  [GRU d32 s1] step 250 ce 2.191 (10s)
  [GRU d32 s1] step 500 ce 1.808 (20s)
  [GRU d32 s1] step 750 ce 1.656 (30s)
  [GRU d32 s1] step 1000 ce 1.697 (41s)
  [GRU d32 s1] step 1250 ce 1.525 (51s)
  [GRU d32 s1] step 1500 ce 1.349 (62s)
  [GRU d32 s1] step 1750 ce 1.736 (71s)
  [GRU d32 s1] step 1999 ce 1.543 (80s)
[p49 GRU d32 s1] params 22976 name-CE in 1.3097 ood 3.3945 far 3.3837 | bg 1.5525 1.5928 1.8411
  [TF d32 s1] step 0 ce 5.774 (0s)
  [TF d32 s1] step 250 ce 2.270 (4s)
  [TF d32 s1] step 500 ce 1.824 (9s)
  [TF d32 s1] step 750 ce 1.656 (13s)
  [TF d32 s1] step 1000 ce 1.664 (18s)
  [TF d32 s1] step 1250 ce 1.472 (22s)
  [TF d32 s1] step 1500 ce 1.183 (27s)
  [TF d32 s1] step 1750 ce 1.702 (32s)
  [TF d32 s1] step 1999 ce 1.465 (35s)
[p49 TF d32 s1] params 42048 name-CE in 0.8858 ood 4.5073 far 4.8037 | bg 1.4649 1.6373 3.5975
  [CKB d32 s1] step 0 ce 5.587 b 0.594 (0s)
  [CKB d32 s1] step 250 ce 2.122 b 0.313 (138s)
  [CKB d32 s1] step 500 ce 1.687 b 0.377 (271s)
  [CKB d32 s1] step 750 ce 1.568 b 0.296 (408s)
  [CKB d32 s1] step 1000 ce 1.572 b 0.250 (544s)
  [CKB d32 s1] step 1250 ce 1.444 b 0.265 (683s)
  [CKB d32 s1] step 1500 ce 1.308 b 0.290 (827s)
  [CKB d32 s1] step 1750 ce 1.660 b 0.230 (966s)
  [CKB d32 s1] step 1999 ce 1.456 b 0.262 (1104s)
[p49 CKB d32 s1] params 38850 name-CE in 1.111 ood 3.2077 far 3.2548 | bg 1.4763 1.528 1.7794 | b sep/word 0.186/0.184
[P49] DONE
