  [GRU d16 s1] step 0 ce 5.617 (0s)
  [GRU d16 s1] step 250 ce 2.820 (20s)
  [GRU d16 s1] step 500 ce 2.456 (40s)
  [GRU d16 s1] step 750 ce 2.313 (61s)
  [GRU d16 s1] step 1000 ce 2.194 (80s)
  [GRU d16 s1] step 1250 ce 2.189 (101s)
  [GRU d16 s1] step 1500 ce 2.138 (121s)
  [GRU d16 s1] step 1750 ce 2.137 (141s)
  [GRU d16 s1] step 1999 ce 2.103 (161s)
[p49 GRU d16 s1] params 10080 name-CE in 3.0658 ood 3.0892 far 3.1151 DENSE-unseen 3.243 | bg 2.2912 2.2524 2.2533
  [GRU d32 s1] step 0 ce 5.570 (0s)
  [GRU d32 s1] step 250 ce 2.411 (22s)
  [GRU d32 s1] step 500 ce 2.166 (43s)
  [GRU d32 s1] step 750 ce 2.051 (64s)
  [GRU d32 s1] step 1000 ce 1.916 (86s)
  [GRU d32 s1] step 1250 ce 1.911 (108s)
  [GRU d32 s1] step 1500 ce 1.868 (132s)
  [GRU d32 s1] step 1750 ce 1.899 (155s)
  [GRU d32 s1] step 1999 ce 1.829 (176s)
[p49 GRU d32 s1] params 22976 name-CE in 3.126 ood 3.1329 far 3.0605 DENSE-unseen 3.6074 | bg 2.1473 2.0942 2.0668
  [GRU d64 s1] step 0 ce 5.537 (0s)
  [GRU d64 s1] step 250 ce 2.181 (24s)
  [GRU d64 s1] step 500 ce 1.959 (48s)
  [GRU d64 s1] step 750 ce 1.898 (72s)
  [GRU d64 s1] step 1000 ce 1.747 (95s)
  [GRU d64 s1] step 1250 ce 1.761 (119s)
  [GRU d64 s1] step 1500 ce 1.729 (142s)
  [GRU d64 s1] step 1750 ce 1.746 (165s)
  [GRU d64 s1] step 1999 ce 1.703 (187s)
[p49 GRU d64 s1] params 57984 name-CE in 3.1683 ood 3.1495 far 3.1157 DENSE-unseen 3.5495 | bg 2.1131 2.0548 1.9874
  [TF d16 s1] step 0 ce 5.607 (0s)
  [TF d16 s1] step 250 ce 2.630 (6s)
  [TF d16 s1] step 500 ce 2.538 (13s)
  [TF d16 s1] step 750 ce 2.466 (18s)
  [TF d16 s1] step 1000 ce 2.284 (24s)
  [TF d16 s1] step 1250 ce 2.242 (30s)
  [TF d16 s1] step 1500 ce 2.182 (35s)
  [TF d16 s1] step 1750 ce 2.166 (41s)
  [TF d16 s1] step 1999 ce 2.129 (47s)
[p49 TF d16 s1] params 15008 name-CE in 3.073 ood 3.341 far 5.9083 DENSE-unseen 3.6283 | bg 2.5 2.4661 3.4016
  [TF d32 s1] step 0 ce 5.758 (0s)
  [TF d32 s1] step 250 ce 2.548 (7s)
  [TF d32 s1] step 500 ce 2.304 (15s)
  [TF d32 s1] step 750 ce 2.161 (22s)
  [TF d32 s1] step 1000 ce 1.971 (30s)
  [TF d32 s1] step 1250 ce 1.971 (37s)
  [TF d32 s1] step 1500 ce 1.915 (44s)
  [TF d32 s1] step 1750 ce 1.901 (51s)
  [TF d32 s1] step 1999 ce 1.846 (59s)
[p49 TF d32 s1] params 42048 name-CE in 3.097 ood 3.2763 far 4.8143 DENSE-unseen 3.4886 | bg 2.2919 2.2371 2.9923
  [TF d64 s1] step 0 ce 5.676 (0s)
  [TF d64 s1] step 250 ce 2.525 (12s)
  [TF d64 s1] step 500 ce 2.146 (23s)
  [TF d64 s1] step 750 ce 1.986 (35s)
  [TF d64 s1] step 1000 ce 1.766 (46s)
  [TF d64 s1] step 1250 ce 1.768 (57s)
  [TF d64 s1] step 1500 ce 1.751 (68s)
  [TF d64 s1] step 1750 ce 1.731 (81s)
  [TF d64 s1] step 1999 ce 1.684 (92s)
[p49 TF d64 s1] params 132992 name-CE in 3.0368 ood 3.195 far 3.3647 DENSE-unseen 3.6334 | bg 2.2463 2.1894 3.0344
  [CKB d16 s1] step 0 ce 5.612 b 0.098 (1s)
  [CKB d16 s1] step 250 ce 2.768 b 0.106 (356s)
  [CKB d16 s1] step 500 ce 2.709 b 0.088 (711s)
  [CKB d16 s1] step 750 ce 2.700 b 0.100 (1073s)
  [CKB d16 s1] step 1000 ce 2.668 b 0.100 (1426s)
  [CKB d16 s1] step 1250 ce 2.725 b 0.100 (1776s)
  [CKB d16 s1] step 1500 ce 2.661 b 0.113 (2130s)
  [CKB d16 s1] step 1750 ce 2.494 b 0.104 (2468s)
  [CKB d16 s1] step 1999 ce 2.366 b 0.106 (2818s)
[p49 CKB d16 s1] params 21322 name-CE in 2.7436 ood 2.9902 far 2.9517 DENSE-unseen 3.1668 | bg 2.4211 2.4036 2.4238 | b sep/word 0.097/0.088
  [CKB d32 s1] step 0 ce 5.498 b 0.100 (1s)
  [CKB d32 s1] step 250 ce 2.347 b 0.101 (392s)
  [CKB d32 s1] step 500 ce 2.066 b 0.098 (784s)
  [CKB d32 s1] step 750 ce 1.903 b 0.101 (1185s)
  [CKB d32 s1] step 1000 ce 1.770 b 0.095 (1574s)
  [CKB d32 s1] step 1250 ce 1.786 b 0.098 (1963s)
  [CKB d32 s1] step 1500 ce 1.796 b 0.106 (2335s)
  [CKB d32 s1] step 1750 ce 1.831 b 0.101 (2711s)
  [CKB d32 s1] step 1999 ce 1.767 b 0.102 (3089s)
[p49 CKB d32 s1] params 47242 name-CE in 2.3533 ood 2.5287 far 3.1774 DENSE-unseen 2.2964 | bg 2.2013 2.151 2.0969 | b sep/word 0.066/0.108
  [CKB d64 s1] step 0 ce 5.571 b 0.092 (2s)
  [CKB d64 s1] step 250 ce 1.981 b 0.093 (486s)
  [CKB d64 s1] step 500 ce 1.799 b 0.106 (971s)
  [CKB d64 s1] step 750 ce 1.685 b 0.110 (1448s)
  [CKB d64 s1] step 1000 ce 1.574 b 0.102 (1930s)
  [CKB d64 s1] step 1250 ce 1.586 b 0.097 (2406s)
  [CKB d64 s1] step 1500 ce 1.620 b 0.104 (2882s)
  [CKB d64 s1] step 1750 ce 1.642 b 0.104 (3351s)
  [CKB d64 s1] step 1999 ce 1.608 b 0.109 (3821s)
[p49 CKB d64 s1] params 117514 name-CE in 2.4836 ood 2.3509 far 3.3555 DENSE-unseen 2.3972 | bg 2.0533 1.9899 1.94 | b sep/word 0.111/0.093
[P49] DONE
