  [CKB d32 s2] step 0 ce 5.643 b 0.095 (1s)
  [CKB d32 s2] step 250 ce 2.208 b 0.105 (372s)
  [CKB d32 s2] step 500 ce 2.036 b 0.102 (1190s)
  [CKB d32 s2] step 750 ce 1.967 b 0.099 (1592s)
  [CKB d32 s2] step 1000 ce 1.854 b 0.098 (1994s)
  [CKB d32 s2] step 1250 ce 1.784 b 0.102 (2393s)
  [CKB d32 s2] step 1500 ce 1.746 b 0.109 (2776s)
  [CKB d32 s2] step 1750 ce 1.781 b 0.099 (3147s)
  [CKB d32 s2] step 1999 ce 1.763 b 0.088 (3522s)
[p49 CKB d32 s2] params 47242 name-CE in 2.6375 ood 2.5699 far 3.0959 DENSE-unseen 2.2219 | bg 2.1482 2.0957 2.0649 | b sep/word 0.072/0.115
  [CKB d64 s2] step 0 ce 5.552 b 0.093 (2s)
  [CKB d64 s2] step 250 ce 2.007 b 0.095 (493s)
  [CKB d64 s2] step 500 ce 1.814 b 0.096 (1005s)
  [CKB d64 s2] step 750 ce 1.768 b 0.103 (1497s)
  [CKB d64 s2] step 1000 ce 1.699 b 0.111 (1967s)
  [CKB d64 s2] step 1250 ce 1.615 b 0.097 (2452s)
  [CKB d64 s2] step 1500 ce 1.633 b 0.100 (2919s)
  [CKB d64 s2] step 1750 ce 1.642 b 0.102 (3397s)
  [CKB d64 s2] step 1999 ce 1.630 b 0.099 (3884s)
[p49 CKB d64 s2] params 117514 name-CE in 2.765 ood 2.618 far 3.3002 DENSE-unseen 2.3866 | bg 2.065 2.0169 1.9526 | b sep/word 0.097/0.107
  [GRU d32 s2] step 0 ce 5.599 (0s)
  [GRU d32 s2] step 250 ce 2.401 (19s)
  [GRU d32 s2] step 500 ce 2.222 (39s)
  [GRU d32 s2] step 750 ce 2.126 (59s)
  [GRU d32 s2] step 1000 ce 2.009 (78s)
  [GRU d32 s2] step 1250 ce 1.961 (98s)
  [GRU d32 s2] step 1500 ce 1.918 (118s)
  [GRU d32 s2] step 1750 ce 1.916 (138s)
  [GRU d32 s2] step 1999 ce 1.884 (158s)
[p49 GRU d32 s2] params 22976 name-CE in 3.2135 ood 3.2316 far 3.1698 DENSE-unseen 3.3713 | bg 2.2896 2.2248 2.1671
  [GRU d64 s2] step 0 ce 5.614 (0s)
  [GRU d64 s2] step 250 ce 2.113 (22s)
  [GRU d64 s2] step 500 ce 1.917 (44s)
  [GRU d64 s2] step 750 ce 1.892 (66s)
  [GRU d64 s2] step 1000 ce 1.818 (87s)
  [GRU d64 s2] step 1250 ce 1.780 (108s)
  [GRU d64 s2] step 1500 ce 1.736 (129s)
  [GRU d64 s2] step 1750 ce 1.732 (149s)
  [GRU d64 s2] step 1999 ce 1.708 (171s)
[p49 GRU d64 s2] params 57984 name-CE in 3.069 ood 3.1966 far 3.2108 DENSE-unseen 3.6864 | bg 2.127 2.0724 1.9913
  [TF d32 s2] step 0 ce 5.564 (0s)
  [TF d32 s2] step 250 ce 2.523 (8s)
  [TF d32 s2] step 500 ce 2.412 (15s)
  [TF d32 s2] step 750 ce 2.234 (22s)
  [TF d32 s2] step 1000 ce 2.068 (32s)
  [TF d32 s2] step 1250 ce 1.999 (41s)
  [TF d32 s2] step 1500 ce 1.896 (49s)
  [TF d32 s2] step 1750 ce 1.910 (56s)
  [TF d32 s2] step 1999 ce 1.859 (64s)
[p49 TF d32 s2] params 42048 name-CE in 3.0879 ood 3.2228 far 6.984 DENSE-unseen 3.5144 | bg 2.3072 2.2523 3.4535
  [TF d64 s2] step 0 ce 5.655 (0s)
  [TF d64 s2] step 250 ce 2.504 (11s)
  [TF d64 s2] step 500 ce 2.129 (23s)
  [TF d64 s2] step 750 ce 1.983 (34s)
  [TF d64 s2] step 1000 ce 1.859 (45s)
  [TF d64 s2] step 1250 ce 1.819 (56s)
  [TF d64 s2] step 1500 ce 1.756 (68s)
  [TF d64 s2] step 1750 ce 1.736 (80s)
  [TF d64 s2] step 1999 ce 1.705 (91s)
[p49 TF d64 s2] params 132992 name-CE in 3.1657 ood 3.1833 far 3.4704 DENSE-unseen 3.3846 | bg 2.1638 2.0972 2.777
[P49] DONE
