  [TF d16 s1] step 0 ce 3.742 ct 0.000 (0s)
  [TF d16 s1] step 400 ce 2.525 ct 0.000 (6s)
  [TF d16 s1] step 800 ce 2.046 ct 0.000 (12s)
  [TF d16 s1] step 1200 ce 2.340 ct 0.000 (17s)
  [TF d16 s1] step 1600 ce 2.151 ct 0.000 (22s)
  [TF d16 s1] step 1999 ce 1.829 ct 0.000 (27s)
[p50 TF d16 s1] params 7748 in 0.719 len 0.323 cnt 0.190 both 0.055 far 0.073 | CF exact/stable 0.695/0.797
  [TF d32 s1] step 0 ce 3.725 ct 0.000 (0s)
  [TF d32 s1] step 400 ce 2.436 ct 0.000 (6s)
  [TF d32 s1] step 800 ce 2.081 ct 0.000 (13s)
  [TF d32 s1] step 1200 ce 2.302 ct 0.000 (19s)
  [TF d32 s1] step 1600 ce 1.974 ct 0.000 (25s)
  [TF d32 s1] step 1999 ce 1.690 ct 0.000 (32s)
[p50 TF d32 s1] params 27748 in 0.971 len 0.354 cnt 0.513 both 0.109 far 0.151 | CF exact/stable 0.945/0.977
  [TF d64 s1] step 0 ce 3.728 ct 0.000 (0s)
  [TF d64 s1] step 400 ce 2.360 ct 0.000 (9s)
  [TF d64 s1] step 800 ce 2.061 ct 0.000 (19s)
  [TF d64 s1] step 1200 ce 2.253 ct 0.000 (28s)
  [TF d64 s1] step 1600 ce 2.074 ct 0.000 (37s)
  [TF d64 s1] step 1999 ce 2.042 ct 0.000 (46s)
[p50 TF d64 s1] params 104612 in 0.417 len 0.318 cnt 0.182 both 0.128 far 0.130 | CF exact/stable 0.234/0.219
  [TFCT d16 s1] step 0 ce 3.742 ct 0.010 (0s)
  [TFCT d16 s1] step 400 ce 2.498 ct 0.124 (9s)
  [TFCT d16 s1] step 800 ce 2.201 ct 0.176 (17s)
  [TFCT d16 s1] step 1200 ce 2.355 ct 0.178 (26s)
  [TFCT d16 s1] step 1600 ce 2.191 ct 0.192 (35s)
  [TFCT d16 s1] step 1999 ce 2.022 ct 0.142 (44s)
[p50 TFCT d16 s1] params 7748 in 0.719 len 0.276 cnt 0.159 both 0.016 far 0.052 | CF exact/stable 0.637/0.781
  [TFCT d32 s1] step 0 ce 3.725 ct 0.016 (0s)
  [TFCT d32 s1] step 400 ce 2.413 ct 0.093 (10s)
  [TFCT d32 s1] step 800 ce 2.155 ct 0.144 (20s)
  [TFCT d32 s1] step 1200 ce 2.308 ct 0.179 (29s)
  [TFCT d32 s1] step 1600 ce 2.169 ct 0.185 (38s)
  [TFCT d32 s1] step 1999 ce 2.171 ct 0.142 (48s)
[p50 TFCT d32 s1] params 27748 in 0.430 len 0.328 cnt 0.195 both 0.055 far 0.036 | CF exact/stable 0.266/0.516
  [TFCT d64 s1] step 0 ce 3.728 ct 0.012 (0s)
  [TFCT d64 s1] step 400 ce 2.406 ct 0.217 (12s)
  [TFCT d64 s1] step 800 ce 2.199 ct 0.125 (25s)
  [TFCT d64 s1] step 1200 ce 2.352 ct 0.148 (37s)
  [TFCT d64 s1] step 1600 ce 2.167 ct 0.196 (49s)
  [TFCT d64 s1] step 1999 ce 1.595 ct 0.265 (61s)
[p50 TFCT d64 s1] params 104612 in 0.990 len 0.458 cnt 0.573 both 0.232 far 0.167 | CF exact/stable 0.984/1.000
/home/user/TryArena/arch_vet_p50.py:125: UserWarning: Converting a tensor with requires_grad=True to a scalar may lead to unexpected behavior.
Consider using tensor.detach() first. (Triggered internally at /__w/pytorch/pytorch/torch/csrc/autograd/generated/python_variable_methods.cpp:820.)
  log(f"  [{arm} d{d} s{seed}] step {s} ce {float(ce):.3f} ct {float(tr):.3f} ({time.time()-t0:.0f}s)")
  [SBC d16 s1] step 0 ce 3.588 ct 0.000 (0s)
  [SBC d16 s1] step 400 ce 2.144 ct 0.000 (82s)
  [SBC d16 s1] step 800 ce 1.991 ct 0.000 (164s)
  [SBC d16 s1] step 1200 ce 2.061 ct 0.000 (244s)
  [SBC d16 s1] step 1600 ce 1.958 ct 0.000 (325s)
  [SBC d16 s1] step 1999 ce 1.787 ct 0.000 (411s)
[p50 SBC d16 s1] params 5114 in 0.797 len 0.859 cnt 0.576 both 0.635 far 0.620 | CF exact/stable 0.781/0.859
  [SBC d32 s1] step 0 ce 3.591 ct 0.000 (0s)
  [SBC d32 s1] step 400 ce 1.884 ct 0.000 (89s)
  [SBC d32 s1] step 800 ce 1.628 ct 0.000 (178s)
  [SBC d32 s1] step 1200 ce 1.787 ct 0.000 (263s)
  [SBC d32 s1] step 1600 ce 1.617 ct 0.000 (348s)
  [SBC d32 s1] step 1999 ce 1.574 ct 0.000 (444s)
[p50 SBC d32 s1] params 15786 in 0.982 len 0.982 cnt 0.792 both 0.776 far 0.771 | CF exact/stable 0.988/1.000
  [SBC d64 s1] step 0 ce 3.598 ct 0.000 (0s)
  [SBC d64 s1] step 400 ce 2.039 ct 0.000 (97s)
  [SBC d64 s1] step 800 ce 1.679 ct 0.000 (198s)
  [SBC d64 s1] step 1200 ce 1.955 ct 0.000 (296s)
  [SBC d64 s1] step 1600 ce 1.636 ct 0.000 (404s)
  [SBC d64 s1] step 1999 ce 1.569 ct 0.000 (508s)
[p50 SBC d64 s1] params 54026 in 0.901 len 0.953 cnt 0.716 both 0.750 far 0.698 | CF exact/stable 0.883/0.898
  [SBCCT d16 s1] step 0 ce 3.588 ct 0.002 (0s)
  [SBCCT d16 s1] step 400 ce 2.211 ct 0.136 (90s)
  [SBCCT d16 s1] step 800 ce 2.040 ct 0.256 (178s)
  [SBCCT d16 s1] step 1200 ce 2.127 ct 0.181 (263s)
  [SBCCT d16 s1] step 1600 ce 1.965 ct 0.088 (349s)
  [SBCCT d16 s1] step 1999 ce 1.852 ct 0.154 (433s)
[p50 SBCCT d16 s1] params 5114 in 0.833 len 0.878 cnt 0.602 both 0.583 far 0.615 | CF exact/stable 0.832/0.883
  [SBCCT d32 s1] step 0 ce 3.591 ct 0.002 (0s)
  [SBCCT d32 s1] step 400 ce 1.908 ct 0.183 (86s)
  [SBCCT d32 s1] step 800 ce 1.613 ct 0.090 (172s)
  [SBCCT d32 s1] step 1200 ce 1.811 ct 0.032 (257s)
  [SBCCT d32 s1] step 1600 ce 1.628 ct 0.003 (342s)
  [SBCCT d32 s1] step 1999 ce 1.572 ct 0.003 (436s)
[p50 SBCCT d32 s1] params 15786 in 0.977 len 0.984 cnt 0.836 both 0.849 far 0.807 | CF exact/stable 0.977/0.992
  [SBCCT d64 s1] step 0 ce 3.598 ct 0.002 (0s)
  [SBCCT d64 s1] step 400 ce 1.974 ct 0.271 (104s)
  [SBCCT d64 s1] step 800 ce 1.704 ct 0.101 (207s)
  [SBCCT d64 s1] step 1200 ce 2.021 ct 0.111 (300s)
  [SBCCT d64 s1] step 1600 ce 1.752 ct 0.051 (394s)
  [SBCCT d64 s1] step 1999 ce 1.670 ct 0.031 (497s)
[p50 SBCCT d64 s1] params 54026 in 0.833 len 0.901 cnt 0.661 both 0.706 far 0.729 | CF exact/stable 0.859/0.914
[P50] slopes {"TF_in": -0.0819, "TF_len": -0.0015, "TF_cnt": -0.0032, "TF_both": 0.0194, "TF_far": 0.0151, "TF_cf_exact": -0.1244, "TFCT_in": 0.0736, "TFCT_len": 0.0487, "TFCT_cnt": 0.1109, "TFCT_both": 0.0578, "TFCT_far": 0.0308, "TFCT_cf_exact": 0.0945, "SBC_in": 0.0295, "SBC_len": 0.0269, "SBC_cnt": 0.0401, "SBC_both": 0.033, "SBC_far": 0.022, "SBC_cf_exact": 0.0285, "SBCCT_in": -0.0012, "SBCCT_len": 0.0061, "SBCCT_cnt": 0.0158, "SBCCT_both": 0.0342, "SBCCT_far": 0.0325, "SBCCT_cf_exact": 0.0069}
[P50] DONE
