RESULT {"tag": "ARC2-C7-VERIFY", "score": "35/35", "items": {"T1-1": "PASS", "T1-2": "PASS", "T1-3": "PASS", "T1-4": "PASS", "T1-5": "PASS", "T1-6": "PASS", "T2-1": "PASS", "T2-2": "PASS", "T2-3": "PASS", "T2-4": "PASS", "T3-1": "PASS", "T3-2": "PASS", "T3-3": "PASS", "T3-4": "PASS", "T3-5": "PASS", "T4-1": "PASS", "T4-2": "PASS", "T4-3": "PASS", "T4-4": "PASS", "T5-1": "PASS", "T5-2": "PASS", "T5-3": "PASS", "T5-4": "PASS", "T6-1": "PASS", "T6-2": "PASS", "T6-3": "PASS", "T7-1": "PASS", "T7-2": "PASS", "T7-3": "PASS", "T8-1": "PASS", "T8-2": "PASS", "T8-3": "PASS", "T9-1": "PASS", "T9-2": "PASS", "T9-3": "PASS"}, "wall_s": 2.1}
[audit] CLEAN
[repro] re-scoring unified 5-expert system from checkpoints, seeds 111..1010 (gate GK reused)
[p36] s111 GK loaded from checkpoint (re-score mode)
[p36 K=SBK4 C=F s111] bars=6/6 {'pair': 0.8585, 'modk': 1.0, 'ratio': 0.596, 'dyck_d12': 0.9838, 'mqar_routed': {'n4': 1.0, 'n8': 1.0}, 'mqar_K_alone': {'n4': 1.0, 'n8': 1.0}} identity=0.9962 Kshare=0.9192 text 2.5081/2.5081 params 116858
[p36] s222 GK loaded from checkpoint (re-score mode)
[p36 K=SBK4 C=F s222] bars=6/6 {'pair': 0.8774, 'modk': 1.0, 'ratio': 0.503, 'dyck_d12': 0.9496, 'mqar_routed': {'n4': 1.0, 'n8': 1.0}, 'mqar_K_alone': {'n4': 1.0, 'n8': 1.0}} identity=1.0 Kshare=0.9207 text 2.4997/2.4997 params 116858
[p36] s333 GK loaded from checkpoint (re-score mode)
[p36 K=SBK4 C=F s333] bars=6/6 {'pair': 0.8585, 'modk': 1.0, 'ratio': 0.443, 'dyck_d12': 0.9728, 'mqar_routed': {'n4': 1.0, 'n8': 1.0}, 'mqar_K_alone': {'n4': 1.0, 'n8': 1.0}} identity=1.0 Kshare=0.9219 text 2.485/2.485 params 116858
[p36] s444 GK loaded from checkpoint (re-score mode)
[p36 K=SBK4 C=F s444] bars=6/6 {'pair': 0.9151, 'modk': 1.0, 'ratio': 0.546, 'dyck_d12': 0.9836, 'mqar_routed': {'n4': 1.0, 'n8': 1.0}, 'mqar_K_alone': {'n4': 1.0, 'n8': 1.0}} identity=0.998 Kshare=0.96 text 2.5207/2.5207 params 116858
[p36] s555 GK loaded from checkpoint (re-score mode)
[p36 K=SBK4 C=F s555] bars=6/6 {'pair': 0.8302, 'modk': 1.0, 'ratio': 0.504, 'dyck_d12': 0.9752, 'mqar_routed': {'n4': 1.0, 'n8': 1.0}, 'mqar_K_alone': {'n4': 1.0, 'n8': 1.0}} identity=1.0 Kshare=0.9612 text 2.4965/2.4965 params 116858
[p36] s666 GK loaded from checkpoint (re-score mode)
[p36 K=SBK4 C=F s666] bars=6/6 {'pair': 0.934, 'modk': 1.0, 'ratio': 0.433, 'dyck_d12': 0.9459, 'mqar_routed': {'n4': 1.0, 'n8': 1.0}, 'mqar_K_alone': {'n4': 1.0, 'n8': 1.0}} identity=0.9982 Kshare=0.9036 text 2.4848/2.4848 params 116858
[p36] s777 GK loaded from checkpoint (re-score mode)
[p36 K=SBK4 C=F s777] bars=6/6 {'pair': 0.934, 'modk': 1.0, 'ratio': 0.469, 'dyck_d12': 0.969, 'mqar_routed': {'n4': 1.0, 'n8': 1.0}, 'mqar_K_alone': {'n4': 1.0, 'n8': 1.0}} identity=1.0 Kshare=0.8867 text 2.467/2.467 params 116858
[p36] s888 GK loaded from checkpoint (re-score mode)
[p36 K=SBK4 C=F s888] bars=6/6 {'pair': 0.8491, 'modk': 1.0, 'ratio': 0.528, 'dyck_d12': 0.9845, 'mqar_routed': {'n4': 1.0, 'n8': 1.0}, 'mqar_K_alone': {'n4': 1.0, 'n8': 1.0}} identity=0.9977 Kshare=0.9385 text 2.4811/2.4811 params 116858
[p36] s999 GK loaded from checkpoint (re-score mode)
[p36 K=SBK4 C=F s999] bars=6/6 {'pair': 0.8491, 'modk': 1.0, 'ratio': 0.454, 'dyck_d12': 0.944, 'mqar_routed': {'n4': 1.0, 'n8': 1.0}, 'mqar_K_alone': {'n4': 1.0, 'n8': 1.0}} identity=1.0 Kshare=0.9458 text 2.509/2.509 params 116858
[p36] s1010 GK loaded from checkpoint (re-score mode)
[p36 K=SBK4 C=F s1010] bars=6/6 {'pair': 0.9811, 'modk': 1.0, 'ratio': 0.514, 'dyck_d12': 0.9726, 'mqar_routed': {'n4': 1.0, 'n8': 1.0}, 'mqar_K_alone': {'n4': 1.0, 'n8': 1.0}} identity=0.998 Kshare=0.9614 text 2.5565/2.5565 params 116858
