[setup] sram-icl cfg={'steps': 2500, 'batch': 32, 'train_len': 64, 'eval_lens': [64, 512, 2048, 4096], 'eval_reps': 2, 'd_model': 16}
[run] sram organ + host params=4353
  [sram s0] step 500/2500 CE 2.0644 (32s)
  [sram s0] step 1000/2500 CE 1.9990 (64s)
  [sram s0] step 1500/2500 CE 1.9917 (98s)
  [sram s0] step 2000/2500 CE 2.1357 (130s)
  [sram s0] step 2500/2500 CE 1.9824 (162s)
  [sram s0] {'L64': (0.1824, 0.2237), 'L512': (0.0468, 0.0277), 'L2048': (0.0246, 0.0202), 'L4096': (0.0217, 0.027), 'params': 4353}
  [sram s1] step 500/2500 CE 2.0427 (32s)
  [sram s1] step 1000/2500 CE 1.9657 (63s)
  [sram s1] step 1500/2500 CE 1.9786 (95s)
  [sram s1] step 2000/2500 CE 1.9853 (128s)
  [sram s1] step 2500/2500 CE 1.9998 (160s)
  [sram s1] {'L64': (0.1994, 0.2799), 'L512': (0.0744, 0.0611), 'L2048': (0.0525, 0.119), 'L4096': (0.0496, 0.0218), 'params': 4353}

====================================================================================
SRAM-ORGAN ICL  dCE nats/token (0 = oracle) | target CE (ln16 = 2.773)
  reference failures (documented, icl_micro/10k): ssm_d16 2.74-2.81,
  ssm_d64 2.77-2.80, tf_rope 2.70-4.63, TF_STRONG 796k@10k: not run on ICL
====================================================================================
run       L64 (total|target)        L512 (total|target)       L2048 (total|target)      L4096 (total|target)      
sram_s0   (0.1824, 0.2237)          (0.0468, 0.0277)          (0.0246, 0.0202)          (0.0217, 0.027)           
sram_s1   (0.1994, 0.2799)          (0.0744, 0.0611)          (0.0525, 0.119)           (0.0496, 0.0218)          
====================================================================================
RESULT {"tag": "ARC2-C12-SRAM-ORGAN-ICL", "runs": {"sram_s0": {"L64": [0.1824, 0.2237], "L512": [0.0468, 0.0277], "L2048": [0.0246, 0.0202], "L4096": [0.0217, 0.027], "params": 4353}, "sram_s1": {"L64": [0.1994, 0.2799], "L512": [0.0744, 0.0611], "L2048": [0.0525, 0.119], "L4096": [0.0496, 0.0218], "params": 4353}}, "note": "total_dce | target_dCE per length; ln16=2.773 = random", "wall_s": 326.9, "peak_mb": 664.6}
DONE
