[setup] linattn_host cfg={'steps': 2500, 'batch': 32, 'train_len': 64, 'eval_lens': [64, 512, 2048, 4096], 'eval_reps': 2, 'd_model': 64, 'n_layers': 2, 'k': 12, 'd_slot': 16}
[run] ssm_d64_2 params=85083 (elapsed 0.0min)
  [ssm_d64_2-s0] step 500/2500 CE 1.1414 (26s)
  [ssm_d64_2-s0] step 1000/2500 CE 1.1441 (53s)
  [ssm_d64_2-s0] step 1500/2500 CE 1.1380 (79s)
  [ssm_d64_2-s0] step 2000/2500 CE 1.1464 (105s)
  [ssm_d64_2-s0] step 2500/2500 CE 1.1356 (132s)
[run] ssm_d32_2 params=22075 (elapsed 2.2min)
  [ssm_d32_2-s0] step 500/2500 CE 1.1442 (16s)
  [ssm_d32_2-s0] step 1000/2500 CE 1.1426 (31s)
  [ssm_d32_2-s0] step 1500/2500 CE 1.1375 (46s)
  [ssm_d32_2-s0] step 2000/2500 CE 1.1184 (61s)
  [ssm_d32_2-s0] step 2500/2500 CE 1.1012 (76s)
[run] ssm_d16_2 params=5931 (elapsed 3.5min)
  [ssm_d16_2-s0] step 500/2500 CE 1.1442 (12s)
  [ssm_d16_2-s0] step 1000/2500 CE 1.1453 (24s)
  [ssm_d16_2-s0] step 1500/2500 CE 1.1377 (36s)
  [ssm_d16_2-s0] step 2000/2500 CE 1.1482 (48s)
  [ssm_d16_2-s0] step 2500/2500 CE 1.1351 (60s)
[run] ssm_d16_1 params=3211 (elapsed 4.5min)
  [ssm_d16_1-s0] step 500/2500 CE 1.1440 (7s)
  [ssm_d16_1-s0] step 1000/2500 CE 1.1439 (14s)
  [ssm_d16_1-s0] step 1500/2500 CE 1.1395 (21s)
  [ssm_d16_1-s0] step 2000/2500 CE 1.1474 (28s)
  [ssm_d16_1-s0] step 2500/2500 CE 1.1346 (35s)
[run] tf_rope params=101339 (fresh, same budget)
  [tf_rope-s0] step 500/2500 CE 1.0813 (25s)
  [tf_rope-s0] step 1000/2500 CE 1.0659 (50s)
  [tf_rope-s0] step 1500/2500 CE 1.0582 (75s)
  [tf_rope-s0] step 2000/2500 CE 1.0757 (101s)
  [tf_rope-s0] step 2500/2500 CE 1.0695 (126s)

====================================================================================================
RESULTS  dCE = excess CE over analytic oracle (nats/token; 0 = perfect)
====================================================================================================
run             dyck10@64    dyck10@512   dyck10@2048  dyck10@4096  mod7@64      mod7@512     mod7@2048    mod7@4096    
ssm_d64_2       0.1996       0.2226       0.2206       0.2226       0.0057       0.0044       0.0028       0.0029       
ssm_d32_2       0.1149       0.1493       0.1539       0.1603       0.0066       0.0041       0.0031       0.0033       
ssm_d16_2       0.2011       0.2245       0.2228       0.2243       0.0036       0.0028       0.0025       0.0025       
ssm_d16_1       0.2008       0.2239       0.2221       0.2238       0.0031       0.0025       0.0027       0.0025       
tf_rope         0.0226       0.5162       1.1467       1.5168       0.0078       0.0123       0.2276       0.8681       
====================================================================================================
Traceback (most recent call last):
  File "/home/user/TryArena/ssm_strip.py", line 362, in <module>
    beats = {f"{t}@{L}": (ALL["ssm"][f"{t}@{L}"] < ALL["tf_rope"][f"{t}@{L}"])
            ^^^^^^^^^^^^^^^^^^^^^^^^^^^^^^^^^^^^^^^^^^^^^^^^^^^^^^^^^^^^^^^^^^
  File "/home/user/TryArena/ssm_strip.py", line 362, in <dictcomp>
    beats = {f"{t}@{L}": (ALL["ssm"][f"{t}@{L}"] < ALL["tf_rope"][f"{t}@{L}"])
                          ~~~^^^^^^^
KeyError: 'ssm'
