[setup] unified-stable (machine v5, dual-gating) cfg={'steps': 12000, 'batch': 32, 'train_len': 63, 'ckpts': [3000, 6000, 9000, 12000], 'd_model': 16, 'KSTACK': 4096}
[setup] unified-add (machine v4) cfg={'steps': 12000, 'batch': 32, 'train_len': 63, 'ckpts': [3000, 9000], 'd_model': 16, 'KSTACK': 4096} VOCAB=75
[setup] unified-iso cfg={'steps': 20000, 'batch': 32, 'n_echo': 8, 'n_icl': 16, 'n_mod7': 8, 'train_len': 63, 'ckpt_step': 10000, 'd_model': 16, 'KSTACK': 4096}
[setup] unified cfg={'steps': 2500, 'batch': 32, 'n_echo': 12, 'n_icl': 10, 'n_mod7': 10, 'train_len': 63, 'eval_lens': [4096], 'eval_reps': 2, 'd_model': 16, 'KSTACK': 4096, 'p_rise': 0.9, 'p_fall': 0.02} VOCAB=45
[setup] dyck-echo cfg={'steps': 2500, 'batch': 32, 'train_len': 64, 'eval_lens': [64, 512, 2048, 4096], 'eval_reps': 2, 'd_model': 16, 'K': 4096, 'p_rise': 0.9, 'p_fall': 0.02}
[setup] linattn_host cfg={'steps': 2500, 'batch': 32, 'train_len': 64, 'eval_lens': [64, 512, 2048, 4096], 'eval_reps': 2, 'd_model': 64, 'n_layers': 2, 'k': 12, 'd_slot': 16}
[setup] sram-icl cfg={'steps': 2500, 'batch': 32, 'train_len': 64, 'eval_lens': [64, 512, 2048, 4096], 'eval_reps': 2, 'd_model': 16}
[arm] machine v5 (dual-gating) params=21309
    [v5] checkpoint at step 3000
  [v5 s0] step 3000/12000 lm 1.6520 rt 0.0001 head_gates [2.058342695236206, 1.6876235008239746, 2.141071081161499, 1.9494091272354126] (129s)
    [v5] checkpoint at step 6000
  [v5 s0] step 6000/12000 lm 1.5701 rt 0.0000 head_gates [2.1313822269439697, 1.7642749547958374, 2.2862913608551025, 1.9760230779647827] (257s)
    [v5] checkpoint at step 9000
  [v5 s0] step 9000/12000 lm 1.5523 rt 0.0000 head_gates [2.1619114875793457, 1.7791547775268555, 2.3005211353302, 1.9609283208847046] (386s)
    [v5] checkpoint at step 12000
  [v5 s0] step 12000/12000 lm 1.5451 rt 0.0000 head_gates [2.169079065322876, 1.700278639793396, 2.509971857070923, 1.9247297048568726] (517s)
[v5] trained in 517s
[eval] checkpoints @4096 (+ ICL target @16384 probe):
/home/user/TryArena/unified_stable.py:208: UserWarning: Converting a tensor with requires_grad=True to a scalar may lead to unexpected behavior.
Consider using tensor.detach() first. (Triggered internally at /__w/pytorch/pytorch/torch/csrc/autograd/generated/python_variable_methods.cpp:822.)
  "head_gates": [round(float(v), 3) for v in torch.exp(model.head_gate)],
  v5_3k: {'echo': (-0.2912, 1.0), 'icl': (0.0401, 0.0202, 1.0), 'mod7': (0.0023, 1.0), 'add': (0.1166, 1.0), 'icl_t16384': 0.0229, 'head_gates': [2.058, 1.688, 2.141, 1.949], 'organ_gate': 17.98}
  v5_6k: {'echo': (-0.3131, 1.0), 'icl': (0.0085, 0.0013, 1.0), 'mod7': (0.0035, 1.0), 'add': (0.035, 1.0), 'icl_t16384': 0.0, 'head_gates': [2.131, 1.764, 2.286, 1.976], 'organ_gate': 25.703}
  v5_9k: {'echo': (-0.3116, 1.0), 'icl': (0.007, 0.0001, 1.0), 'mod7': (0.0067, 1.0), 'add': (0.0172, 1.0), 'icl_t16384': 0.0, 'head_gates': [2.162, 1.779, 2.301, 1.961], 'organ_gate': 27.182}
  v5_12k: {'echo': (-0.3153, 1.0), 'icl': (0.0051, 0.0002, 1.0), 'mod7': (0.0034, 1.0), 'add': (0.0095, 1.0), 'icl_t16384': 0.0004, 'head_gates': [2.169, 1.7, 2.51, 1.925], 'organ_gate': 30.66}

====================================================================================================
MACHINE v5 DUAL-GATING — ICL target CE trajectory (v4 ref: 0.0228/0.0021/
0.1972 at 3k/9k/final; v4 final @16384 = 1.6329 vs 9k = 0.0025)
SUCCESS: (i) icl target @4096 <= 0.05 at 6k/9k/12k; (ii) @16384 within
3x of @4096 at every ckpt; (iii) echo <= -0.25, mod7 <= 0.01, add <= 0.02.
====================================================================================================
v5_3k   icl4096 (0.0401, 0.0202, 1.0)  icl16384 0.0229  echo (-0.2912, 1.0)  mod7 (0.0023, 1.0)  add (0.1166, 1.0)  head_gates [2.058, 1.688, 2.141, 1.949] og 17.98
v5_6k   icl4096 (0.0085, 0.0013, 1.0)  icl16384 0.0  echo (-0.3131, 1.0)  mod7 (0.0035, 1.0)  add (0.035, 1.0)  head_gates [2.131, 1.764, 2.286, 1.976] og 25.703
v5_9k   icl4096 (0.007, 0.0001, 1.0)  icl16384 0.0  echo (-0.3116, 1.0)  mod7 (0.0067, 1.0)  add (0.0172, 1.0)  head_gates [2.162, 1.779, 2.301, 1.961] og 27.182
v5_12k  icl4096 (0.0051, 0.0002, 1.0)  icl16384 0.0004  echo (-0.3153, 1.0)  mod7 (0.0034, 1.0)  add (0.0095, 1.0)  head_gates [2.169, 1.7, 2.51, 1.925] og 30.66
====================================================================================================
RESULT {"tag": "ARC2-C17-MACHINE-V5-DUAL-GATING", "runs": {"v5_3k": {"echo": [-0.2912, 1.0], "icl": [0.0401, 0.0202, 1.0], "mod7": [0.0023, 1.0], "add": [0.1166, 1.0], "icl_t16384": 0.0229, "head_gates": [2.058, 1.688, 2.141, 1.949], "organ_gate": 17.98}, "v5_6k": {"echo": [-0.3131, 1.0], "icl": [0.0085, 0.0013, 1.0], "mod7": [0.0035, 1.0], "add": [0.035, 1.0], "icl_t16384": 0.0, "head_gates": [2.131, 1.764, 2.286, 1.976], "organ_gate": 25.703}, "v5_9k": {"echo": [-0.3116, 1.0], "icl": [0.007, 0.0001, 1.0], "mod7": [0.0067, 1.0], "add": [0.0172, 1.0], "icl_t16384": 0.0, "head_gates": [2.162, 1.779, 2.301, 1.961], "organ_gate": 27.182}, "v5_12k": {"echo": [-0.3153, 1.0], "icl": [0.0051, 0.0002, 1.0], "mod7": [0.0034, 1.0], "add": [0.0095, 1.0], "icl_t16384": 0.0004, "head_gates": [2.169, 1.7, 2.51, 1.925], "organ_gate": 30.66}}, "wall_s": 532.7, "peak_mb": 707.5}
DONE
