[setup] unified cfg={'steps': 10000, 'batch': 32, 'n_echo': 8, 'n_icl': 16, 'n_mod7': 8, 'train_len': 63, 'eval_lens': [4096], 'eval_reps': 2, 'd_model': 16, 'KSTACK': 4096, 'p_rise': 0.9, 'p_fall': 0.02} VOCAB=45
[setup] dyck-echo cfg={'steps': 2500, 'batch': 32, 'train_len': 64, 'eval_lens': [64, 512, 2048, 4096], 'eval_reps': 2, 'd_model': 16, 'K': 4096, 'p_rise': 0.9, 'p_fall': 0.02}
[setup] linattn_host cfg={'steps': 2500, 'batch': 32, 'train_len': 64, 'eval_lens': [64, 512, 2048, 4096], 'eval_reps': 2, 'd_model': 64, 'n_layers': 2, 'k': 12, 'd_slot': 16}
[setup] sram-icl cfg={'steps': 2500, 'batch': 32, 'train_len': 64, 'eval_lens': [64, 512, 2048, 4096], 'eval_reps': 2, 'd_model': 16}
[arm] unified (host + stack + sram + router) params=6197
  [uni s0] step 500/10000 lm 1.7840 rt 0.0001 (52s)
  [uni s0] step 1000/10000 lm 1.7127 rt 0.0000 (105s)
  [uni s0] step 1500/10000 lm 1.6738 rt 0.0000 (157s)
  [uni s0] step 2000/10000 lm 1.6283 rt 0.0000 (209s)
  [uni s0] step 2500/10000 lm 1.5996 rt 0.0000 (261s)
  [uni s0] step 3000/10000 lm 1.5480 rt 0.0000 (313s)
  [uni s0] step 3500/10000 lm 1.5265 rt 0.0000 (365s)
  [uni s0] step 4000/10000 lm 1.5255 rt 0.0000 (418s)
  [uni s0] step 4500/10000 lm 1.5195 rt 0.0000 (470s)
  [uni s0] step 5000/10000 lm 1.4923 rt 0.0000 (522s)
  [uni s0] step 5500/10000 lm 1.4921 rt 0.0000 (572s)
  [uni s0] step 6000/10000 lm 1.5155 rt 0.0000 (622s)
  [uni s0] step 6500/10000 lm 1.5126 rt 0.0000 (674s)
  [uni s0] step 7000/10000 lm 1.4802 rt 0.0000 (726s)
  [uni s0] step 7500/10000 lm 1.4607 rt 0.0000 (775s)
  [uni s0] step 8000/10000 lm 1.4766 rt 0.0000 (823s)
  [uni s0] step 8500/10000 lm 1.4682 rt 0.0000 (872s)
  [uni s0] step 9000/10000 lm 1.4705 rt 0.0000 (920s)
  [uni s0] step 9500/10000 lm 1.4788 rt 0.0000 (969s)
  [uni s0] step 10000/10000 lm 1.4483 rt 0.0000 (1018s)
  {'echo': (-0.3019, 1.0), 'icl': (0.1771, 0.2057, 1.0), 'mod7': (0.0113, 1.0), 'params': 6197}
/home/user/TryArena/unified_10k.py:262: UserWarning: enable_nested_tensor is True, but self.use_nested_tensor is False because encoder_layer.norm_first was True
  self.enc = nn.TransformerEncoder(layer, n_layers)
[arm] micro TF (protocol baseline) params=102893
  [tf] step 1000/10000 CE 1.8371 (45s)
  [tf] step 2000/10000 CE 1.8319 (91s)
  [tf] step 3000/10000 CE 1.8343 (135s)
  [tf] step 4000/10000 CE 1.8379 (177s)
  [tf] step 5000/10000 CE 1.8268 (221s)
  [tf] step 6000/10000 CE 1.8305 (264s)
  [tf] step 7000/10000 CE 1.8268 (307s)
  [tf] step 8000/10000 CE 1.8337 (351s)
  [tf] step 9000/10000 CE 1.8199 (394s)
  [tf] step 10000/10000 CE 1.8307 (441s)
  {'echo': (10.1735, 9.8558), 'icl': (4.4991, 2.7778), 'mod7': (7.2747, 7.168), 'params': 102893}

====================================================================================
UNIFIED MACHINE @4096 (dCE per task; echo standalone cert 0.0106, icl
target cert 0.022-0.027, mod7 cert 0.0025-0.0071) | icl = total|target
====================================================================================
unified_s0   params 6197    echo (-0.3019, 1.0)  icl (0.1771, 0.2057, 1.0)  mod7 (0.0113, 1.0)
micro_tf     params 102893  echo (10.1735, 9.8558)  icl (4.4991, 2.7778)  mod7 (7.2747, 7.168)
====================================================================================
RESULT {"tag": "ARC2-C13-UNIFIED-10K", "runs": {"unified_s0": {"echo": [-0.3019, 1.0], "icl": [0.1771, 0.2057, 1.0], "mod7": [0.0113, 1.0], "params": 6197}, "micro_tf": {"echo": [10.1735, 9.8558], "icl": [4.4991, 2.7778], "mod7": [7.2747, 7.168], "params": 102893}}, "wall_s": 1472.7, "peak_mb": 1350.6}
DONE
