arch_vet_lm.py:452: UserWarning: Converting a tensor with requires_grad=True to a scalar may lead to unexpected behavior.
Consider using tensor.detach() first. (Triggered internally at /__w/pytorch/pytorch/torch/csrc/autograd/generated/python_variable_methods.cpp:820.)
  hist.append((step, round(float(loss), 4)))
  [P21-A-vanilla-s999] step 250/4000 loss 1.4991 (134s)
  [P21-A-vanilla-s999] step 500/4000 loss 1.4001 (260s)
  [P21-A-vanilla-s999] step 750/4000 loss 1.3693 (391s)
  [P21-A-vanilla-s999] step 1000/4000 loss 1.2912 (524s)
  [P21-A-vanilla-s999] step 1250/4000 loss 1.2966 (654s)
  [P21-A-vanilla-s999] step 1500/4000 loss 1.1745 (788s)
  [P21-A-vanilla-s999] step 1750/4000 loss 1.1808 (927s)
  [P21-A-vanilla-s999] step 2000/4000 loss 1.1641 (1089s)
  [P21-A-vanilla-s999] step 2250/4000 loss 1.1778 (1221s)
  [P21-A-vanilla-s999] step 2500/4000 loss 1.2798 (1357s)
  [P21-A-vanilla-s999] step 2750/4000 loss 1.2077 (1488s)
  [P21-A-vanilla-s999] step 3000/4000 loss 1.2450 (1629s)
  [P21-A-vanilla-s999] step 3250/4000 loss 1.1015 (1770s)
  [P21-A-vanilla-s999] step 3500/4000 loss 1.1810 (1908s)
  [P21-A-vanilla-s999] step 3750/4000 loss 1.2307 (2053s)
  [P21-A-vanilla-s999] step 4000/4000 loss 1.1180 (2235s)
[p21 train] /home/user/TryArena/p21_ckpt/A_s999.pt in 2236s params=21257
