arch_vet_lm.py:452: UserWarning: Converting a tensor with requires_grad=True to a scalar may lead to unexpected behavior.
Consider using tensor.detach() first. (Triggered internally at /__w/pytorch/pytorch/torch/csrc/autograd/generated/python_variable_methods.cpp:820.)
  hist.append((step, round(float(loss), 4)))
  [P21-A-vanilla-s666] step 250/4000 loss 1.5033 (140s)
  [P21-A-vanilla-s666] step 500/4000 loss 1.3894 (285s)
  [P21-A-vanilla-s666] step 750/4000 loss 1.3893 (423s)
  [P21-A-vanilla-s666] step 1000/4000 loss 1.3237 (563s)
  [P21-A-vanilla-s666] step 1250/4000 loss 1.2953 (725s)
  [P21-A-vanilla-s666] step 1500/4000 loss 1.1773 (888s)
  [P21-A-vanilla-s666] step 1750/4000 loss 1.1774 (1047s)
  [P21-A-vanilla-s666] step 2000/4000 loss 1.1691 (1188s)
  [P21-A-vanilla-s666] step 2250/4000 loss 1.1803 (1343s)
  [P21-A-vanilla-s666] step 2500/4000 loss 1.2787 (1484s)
  [P21-A-vanilla-s666] step 2750/4000 loss 1.2114 (1623s)
  [P21-A-vanilla-s666] step 3000/4000 loss 1.2432 (1762s)
  [P21-A-vanilla-s666] step 3250/4000 loss 1.1097 (1893s)
  [P21-A-vanilla-s666] step 3500/4000 loss 1.1784 (2025s)
  [P21-A-vanilla-s666] step 3750/4000 loss 1.2358 (2153s)
  [P21-A-vanilla-s666] step 4000/4000 loss 1.1189 (2280s)
[p21 train] /home/user/TryArena/p21_ckpt/A_s666.pt in 2281s params=21257
