arch_vet_lm.py:452: UserWarning: Converting a tensor with requires_grad=True to a scalar may lead to unexpected behavior.
Consider using tensor.detach() first. (Triggered internally at /__w/pytorch/pytorch/torch/csrc/autograd/generated/python_variable_methods.cpp:820.)
  hist.append((step, round(float(loss), 4)))
  [P21-A-vanilla-s888] step 250/4000 loss 1.4901 (168s)
  [P21-A-vanilla-s888] step 500/4000 loss 1.4142 (336s)
  [P21-A-vanilla-s888] step 750/4000 loss 1.3943 (489s)
  [P21-A-vanilla-s888] step 1000/4000 loss 1.3259 (633s)
  [P21-A-vanilla-s888] step 1250/4000 loss 1.3164 (764s)
  [P21-A-vanilla-s888] step 1500/4000 loss 1.1871 (893s)
  [P21-A-vanilla-s888] step 1750/4000 loss 1.1789 (1020s)
  [P21-A-vanilla-s888] step 2000/4000 loss 1.1738 (1149s)
  [P21-A-vanilla-s888] step 2250/4000 loss 1.1775 (1276s)
  [P21-A-vanilla-s888] step 2500/4000 loss 1.2743 (1409s)
  [P21-A-vanilla-s888] step 2750/4000 loss 1.2061 (1539s)
  [P21-A-vanilla-s888] step 3000/4000 loss 1.2391 (1665s)
  [P21-A-vanilla-s888] step 3250/4000 loss 1.1063 (1798s)
  [P21-A-vanilla-s888] step 3500/4000 loss 1.1837 (1929s)
  [P21-A-vanilla-s888] step 3750/4000 loss 1.2305 (2063s)
  [P21-A-vanilla-s888] step 4000/4000 loss 1.1191 (2191s)
[p21 train] /home/user/TryArena/p21_ckpt/A_s888.pt in 2192s params=21257
