arch_vet_lm.py:452: UserWarning: Converting a tensor with requires_grad=True to a scalar may lead to unexpected behavior.
Consider using tensor.detach() first. (Triggered internally at /__w/pytorch/pytorch/torch/csrc/autograd/generated/python_variable_methods.cpp:820.)
  hist.append((step, round(float(loss), 4)))
  [P21-A-vanilla-s777] step 250/4000 loss 1.4865 (133s)
  [P21-A-vanilla-s777] step 500/4000 loss 1.3761 (278s)
  [P21-A-vanilla-s777] step 750/4000 loss 1.3688 (409s)
  [P21-A-vanilla-s777] step 1000/4000 loss 1.2944 (540s)
  [P21-A-vanilla-s777] step 1250/4000 loss 1.2978 (672s)
  [P21-A-vanilla-s777] step 1500/4000 loss 1.1733 (800s)
  [P21-A-vanilla-s777] step 1750/4000 loss 1.1799 (928s)
  [P21-A-vanilla-s777] step 2000/4000 loss 1.1695 (1055s)
  [P21-A-vanilla-s777] step 2250/4000 loss 1.1761 (1183s)
  [P21-A-vanilla-s777] step 2500/4000 loss 1.2732 (1318s)
  [P21-A-vanilla-s777] step 2750/4000 loss 1.2082 (1447s)
  [P21-A-vanilla-s777] step 3000/4000 loss 1.2430 (1578s)
  [P21-A-vanilla-s777] step 3250/4000 loss 1.1052 (1731s)
  [P21-A-vanilla-s777] step 3500/4000 loss 1.1863 (1877s)
  [P21-A-vanilla-s777] step 3750/4000 loss 1.2230 (2013s)
  [P21-A-vanilla-s777] step 4000/4000 loss 1.1177 (2165s)
[p21 train] /home/user/TryArena/p21_ckpt/A_s777.pt in 2166s params=21257
