arch_vet_lm.py:452: UserWarning: Converting a tensor with requires_grad=True to a scalar may lead to unexpected behavior.
Consider using tensor.detach() first. (Triggered internally at /__w/pytorch/pytorch/torch/csrc/autograd/generated/python_variable_methods.cpp:820.)
  hist.append((step, round(float(loss), 4)))
  [P21-A-vanilla-s555] step 250/4000 loss 1.6236 (125s)
  [P21-A-vanilla-s555] step 500/4000 loss 1.4030 (250s)
  [P21-A-vanilla-s555] step 750/4000 loss 1.3800 (376s)
  [P21-A-vanilla-s555] step 1000/4000 loss 1.3233 (503s)
  [P21-A-vanilla-s555] step 1250/4000 loss 1.3308 (629s)
  [P21-A-vanilla-s555] step 1500/4000 loss 1.2000 (754s)
  [P21-A-vanilla-s555] step 1750/4000 loss 1.2013 (885s)
  [P21-A-vanilla-s555] step 2000/4000 loss 1.1875 (1015s)
  [P21-A-vanilla-s555] step 2250/4000 loss 1.1844 (1139s)
  [P21-A-vanilla-s555] step 2500/4000 loss 1.2753 (1264s)
  [P21-A-vanilla-s555] step 2750/4000 loss 1.2098 (1394s)
  [P21-A-vanilla-s555] step 3000/4000 loss 1.2451 (1526s)
  [P21-A-vanilla-s555] step 3250/4000 loss 1.1067 (1658s)
  [P21-A-vanilla-s555] step 3500/4000 loss 1.1796 (1795s)
  [P21-A-vanilla-s555] step 3750/4000 loss 1.2298 (1957s)
  [P21-A-vanilla-s555] step 4000/4000 loss 1.1175 (2090s)
[p21 train] /home/user/TryArena/p21_ckpt/A_s555.pt in 2091s params=21257
