arch_vet_lm.py:452: UserWarning: Converting a tensor with requires_grad=True to a scalar may lead to unexpected behavior.
Consider using tensor.detach() first. (Triggered internally at /__w/pytorch/pytorch/torch/csrc/autograd/generated/python_variable_methods.cpp:820.)
  hist.append((step, round(float(loss), 4)))
  [P21-A-vanilla-s444] step 250/4000 loss 1.4344 (125s)
  [P21-A-vanilla-s444] step 500/4000 loss 1.3919 (247s)
  [P21-A-vanilla-s444] step 750/4000 loss 1.3684 (368s)
  [P21-A-vanilla-s444] step 1000/4000 loss 1.3075 (491s)
  [P21-A-vanilla-s444] step 1250/4000 loss 1.2928 (612s)
  [P21-A-vanilla-s444] step 1500/4000 loss 1.1721 (733s)
  [P21-A-vanilla-s444] step 1750/4000 loss 1.1827 (858s)
  [P21-A-vanilla-s444] step 2000/4000 loss 1.1674 (984s)
  [P21-A-vanilla-s444] step 2250/4000 loss 1.1787 (1106s)
  [P21-A-vanilla-s444] step 2500/4000 loss 1.2746 (1229s)
  [P21-A-vanilla-s444] step 2750/4000 loss 1.2094 (1352s)
  [P21-A-vanilla-s444] step 3000/4000 loss 1.2440 (1475s)
  [P21-A-vanilla-s444] step 3250/4000 loss 1.1016 (1599s)
  [P21-A-vanilla-s444] step 3500/4000 loss 1.1814 (1722s)
  [P21-A-vanilla-s444] step 3750/4000 loss 1.2231 (1845s)
  [P21-A-vanilla-s444] step 4000/4000 loss 1.1193 (1970s)
[p21 train] /home/user/TryArena/p21_ckpt/A_s444.pt in 1972s params=21257
