arch_vet_lm.py:452: UserWarning: Converting a tensor with requires_grad=True to a scalar may lead to unexpected behavior.
Consider using tensor.detach() first. (Triggered internally at /__w/pytorch/pytorch/torch/csrc/autograd/generated/python_variable_methods.cpp:820.)
  hist.append((step, round(float(loss), 4)))
  [P21-A-vanilla-s1010] step 250/4000 loss 1.4559 (199s)
  [P21-A-vanilla-s1010] step 500/4000 loss 1.3821 (386s)
  [P21-A-vanilla-s1010] step 750/4000 loss 1.3839 (757s)
  [P21-A-vanilla-s1010] step 1000/4000 loss 1.3293 (1069s)
  [P21-A-vanilla-s1010] step 1250/4000 loss 1.3550 (1181s)
  [P21-A-vanilla-s1010] step 1500/4000 loss 1.2094 (1286s)
  [P21-A-vanilla-s1010] step 1750/4000 loss 1.1953 (1393s)
  [P21-A-vanilla-s1010] step 2000/4000 loss 1.1839 (1498s)
  [P21-A-vanilla-s1010] step 2250/4000 loss 1.1859 (1601s)
  [P21-A-vanilla-s1010] step 2500/4000 loss 1.2836 (1705s)
  [P21-A-vanilla-s1010] step 2750/4000 loss 1.2135 (1811s)
  [P21-A-vanilla-s1010] step 3000/4000 loss 1.2505 (1917s)
  [P21-A-vanilla-s1010] step 3250/4000 loss 1.1130 (2025s)
  [P21-A-vanilla-s1010] step 3500/4000 loss 1.1857 (2127s)
  [P21-A-vanilla-s1010] step 3750/4000 loss 1.2319 (2233s)
  [P21-A-vanilla-s1010] step 4000/4000 loss 1.1197 (2341s)
[p21 train] /home/user/TryArena/p21_ckpt/A_s1010.pt in 2342s params=21257
